../COTS/01 MCAL/03 EXTI/EXTI_program.c:19:7:EXTI0_voidInit	4	static
../COTS/01 MCAL/03 EXTI/EXTI_program.c:31:7:EXTI_voidEnableInt	16	static
../COTS/01 MCAL/03 EXTI/EXTI_program.c:35:7:EXTI_voidDisableInt	16	static
../COTS/01 MCAL/03 EXTI/EXTI_program.c:40:7:EXTI_voidEnableSWI	16	static
../COTS/01 MCAL/03 EXTI/EXTI_program.c:44:7:EXTI_voidChangeSenseMode	16	static
../COTS/01 MCAL/03 EXTI/EXTI_program.c:58:7:EXTI0_voidSetCallBack	16	static
../COTS/01 MCAL/03 EXTI/EXTI_program.c:66:6:EXTI0_IRQHandler	8	static
