../Drivers/01 MCAL/03 EXTI/EXTI_program.c:13:7:EXTI0_voidInit	8	static
../Drivers/01 MCAL/03 EXTI/EXTI_program.c:33:7:EXTI_voidInit	16	static
../Drivers/01 MCAL/03 EXTI/EXTI_program.c:252:7:EXTI_voidEnableInt	16	static
../Drivers/01 MCAL/03 EXTI/EXTI_program.c:256:7:EXTI_voidDisableInt	16	static
../Drivers/01 MCAL/03 EXTI/EXTI_program.c:261:7:EXTI_voidEnableSWI	16	static
../Drivers/01 MCAL/03 EXTI/EXTI_program.c:265:7:EXTI_voidChangeSenseMode	16	static
../Drivers/01 MCAL/03 EXTI/EXTI_program.c:303:7:EXTI_voidSetCallBack	16	static
../Drivers/01 MCAL/03 EXTI/EXTI_program.c:311:6:EXTI0_IRQHandler	8	static
../Drivers/01 MCAL/03 EXTI/EXTI_program.c:323:6:EXTI1_IRQHandler	8	static
../Drivers/01 MCAL/03 EXTI/EXTI_program.c:331:6:EXTI2_IRQHandler	8	static
../Drivers/01 MCAL/03 EXTI/EXTI_program.c:338:7:EXTI3_IRQHandler	8	static
../Drivers/01 MCAL/03 EXTI/EXTI_program.c:345:7:EXTI4_IRQHandler	8	static
../Drivers/01 MCAL/03 EXTI/EXTI_program.c:352:7:EXTI5_IRQHandler	8	static
../Drivers/01 MCAL/03 EXTI/EXTI_program.c:359:7:EXTI6_IRQHandler	8	static
../Drivers/01 MCAL/03 EXTI/EXTI_program.c:366:7:EXTI7_IRQHandler	8	static
../Drivers/01 MCAL/03 EXTI/EXTI_program.c:373:7:EXTI8_IRQHandler	8	static
../Drivers/01 MCAL/03 EXTI/EXTI_program.c:380:7:EXTI9_IRQHandler	8	static
../Drivers/01 MCAL/03 EXTI/EXTI_program.c:387:7:EXTI10_IRQHandler	8	static
../Drivers/01 MCAL/03 EXTI/EXTI_program.c:394:7:EXTI11_IRQHandler	8	static
../Drivers/01 MCAL/03 EXTI/EXTI_program.c:401:7:EXTI12_IRQHandler	8	static
../Drivers/01 MCAL/03 EXTI/EXTI_program.c:408:7:EXTI13_IRQHandler	8	static
../Drivers/01 MCAL/03 EXTI/EXTI_program.c:415:7:EXTI14_IRQHandler	8	static
../Drivers/01 MCAL/03 EXTI/EXTI_program.c:422:7:EXTI15_IRQHandler	8	static
../Drivers/01 MCAL/03 EXTI/EXTI_program.c:429:7:EXTI16_IRQHandler	8	static
