Archive member included to satisfy reference by file (symbol)

c:/st/stm32cubeide_1.12.1/stm32cubeide/plugins/com.st.stm32cube.ide.mcu.externaltools.gnu-tools-for-stm32.10.3-2021.10.win32_1.0.200.202301161003/tools/bin/../lib/gcc/arm-none-eabi/10.3.1/../../../../arm-none-eabi/lib/thumb/v7-m/nofp\libc_nano.a(lib_a-exit.o)
                              c:/st/stm32cubeide_1.12.1/stm32cubeide/plugins/com.st.stm32cube.ide.mcu.externaltools.gnu-tools-for-stm32.10.3-2021.10.win32_1.0.200.202301161003/tools/bin/../lib/gcc/arm-none-eabi/10.3.1/../../../../arm-none-eabi/lib/thumb/v7-m/nofp/crt0.o (exit)
c:/st/stm32cubeide_1.12.1/stm32cubeide/plugins/com.st.stm32cube.ide.mcu.externaltools.gnu-tools-for-stm32.10.3-2021.10.win32_1.0.200.202301161003/tools/bin/../lib/gcc/arm-none-eabi/10.3.1/../../../../arm-none-eabi/lib/thumb/v7-m/nofp\libc_nano.a(lib_a-impure.o)
                              c:/st/stm32cubeide_1.12.1/stm32cubeide/plugins/com.st.stm32cube.ide.mcu.externaltools.gnu-tools-for-stm32.10.3-2021.10.win32_1.0.200.202301161003/tools/bin/../lib/gcc/arm-none-eabi/10.3.1/../../../../arm-none-eabi/lib/thumb/v7-m/nofp\libc_nano.a(lib_a-exit.o) (_global_impure_ptr)
c:/st/stm32cubeide_1.12.1/stm32cubeide/plugins/com.st.stm32cube.ide.mcu.externaltools.gnu-tools-for-stm32.10.3-2021.10.win32_1.0.200.202301161003/tools/bin/../lib/gcc/arm-none-eabi/10.3.1/../../../../arm-none-eabi/lib/thumb/v7-m/nofp\libc_nano.a(lib_a-init.o)
                              c:/st/stm32cubeide_1.12.1/stm32cubeide/plugins/com.st.stm32cube.ide.mcu.externaltools.gnu-tools-for-stm32.10.3-2021.10.win32_1.0.200.202301161003/tools/bin/../lib/gcc/arm-none-eabi/10.3.1/../../../../arm-none-eabi/lib/thumb/v7-m/nofp/crt0.o (__libc_init_array)
c:/st/stm32cubeide_1.12.1/stm32cubeide/plugins/com.st.stm32cube.ide.mcu.externaltools.gnu-tools-for-stm32.10.3-2021.10.win32_1.0.200.202301161003/tools/bin/../lib/gcc/arm-none-eabi/10.3.1/../../../../arm-none-eabi/lib/thumb/v7-m/nofp\libc_nano.a(lib_a-memset.o)
                              c:/st/stm32cubeide_1.12.1/stm32cubeide/plugins/com.st.stm32cube.ide.mcu.externaltools.gnu-tools-for-stm32.10.3-2021.10.win32_1.0.200.202301161003/tools/bin/../lib/gcc/arm-none-eabi/10.3.1/../../../../arm-none-eabi/lib/thumb/v7-m/nofp/crt0.o (memset)
c:/st/stm32cubeide_1.12.1/stm32cubeide/plugins/com.st.stm32cube.ide.mcu.externaltools.gnu-tools-for-stm32.10.3-2021.10.win32_1.0.200.202301161003/tools/bin/../lib/gcc/arm-none-eabi/10.3.1/../../../../arm-none-eabi/lib/thumb/v7-m/nofp\libnosys.a(_exit.o)
                              c:/st/stm32cubeide_1.12.1/stm32cubeide/plugins/com.st.stm32cube.ide.mcu.externaltools.gnu-tools-for-stm32.10.3-2021.10.win32_1.0.200.202301161003/tools/bin/../lib/gcc/arm-none-eabi/10.3.1/../../../../arm-none-eabi/lib/thumb/v7-m/nofp\libc_nano.a(lib_a-exit.o) (_exit)

Discarded input sections

 .text          0x0000000000000000        0x0 c:/st/stm32cubeide_1.12.1/stm32cubeide/plugins/com.st.stm32cube.ide.mcu.externaltools.gnu-tools-for-stm32.10.3-2021.10.win32_1.0.200.202301161003/tools/bin/../lib/gcc/arm-none-eabi/10.3.1/thumb/v7-m/nofp/crti.o
 .data          0x0000000000000000        0x0 c:/st/stm32cubeide_1.12.1/stm32cubeide/plugins/com.st.stm32cube.ide.mcu.externaltools.gnu-tools-for-stm32.10.3-2021.10.win32_1.0.200.202301161003/tools/bin/../lib/gcc/arm-none-eabi/10.3.1/thumb/v7-m/nofp/crti.o
 .bss           0x0000000000000000        0x0 c:/st/stm32cubeide_1.12.1/stm32cubeide/plugins/com.st.stm32cube.ide.mcu.externaltools.gnu-tools-for-stm32.10.3-2021.10.win32_1.0.200.202301161003/tools/bin/../lib/gcc/arm-none-eabi/10.3.1/thumb/v7-m/nofp/crti.o
 .data          0x0000000000000000        0x4 c:/st/stm32cubeide_1.12.1/stm32cubeide/plugins/com.st.stm32cube.ide.mcu.externaltools.gnu-tools-for-stm32.10.3-2021.10.win32_1.0.200.202301161003/tools/bin/../lib/gcc/arm-none-eabi/10.3.1/thumb/v7-m/nofp/crtbegin.o
 .rodata        0x0000000000000000       0x24 c:/st/stm32cubeide_1.12.1/stm32cubeide/plugins/com.st.stm32cube.ide.mcu.externaltools.gnu-tools-for-stm32.10.3-2021.10.win32_1.0.200.202301161003/tools/bin/../lib/gcc/arm-none-eabi/10.3.1/thumb/v7-m/nofp/crtbegin.o
 .text          0x0000000000000000       0x7c c:/st/stm32cubeide_1.12.1/stm32cubeide/plugins/com.st.stm32cube.ide.mcu.externaltools.gnu-tools-for-stm32.10.3-2021.10.win32_1.0.200.202301161003/tools/bin/../lib/gcc/arm-none-eabi/10.3.1/../../../../arm-none-eabi/lib/thumb/v7-m/nofp/crt0.o
 .data          0x0000000000000000        0x0 c:/st/stm32cubeide_1.12.1/stm32cubeide/plugins/com.st.stm32cube.ide.mcu.externaltools.gnu-tools-for-stm32.10.3-2021.10.win32_1.0.200.202301161003/tools/bin/../lib/gcc/arm-none-eabi/10.3.1/../../../../arm-none-eabi/lib/thumb/v7-m/nofp/crt0.o
 .bss           0x0000000000000000        0x0 c:/st/stm32cubeide_1.12.1/stm32cubeide/plugins/com.st.stm32cube.ide.mcu.externaltools.gnu-tools-for-stm32.10.3-2021.10.win32_1.0.200.202301161003/tools/bin/../lib/gcc/arm-none-eabi/10.3.1/../../../../arm-none-eabi/lib/thumb/v7-m/nofp/crt0.o
 .ARM.extab     0x0000000000000000        0x0 c:/st/stm32cubeide_1.12.1/stm32cubeide/plugins/com.st.stm32cube.ide.mcu.externaltools.gnu-tools-for-stm32.10.3-2021.10.win32_1.0.200.202301161003/tools/bin/../lib/gcc/arm-none-eabi/10.3.1/../../../../arm-none-eabi/lib/thumb/v7-m/nofp/crt0.o
 .ARM.exidx     0x0000000000000000       0x10 c:/st/stm32cubeide_1.12.1/stm32cubeide/plugins/com.st.stm32cube.ide.mcu.externaltools.gnu-tools-for-stm32.10.3-2021.10.win32_1.0.200.202301161003/tools/bin/../lib/gcc/arm-none-eabi/10.3.1/../../../../arm-none-eabi/lib/thumb/v7-m/nofp/crt0.o
 .ARM.attributes
                0x0000000000000000       0x1b c:/st/stm32cubeide_1.12.1/stm32cubeide/plugins/com.st.stm32cube.ide.mcu.externaltools.gnu-tools-for-stm32.10.3-2021.10.win32_1.0.200.202301161003/tools/bin/../lib/gcc/arm-none-eabi/10.3.1/../../../../arm-none-eabi/lib/thumb/v7-m/nofp/crt0.o
 .group         0x0000000000000000        0xc ./COTS/01MCAL/00RCC/RCC_program.o
 .group         0x0000000000000000        0xc ./COTS/01MCAL/00RCC/RCC_program.o
 .group         0x0000000000000000        0xc ./COTS/01MCAL/00RCC/RCC_program.o
 .group         0x0000000000000000        0xc ./COTS/01MCAL/00RCC/RCC_program.o
 .group         0x0000000000000000        0xc ./COTS/01MCAL/00RCC/RCC_program.o
 .group         0x0000000000000000        0xc ./COTS/01MCAL/00RCC/RCC_program.o
 .text          0x0000000000000000        0x0 ./COTS/01MCAL/00RCC/RCC_program.o
 .data          0x0000000000000000        0x0 ./COTS/01MCAL/00RCC/RCC_program.o
 .bss           0x0000000000000000        0x0 ./COTS/01MCAL/00RCC/RCC_program.o
 .text.RCC_voidDisablePerClk
                0x0000000000000000       0x80 ./COTS/01MCAL/00RCC/RCC_program.o
 .group         0x0000000000000000        0xc ./COTS/01MCAL/01GPIO/GPIO_program.o
 .group         0x0000000000000000        0xc ./COTS/01MCAL/01GPIO/GPIO_program.o
 .group         0x0000000000000000        0xc ./COTS/01MCAL/01GPIO/GPIO_program.o
 .group         0x0000000000000000        0xc ./COTS/01MCAL/01GPIO/GPIO_program.o
 .group         0x0000000000000000        0xc ./COTS/01MCAL/01GPIO/GPIO_program.o
 .group         0x0000000000000000        0xc ./COTS/01MCAL/01GPIO/GPIO_program.o
 .text          0x0000000000000000        0x0 ./COTS/01MCAL/01GPIO/GPIO_program.o
 .data          0x0000000000000000        0x0 ./COTS/01MCAL/01GPIO/GPIO_program.o
 .bss           0x0000000000000000        0x0 ./COTS/01MCAL/01GPIO/GPIO_program.o
 .text.GPIO_voidTogPinValue
                0x0000000000000000       0x8c ./COTS/01MCAL/01GPIO/GPIO_program.o
 .text.GPIO_voidWriteValue
                0x0000000000000000       0x88 ./COTS/01MCAL/01GPIO/GPIO_program.o
 .debug_macro   0x0000000000000000      0xa72 ./COTS/01MCAL/01GPIO/GPIO_program.o
 .debug_macro   0x0000000000000000       0x28 ./COTS/01MCAL/01GPIO/GPIO_program.o
 .debug_macro   0x0000000000000000       0x10 ./COTS/01MCAL/01GPIO/GPIO_program.o
 .debug_macro   0x0000000000000000      0x17e ./COTS/01MCAL/01GPIO/GPIO_program.o
 .group         0x0000000000000000        0xc ./COTS/01MCAL/02NVIC/NVIC_program.o
 .group         0x0000000000000000        0xc ./COTS/01MCAL/02NVIC/NVIC_program.o
 .group         0x0000000000000000        0xc ./COTS/01MCAL/02NVIC/NVIC_program.o
 .group         0x0000000000000000        0xc ./COTS/01MCAL/02NVIC/NVIC_program.o
 .group         0x0000000000000000        0xc ./COTS/01MCAL/02NVIC/NVIC_program.o
 .text          0x0000000000000000        0x0 ./COTS/01MCAL/02NVIC/NVIC_program.o
 .data          0x0000000000000000        0x0 ./COTS/01MCAL/02NVIC/NVIC_program.o
 .bss           0x0000000000000000        0x0 ./COTS/01MCAL/02NVIC/NVIC_program.o
 .text.NVIC_voidInit
                0x0000000000000000       0x1c ./COTS/01MCAL/02NVIC/NVIC_program.o
 .text.NVIC_voidEnablePerInt
                0x0000000000000000       0x40 ./COTS/01MCAL/02NVIC/NVIC_program.o
 .text.NVIC_voidDisablePerInt
                0x0000000000000000       0x44 ./COTS/01MCAL/02NVIC/NVIC_program.o
 .text.NVIC_voidSetPendingFlag
                0x0000000000000000       0x44 ./COTS/01MCAL/02NVIC/NVIC_program.o
 .text.NVIC_voidClrPendingFlag
                0x0000000000000000       0x44 ./COTS/01MCAL/02NVIC/NVIC_program.o
 .text.NVIC_u8ReadActiveFlag
                0x0000000000000000       0x5c ./COTS/01MCAL/02NVIC/NVIC_program.o
 .text.NVIC_voidSetSwIntPriority
                0x0000000000000000       0x3c ./COTS/01MCAL/02NVIC/NVIC_program.o
 .debug_info    0x0000000000000000      0x331 ./COTS/01MCAL/02NVIC/NVIC_program.o
 .debug_abbrev  0x0000000000000000      0x11e ./COTS/01MCAL/02NVIC/NVIC_program.o
 .debug_aranges
                0x0000000000000000       0x50 ./COTS/01MCAL/02NVIC/NVIC_program.o
 .debug_ranges  0x0000000000000000       0x40 ./COTS/01MCAL/02NVIC/NVIC_program.o
 .debug_macro   0x0000000000000000       0x4b ./COTS/01MCAL/02NVIC/NVIC_program.o
 .debug_macro   0x0000000000000000      0xa72 ./COTS/01MCAL/02NVIC/NVIC_program.o
 .debug_macro   0x0000000000000000       0x28 ./COTS/01MCAL/02NVIC/NVIC_program.o
 .debug_macro   0x0000000000000000       0x10 ./COTS/01MCAL/02NVIC/NVIC_program.o
 .debug_macro   0x0000000000000000       0x10 ./COTS/01MCAL/02NVIC/NVIC_program.o
 .debug_macro   0x0000000000000000       0x34 ./COTS/01MCAL/02NVIC/NVIC_program.o
 .debug_line    0x0000000000000000      0x1e9 ./COTS/01MCAL/02NVIC/NVIC_program.o
 .debug_str     0x0000000000000000     0x30c9 ./COTS/01MCAL/02NVIC/NVIC_program.o
 .comment       0x0000000000000000       0x51 ./COTS/01MCAL/02NVIC/NVIC_program.o
 .debug_frame   0x0000000000000000      0x120 ./COTS/01MCAL/02NVIC/NVIC_program.o
 .ARM.attributes
                0x0000000000000000       0x2d ./COTS/01MCAL/02NVIC/NVIC_program.o
 .group         0x0000000000000000        0xc ./COTS/01MCAL/Delay/Delay_program.o
 .group         0x0000000000000000        0xc ./COTS/01MCAL/Delay/Delay_program.o
 .group         0x0000000000000000        0xc ./COTS/01MCAL/Delay/Delay_program.o
 .text          0x0000000000000000        0x0 ./COTS/01MCAL/Delay/Delay_program.o
 .data          0x0000000000000000        0x0 ./COTS/01MCAL/Delay/Delay_program.o
 .bss           0x0000000000000000        0x0 ./COTS/01MCAL/Delay/Delay_program.o
 .text._delay_ms
                0x0000000000000000       0x32 ./COTS/01MCAL/Delay/Delay_program.o
 .debug_info    0x0000000000000000       0xab ./COTS/01MCAL/Delay/Delay_program.o
 .debug_abbrev  0x0000000000000000       0x78 ./COTS/01MCAL/Delay/Delay_program.o
 .debug_aranges
                0x0000000000000000       0x20 ./COTS/01MCAL/Delay/Delay_program.o
 .debug_ranges  0x0000000000000000       0x10 ./COTS/01MCAL/Delay/Delay_program.o
 .debug_macro   0x0000000000000000       0x23 ./COTS/01MCAL/Delay/Delay_program.o
 .debug_macro   0x0000000000000000      0xa72 ./COTS/01MCAL/Delay/Delay_program.o
 .debug_macro   0x0000000000000000       0x28 ./COTS/01MCAL/Delay/Delay_program.o
 .debug_macro   0x0000000000000000       0x10 ./COTS/01MCAL/Delay/Delay_program.o
 .debug_line    0x0000000000000000       0xba ./COTS/01MCAL/Delay/Delay_program.o
 .debug_str     0x0000000000000000     0x2e18 ./COTS/01MCAL/Delay/Delay_program.o
 .comment       0x0000000000000000       0x51 ./COTS/01MCAL/Delay/Delay_program.o
 .debug_frame   0x0000000000000000       0x38 ./COTS/01MCAL/Delay/Delay_program.o
 .ARM.attributes
                0x0000000000000000       0x2d ./COTS/01MCAL/Delay/Delay_program.o
 .group         0x0000000000000000        0xc ./COTS/02ECU/BUZZER/BUZZER_program.o
 .group         0x0000000000000000        0xc ./COTS/02ECU/BUZZER/BUZZER_program.o
 .group         0x0000000000000000        0xc ./COTS/02ECU/BUZZER/BUZZER_program.o
 .group         0x0000000000000000        0xc ./COTS/02ECU/BUZZER/BUZZER_program.o
 .text          0x0000000000000000        0x0 ./COTS/02ECU/BUZZER/BUZZER_program.o
 .data          0x0000000000000000        0x0 ./COTS/02ECU/BUZZER/BUZZER_program.o
 .bss           0x0000000000000000        0x0 ./COTS/02ECU/BUZZER/BUZZER_program.o
 .debug_macro   0x0000000000000000      0xa72 ./COTS/02ECU/BUZZER/BUZZER_program.o
 .debug_macro   0x0000000000000000       0x28 ./COTS/02ECU/BUZZER/BUZZER_program.o
 .debug_macro   0x0000000000000000       0x10 ./COTS/02ECU/BUZZER/BUZZER_program.o
 .debug_macro   0x0000000000000000       0xee ./COTS/02ECU/BUZZER/BUZZER_program.o
 .group         0x0000000000000000        0xc ./COTS/02ECU/KEYPAD/KEYPAD_program.o
 .group         0x0000000000000000        0xc ./COTS/02ECU/KEYPAD/KEYPAD_program.o
 .group         0x0000000000000000        0xc ./COTS/02ECU/KEYPAD/KEYPAD_program.o
 .group         0x0000000000000000        0xc ./COTS/02ECU/KEYPAD/KEYPAD_program.o
 .group         0x0000000000000000        0xc ./COTS/02ECU/KEYPAD/KEYPAD_program.o
 .text          0x0000000000000000        0x0 ./COTS/02ECU/KEYPAD/KEYPAD_program.o
 .data          0x0000000000000000        0x0 ./COTS/02ECU/KEYPAD/KEYPAD_program.o
 .bss           0x0000000000000000        0x0 ./COTS/02ECU/KEYPAD/KEYPAD_program.o
 .data.KEY_GIT  0x0000000000000000       0x10 ./COTS/02ECU/KEYPAD/KEYPAD_program.o
 .text.KEYPAD_voidInit
                0x0000000000000000       0x64 ./COTS/02ECU/KEYPAD/KEYPAD_program.o
 .text.KEYPAD_u8Read
                0x0000000000000000       0x80 ./COTS/02ECU/KEYPAD/KEYPAD_program.o
 .debug_info    0x0000000000000000      0x1b5 ./COTS/02ECU/KEYPAD/KEYPAD_program.o
 .debug_abbrev  0x0000000000000000      0x102 ./COTS/02ECU/KEYPAD/KEYPAD_program.o
 .debug_aranges
                0x0000000000000000       0x28 ./COTS/02ECU/KEYPAD/KEYPAD_program.o
 .debug_ranges  0x0000000000000000       0x18 ./COTS/02ECU/KEYPAD/KEYPAD_program.o
 .debug_macro   0x0000000000000000       0x3f ./COTS/02ECU/KEYPAD/KEYPAD_program.o
 .debug_macro   0x0000000000000000      0xa72 ./COTS/02ECU/KEYPAD/KEYPAD_program.o
 .debug_macro   0x0000000000000000       0x28 ./COTS/02ECU/KEYPAD/KEYPAD_program.o
 .debug_macro   0x0000000000000000       0x10 ./COTS/02ECU/KEYPAD/KEYPAD_program.o
 .debug_macro   0x0000000000000000       0xee ./COTS/02ECU/KEYPAD/KEYPAD_program.o
 .debug_macro   0x0000000000000000       0x16 ./COTS/02ECU/KEYPAD/KEYPAD_program.o
 .debug_line    0x0000000000000000      0x1c3 ./COTS/02ECU/KEYPAD/KEYPAD_program.o
 .debug_str     0x0000000000000000     0x314f ./COTS/02ECU/KEYPAD/KEYPAD_program.o
 .comment       0x0000000000000000       0x51 ./COTS/02ECU/KEYPAD/KEYPAD_program.o
 .debug_frame   0x0000000000000000       0x58 ./COTS/02ECU/KEYPAD/KEYPAD_program.o
 .ARM.attributes
                0x0000000000000000       0x2d ./COTS/02ECU/KEYPAD/KEYPAD_program.o
 .group         0x0000000000000000        0xc ./COTS/02ECU/LCD/LCD_program.o
 .group         0x0000000000000000        0xc ./COTS/02ECU/LCD/LCD_program.o
 .group         0x0000000000000000        0xc ./COTS/02ECU/LCD/LCD_program.o
 .group         0x0000000000000000        0xc ./COTS/02ECU/LCD/LCD_program.o
 .group         0x0000000000000000        0xc ./COTS/02ECU/LCD/LCD_program.o
 .group         0x0000000000000000        0xc ./COTS/02ECU/LCD/LCD_program.o
 .text          0x0000000000000000        0x0 ./COTS/02ECU/LCD/LCD_program.o
 .data          0x0000000000000000        0x0 ./COTS/02ECU/LCD/LCD_program.o
 .bss           0x0000000000000000        0x0 ./COTS/02ECU/LCD/LCD_program.o
 .text.LCD_void_8bitSendCommand
                0x0000000000000000       0x52 ./COTS/02ECU/LCD/LCD_program.o
 .text.LCD_void_8bitInit
                0x0000000000000000       0x6e ./COTS/02ECU/LCD/LCD_program.o
 .text.LCD_void_8bitSendChar
                0x0000000000000000       0x52 ./COTS/02ECU/LCD/LCD_program.o
 .text.LCD_void_8bitSendString
                0x0000000000000000       0x38 ./COTS/02ECU/LCD/LCD_program.o
 .debug_info    0x0000000000000000      0x1a3 ./COTS/02ECU/LCD/LCD_program.o
 .debug_abbrev  0x0000000000000000       0xda ./COTS/02ECU/LCD/LCD_program.o
 .debug_aranges
                0x0000000000000000       0x38 ./COTS/02ECU/LCD/LCD_program.o
 .debug_ranges  0x0000000000000000       0x28 ./COTS/02ECU/LCD/LCD_program.o
 .debug_macro   0x0000000000000000       0x76 ./COTS/02ECU/LCD/LCD_program.o
 .debug_macro   0x0000000000000000      0xa72 ./COTS/02ECU/LCD/LCD_program.o
 .debug_macro   0x0000000000000000       0x28 ./COTS/02ECU/LCD/LCD_program.o
 .debug_macro   0x0000000000000000       0x10 ./COTS/02ECU/LCD/LCD_program.o
 .debug_macro   0x0000000000000000       0xee ./COTS/02ECU/LCD/LCD_program.o
 .debug_macro   0x0000000000000000       0x5e ./COTS/02ECU/LCD/LCD_program.o
 .debug_macro   0x0000000000000000       0x40 ./COTS/02ECU/LCD/LCD_program.o
 .debug_line    0x0000000000000000      0x1cb ./COTS/02ECU/LCD/LCD_program.o
 .debug_str     0x0000000000000000     0x339a ./COTS/02ECU/LCD/LCD_program.o
 .comment       0x0000000000000000       0x51 ./COTS/02ECU/LCD/LCD_program.o
 .debug_frame   0x0000000000000000       0xa0 ./COTS/02ECU/LCD/LCD_program.o
 .ARM.attributes
                0x0000000000000000       0x2d ./COTS/02ECU/LCD/LCD_program.o
 .group         0x0000000000000000        0xc ./COTS/02ECU/LED/LED_program.o
 .group         0x0000000000000000        0xc ./COTS/02ECU/LED/LED_program.o
 .group         0x0000000000000000        0xc ./COTS/02ECU/LED/LED_program.o
 .group         0x0000000000000000        0xc ./COTS/02ECU/LED/LED_program.o
 .text          0x0000000000000000        0x0 ./COTS/02ECU/LED/LED_program.o
 .data          0x0000000000000000        0x0 ./COTS/02ECU/LED/LED_program.o
 .bss           0x0000000000000000        0x0 ./COTS/02ECU/LED/LED_program.o
 .text.LED_voidInit
                0x0000000000000000       0x24 ./COTS/02ECU/LED/LED_program.o
 .text.LED_voidON
                0x0000000000000000       0x24 ./COTS/02ECU/LED/LED_program.o
 .text.LED_voidOFF
                0x0000000000000000       0x24 ./COTS/02ECU/LED/LED_program.o
 .debug_info    0x0000000000000000      0x14e ./COTS/02ECU/LED/LED_program.o
 .debug_abbrev  0x0000000000000000       0xb0 ./COTS/02ECU/LED/LED_program.o
 .debug_aranges
                0x0000000000000000       0x30 ./COTS/02ECU/LED/LED_program.o
 .debug_ranges  0x0000000000000000       0x20 ./COTS/02ECU/LED/LED_program.o
 .debug_macro   0x0000000000000000       0x36 ./COTS/02ECU/LED/LED_program.o
 .debug_macro   0x0000000000000000      0xa72 ./COTS/02ECU/LED/LED_program.o
 .debug_macro   0x0000000000000000       0x28 ./COTS/02ECU/LED/LED_program.o
 .debug_macro   0x0000000000000000       0x10 ./COTS/02ECU/LED/LED_program.o
 .debug_macro   0x0000000000000000       0xee ./COTS/02ECU/LED/LED_program.o
 .debug_line    0x0000000000000000      0x115 ./COTS/02ECU/LED/LED_program.o
 .debug_str     0x0000000000000000     0x30df ./COTS/02ECU/LED/LED_program.o
 .comment       0x0000000000000000       0x51 ./COTS/02ECU/LED/LED_program.o
 .debug_frame   0x0000000000000000       0x7c ./COTS/02ECU/LED/LED_program.o
 .ARM.attributes
                0x0000000000000000       0x2d ./COTS/02ECU/LED/LED_program.o
 .group         0x0000000000000000        0xc ./COTS/02ECU/PROXIMITY/PROXIMITY_program.o
 .group         0x0000000000000000        0xc ./COTS/02ECU/PROXIMITY/PROXIMITY_program.o
 .group         0x0000000000000000        0xc ./COTS/02ECU/PROXIMITY/PROXIMITY_program.o
 .group         0x0000000000000000        0xc ./COTS/02ECU/PROXIMITY/PROXIMITY_program.o
 .text          0x0000000000000000        0x0 ./COTS/02ECU/PROXIMITY/PROXIMITY_program.o
 .data          0x0000000000000000        0x0 ./COTS/02ECU/PROXIMITY/PROXIMITY_program.o
 .bss           0x0000000000000000        0x0 ./COTS/02ECU/PROXIMITY/PROXIMITY_program.o
 .debug_macro   0x0000000000000000      0xa72 ./COTS/02ECU/PROXIMITY/PROXIMITY_program.o
 .debug_macro   0x0000000000000000       0x10 ./COTS/02ECU/PROXIMITY/PROXIMITY_program.o
 .debug_macro   0x0000000000000000       0x28 ./COTS/02ECU/PROXIMITY/PROXIMITY_program.o
 .debug_macro   0x0000000000000000       0xee ./COTS/02ECU/PROXIMITY/PROXIMITY_program.o
 .group         0x0000000000000000        0xc ./COTS/02ECU/Segment7/Segment7_program.o
 .group         0x0000000000000000        0xc ./COTS/02ECU/Segment7/Segment7_program.o
 .group         0x0000000000000000        0xc ./COTS/02ECU/Segment7/Segment7_program.o
 .group         0x0000000000000000        0xc ./COTS/02ECU/Segment7/Segment7_program.o
 .text          0x0000000000000000        0x0 ./COTS/02ECU/Segment7/Segment7_program.o
 .data          0x0000000000000000        0x0 ./COTS/02ECU/Segment7/Segment7_program.o
 .bss           0x0000000000000000        0x0 ./COTS/02ECU/Segment7/Segment7_program.o
 .data.NUM      0x0000000000000000        0xa ./COTS/02ECU/Segment7/Segment7_program.o
 .text.Segment7_voidInit
                0x0000000000000000       0x3c ./COTS/02ECU/Segment7/Segment7_program.o
 .text.Segment7_voidSetValue
                0x0000000000000000       0x34 ./COTS/02ECU/Segment7/Segment7_program.o
 .text.Segment7_voidDisplayON
                0x0000000000000000       0x28 ./COTS/02ECU/Segment7/Segment7_program.o
 .text.Segment7_voidDisplayOFF
                0x0000000000000000       0x28 ./COTS/02ECU/Segment7/Segment7_program.o
 .debug_info    0x0000000000000000      0x1dd ./COTS/02ECU/Segment7/Segment7_program.o
 .debug_abbrev  0x0000000000000000       0xd5 ./COTS/02ECU/Segment7/Segment7_program.o
 .debug_aranges
                0x0000000000000000       0x38 ./COTS/02ECU/Segment7/Segment7_program.o
 .debug_ranges  0x0000000000000000       0x28 ./COTS/02ECU/Segment7/Segment7_program.o
 .debug_macro   0x0000000000000000       0x2c ./COTS/02ECU/Segment7/Segment7_program.o
 .debug_macro   0x0000000000000000      0xa72 ./COTS/02ECU/Segment7/Segment7_program.o
 .debug_macro   0x0000000000000000       0x10 ./COTS/02ECU/Segment7/Segment7_program.o
 .debug_macro   0x0000000000000000       0xee ./COTS/02ECU/Segment7/Segment7_program.o
 .debug_macro   0x0000000000000000       0x46 ./COTS/02ECU/Segment7/Segment7_program.o
 .debug_line    0x0000000000000000      0x14f ./COTS/02ECU/Segment7/Segment7_program.o
 .debug_str     0x0000000000000000     0x30cc ./COTS/02ECU/Segment7/Segment7_program.o
 .comment       0x0000000000000000       0x51 ./COTS/02ECU/Segment7/Segment7_program.o
 .debug_frame   0x0000000000000000       0xa0 ./COTS/02ECU/Segment7/Segment7_program.o
 .ARM.attributes
                0x0000000000000000       0x2d ./COTS/02ECU/Segment7/Segment7_program.o
 .group         0x0000000000000000        0xc ./Src/main.o
 .group         0x0000000000000000        0xc ./Src/main.o
 .group         0x0000000000000000        0xc ./Src/main.o
 .group         0x0000000000000000        0xc ./Src/main.o
 .group         0x0000000000000000        0xc ./Src/main.o
 .text          0x0000000000000000        0x0 ./Src/main.o
 .data          0x0000000000000000        0x0 ./Src/main.o
 .bss           0x0000000000000000        0x0 ./Src/main.o
 .bss.x         0x0000000000000000        0x1 ./Src/main.o
 .debug_macro   0x0000000000000000      0xa72 ./Src/main.o
 .debug_macro   0x0000000000000000       0x28 ./Src/main.o
 .debug_macro   0x0000000000000000       0x10 ./Src/main.o
 .debug_macro   0x0000000000000000      0x17e ./Src/main.o
 .debug_macro   0x0000000000000000       0xee ./Src/main.o
 .text          0x0000000000000000       0x14 ./Startup/startup_stm32f103c8tx.o
 .data          0x0000000000000000        0x0 ./Startup/startup_stm32f103c8tx.o
 .bss           0x0000000000000000        0x0 ./Startup/startup_stm32f103c8tx.o
 .text          0x0000000000000000        0x0 c:/st/stm32cubeide_1.12.1/stm32cubeide/plugins/com.st.stm32cube.ide.mcu.externaltools.gnu-tools-for-stm32.10.3-2021.10.win32_1.0.200.202301161003/tools/bin/../lib/gcc/arm-none-eabi/10.3.1/../../../../arm-none-eabi/lib/thumb/v7-m/nofp\libc_nano.a(lib_a-exit.o)
 .data          0x0000000000000000        0x0 c:/st/stm32cubeide_1.12.1/stm32cubeide/plugins/com.st.stm32cube.ide.mcu.externaltools.gnu-tools-for-stm32.10.3-2021.10.win32_1.0.200.202301161003/tools/bin/../lib/gcc/arm-none-eabi/10.3.1/../../../../arm-none-eabi/lib/thumb/v7-m/nofp\libc_nano.a(lib_a-exit.o)
 .bss           0x0000000000000000        0x0 c:/st/stm32cubeide_1.12.1/stm32cubeide/plugins/com.st.stm32cube.ide.mcu.externaltools.gnu-tools-for-stm32.10.3-2021.10.win32_1.0.200.202301161003/tools/bin/../lib/gcc/arm-none-eabi/10.3.1/../../../../arm-none-eabi/lib/thumb/v7-m/nofp\libc_nano.a(lib_a-exit.o)
 .text.exit     0x0000000000000000       0x28 c:/st/stm32cubeide_1.12.1/stm32cubeide/plugins/com.st.stm32cube.ide.mcu.externaltools.gnu-tools-for-stm32.10.3-2021.10.win32_1.0.200.202301161003/tools/bin/../lib/gcc/arm-none-eabi/10.3.1/../../../../arm-none-eabi/lib/thumb/v7-m/nofp\libc_nano.a(lib_a-exit.o)
 .debug_frame   0x0000000000000000       0x28 c:/st/stm32cubeide_1.12.1/stm32cubeide/plugins/com.st.stm32cube.ide.mcu.externaltools.gnu-tools-for-stm32.10.3-2021.10.win32_1.0.200.202301161003/tools/bin/../lib/gcc/arm-none-eabi/10.3.1/../../../../arm-none-eabi/lib/thumb/v7-m/nofp\libc_nano.a(lib_a-exit.o)
 .ARM.attributes
                0x0000000000000000       0x2d c:/st/stm32cubeide_1.12.1/stm32cubeide/plugins/com.st.stm32cube.ide.mcu.externaltools.gnu-tools-for-stm32.10.3-2021.10.win32_1.0.200.202301161003/tools/bin/../lib/gcc/arm-none-eabi/10.3.1/../../../../arm-none-eabi/lib/thumb/v7-m/nofp\libc_nano.a(lib_a-exit.o)
 .text          0x0000000000000000        0x0 c:/st/stm32cubeide_1.12.1/stm32cubeide/plugins/com.st.stm32cube.ide.mcu.externaltools.gnu-tools-for-stm32.10.3-2021.10.win32_1.0.200.202301161003/tools/bin/../lib/gcc/arm-none-eabi/10.3.1/../../../../arm-none-eabi/lib/thumb/v7-m/nofp\libc_nano.a(lib_a-impure.o)
 .data          0x0000000000000000        0x0 c:/st/stm32cubeide_1.12.1/stm32cubeide/plugins/com.st.stm32cube.ide.mcu.externaltools.gnu-tools-for-stm32.10.3-2021.10.win32_1.0.200.202301161003/tools/bin/../lib/gcc/arm-none-eabi/10.3.1/../../../../arm-none-eabi/lib/thumb/v7-m/nofp\libc_nano.a(lib_a-impure.o)
 .bss           0x0000000000000000        0x0 c:/st/stm32cubeide_1.12.1/stm32cubeide/plugins/com.st.stm32cube.ide.mcu.externaltools.gnu-tools-for-stm32.10.3-2021.10.win32_1.0.200.202301161003/tools/bin/../lib/gcc/arm-none-eabi/10.3.1/../../../../arm-none-eabi/lib/thumb/v7-m/nofp\libc_nano.a(lib_a-impure.o)
 .data._impure_ptr
                0x0000000000000000        0x4 c:/st/stm32cubeide_1.12.1/stm32cubeide/plugins/com.st.stm32cube.ide.mcu.externaltools.gnu-tools-for-stm32.10.3-2021.10.win32_1.0.200.202301161003/tools/bin/../lib/gcc/arm-none-eabi/10.3.1/../../../../arm-none-eabi/lib/thumb/v7-m/nofp\libc_nano.a(lib_a-impure.o)
 .data.impure_data
                0x0000000000000000       0x60 c:/st/stm32cubeide_1.12.1/stm32cubeide/plugins/com.st.stm32cube.ide.mcu.externaltools.gnu-tools-for-stm32.10.3-2021.10.win32_1.0.200.202301161003/tools/bin/../lib/gcc/arm-none-eabi/10.3.1/../../../../arm-none-eabi/lib/thumb/v7-m/nofp\libc_nano.a(lib_a-impure.o)
 .rodata._global_impure_ptr
                0x0000000000000000        0x4 c:/st/stm32cubeide_1.12.1/stm32cubeide/plugins/com.st.stm32cube.ide.mcu.externaltools.gnu-tools-for-stm32.10.3-2021.10.win32_1.0.200.202301161003/tools/bin/../lib/gcc/arm-none-eabi/10.3.1/../../../../arm-none-eabi/lib/thumb/v7-m/nofp\libc_nano.a(lib_a-impure.o)
 .ARM.attributes
                0x0000000000000000       0x2d c:/st/stm32cubeide_1.12.1/stm32cubeide/plugins/com.st.stm32cube.ide.mcu.externaltools.gnu-tools-for-stm32.10.3-2021.10.win32_1.0.200.202301161003/tools/bin/../lib/gcc/arm-none-eabi/10.3.1/../../../../arm-none-eabi/lib/thumb/v7-m/nofp\libc_nano.a(lib_a-impure.o)
 .text          0x0000000000000000        0x0 c:/st/stm32cubeide_1.12.1/stm32cubeide/plugins/com.st.stm32cube.ide.mcu.externaltools.gnu-tools-for-stm32.10.3-2021.10.win32_1.0.200.202301161003/tools/bin/../lib/gcc/arm-none-eabi/10.3.1/../../../../arm-none-eabi/lib/thumb/v7-m/nofp\libc_nano.a(lib_a-init.o)
 .data          0x0000000000000000        0x0 c:/st/stm32cubeide_1.12.1/stm32cubeide/plugins/com.st.stm32cube.ide.mcu.externaltools.gnu-tools-for-stm32.10.3-2021.10.win32_1.0.200.202301161003/tools/bin/../lib/gcc/arm-none-eabi/10.3.1/../../../../arm-none-eabi/lib/thumb/v7-m/nofp\libc_nano.a(lib_a-init.o)
 .bss           0x0000000000000000        0x0 c:/st/stm32cubeide_1.12.1/stm32cubeide/plugins/com.st.stm32cube.ide.mcu.externaltools.gnu-tools-for-stm32.10.3-2021.10.win32_1.0.200.202301161003/tools/bin/../lib/gcc/arm-none-eabi/10.3.1/../../../../arm-none-eabi/lib/thumb/v7-m/nofp\libc_nano.a(lib_a-init.o)
 .text          0x0000000000000000        0x0 c:/st/stm32cubeide_1.12.1/stm32cubeide/plugins/com.st.stm32cube.ide.mcu.externaltools.gnu-tools-for-stm32.10.3-2021.10.win32_1.0.200.202301161003/tools/bin/../lib/gcc/arm-none-eabi/10.3.1/../../../../arm-none-eabi/lib/thumb/v7-m/nofp\libc_nano.a(lib_a-memset.o)
 .data          0x0000000000000000        0x0 c:/st/stm32cubeide_1.12.1/stm32cubeide/plugins/com.st.stm32cube.ide.mcu.externaltools.gnu-tools-for-stm32.10.3-2021.10.win32_1.0.200.202301161003/tools/bin/../lib/gcc/arm-none-eabi/10.3.1/../../../../arm-none-eabi/lib/thumb/v7-m/nofp\libc_nano.a(lib_a-memset.o)
 .bss           0x0000000000000000        0x0 c:/st/stm32cubeide_1.12.1/stm32cubeide/plugins/com.st.stm32cube.ide.mcu.externaltools.gnu-tools-for-stm32.10.3-2021.10.win32_1.0.200.202301161003/tools/bin/../lib/gcc/arm-none-eabi/10.3.1/../../../../arm-none-eabi/lib/thumb/v7-m/nofp\libc_nano.a(lib_a-memset.o)
 .text.memset   0x0000000000000000       0x10 c:/st/stm32cubeide_1.12.1/stm32cubeide/plugins/com.st.stm32cube.ide.mcu.externaltools.gnu-tools-for-stm32.10.3-2021.10.win32_1.0.200.202301161003/tools/bin/../lib/gcc/arm-none-eabi/10.3.1/../../../../arm-none-eabi/lib/thumb/v7-m/nofp\libc_nano.a(lib_a-memset.o)
 .debug_frame   0x0000000000000000       0x20 c:/st/stm32cubeide_1.12.1/stm32cubeide/plugins/com.st.stm32cube.ide.mcu.externaltools.gnu-tools-for-stm32.10.3-2021.10.win32_1.0.200.202301161003/tools/bin/../lib/gcc/arm-none-eabi/10.3.1/../../../../arm-none-eabi/lib/thumb/v7-m/nofp\libc_nano.a(lib_a-memset.o)
 .ARM.attributes
                0x0000000000000000       0x2d c:/st/stm32cubeide_1.12.1/stm32cubeide/plugins/com.st.stm32cube.ide.mcu.externaltools.gnu-tools-for-stm32.10.3-2021.10.win32_1.0.200.202301161003/tools/bin/../lib/gcc/arm-none-eabi/10.3.1/../../../../arm-none-eabi/lib/thumb/v7-m/nofp\libc_nano.a(lib_a-memset.o)
 .text          0x0000000000000000        0x0 c:/st/stm32cubeide_1.12.1/stm32cubeide/plugins/com.st.stm32cube.ide.mcu.externaltools.gnu-tools-for-stm32.10.3-2021.10.win32_1.0.200.202301161003/tools/bin/../lib/gcc/arm-none-eabi/10.3.1/../../../../arm-none-eabi/lib/thumb/v7-m/nofp\libnosys.a(_exit.o)
 .data          0x0000000000000000        0x0 c:/st/stm32cubeide_1.12.1/stm32cubeide/plugins/com.st.stm32cube.ide.mcu.externaltools.gnu-tools-for-stm32.10.3-2021.10.win32_1.0.200.202301161003/tools/bin/../lib/gcc/arm-none-eabi/10.3.1/../../../../arm-none-eabi/lib/thumb/v7-m/nofp\libnosys.a(_exit.o)
 .bss           0x0000000000000000        0x0 c:/st/stm32cubeide_1.12.1/stm32cubeide/plugins/com.st.stm32cube.ide.mcu.externaltools.gnu-tools-for-stm32.10.3-2021.10.win32_1.0.200.202301161003/tools/bin/../lib/gcc/arm-none-eabi/10.3.1/../../../../arm-none-eabi/lib/thumb/v7-m/nofp\libnosys.a(_exit.o)
 .text._exit    0x0000000000000000        0x2 c:/st/stm32cubeide_1.12.1/stm32cubeide/plugins/com.st.stm32cube.ide.mcu.externaltools.gnu-tools-for-stm32.10.3-2021.10.win32_1.0.200.202301161003/tools/bin/../lib/gcc/arm-none-eabi/10.3.1/../../../../arm-none-eabi/lib/thumb/v7-m/nofp\libnosys.a(_exit.o)
 .debug_frame   0x0000000000000000       0x20 c:/st/stm32cubeide_1.12.1/stm32cubeide/plugins/com.st.stm32cube.ide.mcu.externaltools.gnu-tools-for-stm32.10.3-2021.10.win32_1.0.200.202301161003/tools/bin/../lib/gcc/arm-none-eabi/10.3.1/../../../../arm-none-eabi/lib/thumb/v7-m/nofp\libnosys.a(_exit.o)
 .ARM.attributes
                0x0000000000000000       0x2d c:/st/stm32cubeide_1.12.1/stm32cubeide/plugins/com.st.stm32cube.ide.mcu.externaltools.gnu-tools-for-stm32.10.3-2021.10.win32_1.0.200.202301161003/tools/bin/../lib/gcc/arm-none-eabi/10.3.1/../../../../arm-none-eabi/lib/thumb/v7-m/nofp\libnosys.a(_exit.o)
 .text          0x0000000000000000        0x0 c:/st/stm32cubeide_1.12.1/stm32cubeide/plugins/com.st.stm32cube.ide.mcu.externaltools.gnu-tools-for-stm32.10.3-2021.10.win32_1.0.200.202301161003/tools/bin/../lib/gcc/arm-none-eabi/10.3.1/thumb/v7-m/nofp/crtend.o
 .data          0x0000000000000000        0x0 c:/st/stm32cubeide_1.12.1/stm32cubeide/plugins/com.st.stm32cube.ide.mcu.externaltools.gnu-tools-for-stm32.10.3-2021.10.win32_1.0.200.202301161003/tools/bin/../lib/gcc/arm-none-eabi/10.3.1/thumb/v7-m/nofp/crtend.o
 .bss           0x0000000000000000        0x0 c:/st/stm32cubeide_1.12.1/stm32cubeide/plugins/com.st.stm32cube.ide.mcu.externaltools.gnu-tools-for-stm32.10.3-2021.10.win32_1.0.200.202301161003/tools/bin/../lib/gcc/arm-none-eabi/10.3.1/thumb/v7-m/nofp/crtend.o
 .rodata        0x0000000000000000       0x24 c:/st/stm32cubeide_1.12.1/stm32cubeide/plugins/com.st.stm32cube.ide.mcu.externaltools.gnu-tools-for-stm32.10.3-2021.10.win32_1.0.200.202301161003/tools/bin/../lib/gcc/arm-none-eabi/10.3.1/thumb/v7-m/nofp/crtend.o
 .eh_frame      0x0000000000000000        0x4 c:/st/stm32cubeide_1.12.1/stm32cubeide/plugins/com.st.stm32cube.ide.mcu.externaltools.gnu-tools-for-stm32.10.3-2021.10.win32_1.0.200.202301161003/tools/bin/../lib/gcc/arm-none-eabi/10.3.1/thumb/v7-m/nofp/crtend.o
 .ARM.attributes
                0x0000000000000000       0x2d c:/st/stm32cubeide_1.12.1/stm32cubeide/plugins/com.st.stm32cube.ide.mcu.externaltools.gnu-tools-for-stm32.10.3-2021.10.win32_1.0.200.202301161003/tools/bin/../lib/gcc/arm-none-eabi/10.3.1/thumb/v7-m/nofp/crtend.o
 .text          0x0000000000000000        0x0 c:/st/stm32cubeide_1.12.1/stm32cubeide/plugins/com.st.stm32cube.ide.mcu.externaltools.gnu-tools-for-stm32.10.3-2021.10.win32_1.0.200.202301161003/tools/bin/../lib/gcc/arm-none-eabi/10.3.1/thumb/v7-m/nofp/crtn.o
 .data          0x0000000000000000        0x0 c:/st/stm32cubeide_1.12.1/stm32cubeide/plugins/com.st.stm32cube.ide.mcu.externaltools.gnu-tools-for-stm32.10.3-2021.10.win32_1.0.200.202301161003/tools/bin/../lib/gcc/arm-none-eabi/10.3.1/thumb/v7-m/nofp/crtn.o
 .bss           0x0000000000000000        0x0 c:/st/stm32cubeide_1.12.1/stm32cubeide/plugins/com.st.stm32cube.ide.mcu.externaltools.gnu-tools-for-stm32.10.3-2021.10.win32_1.0.200.202301161003/tools/bin/../lib/gcc/arm-none-eabi/10.3.1/thumb/v7-m/nofp/crtn.o

Memory Configuration

Name             Origin             Length             Attributes
RAM              0x0000000020000000 0x0000000000005000 xrw
FLASH            0x0000000008000000 0x0000000000010000 xr
*default*        0x0000000000000000 0xffffffffffffffff

Linker script and memory map

LOAD c:/st/stm32cubeide_1.12.1/stm32cubeide/plugins/com.st.stm32cube.ide.mcu.externaltools.gnu-tools-for-stm32.10.3-2021.10.win32_1.0.200.202301161003/tools/bin/../lib/gcc/arm-none-eabi/10.3.1/thumb/v7-m/nofp/crti.o
LOAD c:/st/stm32cubeide_1.12.1/stm32cubeide/plugins/com.st.stm32cube.ide.mcu.externaltools.gnu-tools-for-stm32.10.3-2021.10.win32_1.0.200.202301161003/tools/bin/../lib/gcc/arm-none-eabi/10.3.1/thumb/v7-m/nofp/crtbegin.o
LOAD c:/st/stm32cubeide_1.12.1/stm32cubeide/plugins/com.st.stm32cube.ide.mcu.externaltools.gnu-tools-for-stm32.10.3-2021.10.win32_1.0.200.202301161003/tools/bin/../lib/gcc/arm-none-eabi/10.3.1/../../../../arm-none-eabi/lib/thumb/v7-m/nofp/crt0.o
LOAD ./COTS/01MCAL/00RCC/RCC_program.o
LOAD ./COTS/01MCAL/01GPIO/GPIO_program.o
LOAD ./COTS/01MCAL/02NVIC/NVIC_program.o
LOAD ./COTS/01MCAL/Delay/Delay_program.o
LOAD ./COTS/02ECU/BUZZER/BUZZER_program.o
LOAD ./COTS/02ECU/KEYPAD/KEYPAD_program.o
LOAD ./COTS/02ECU/LCD/LCD_program.o
LOAD ./COTS/02ECU/LED/LED_program.o
LOAD ./COTS/02ECU/PROXIMITY/PROXIMITY_program.o
LOAD ./COTS/02ECU/Segment7/Segment7_program.o
LOAD ./Src/main.o
LOAD ./Startup/startup_stm32f103c8tx.o
START GROUP
LOAD c:/st/stm32cubeide_1.12.1/stm32cubeide/plugins/com.st.stm32cube.ide.mcu.externaltools.gnu-tools-for-stm32.10.3-2021.10.win32_1.0.200.202301161003/tools/bin/../lib/gcc/arm-none-eabi/10.3.1/../../../../arm-none-eabi/lib/thumb/v7-m/nofp\libc_nano.a
LOAD c:/st/stm32cubeide_1.12.1/stm32cubeide/plugins/com.st.stm32cube.ide.mcu.externaltools.gnu-tools-for-stm32.10.3-2021.10.win32_1.0.200.202301161003/tools/bin/../lib/gcc/arm-none-eabi/10.3.1/../../../../arm-none-eabi/lib/thumb/v7-m/nofp\libm.a
END GROUP
START GROUP
LOAD c:/st/stm32cubeide_1.12.1/stm32cubeide/plugins/com.st.stm32cube.ide.mcu.externaltools.gnu-tools-for-stm32.10.3-2021.10.win32_1.0.200.202301161003/tools/bin/../lib/gcc/arm-none-eabi/10.3.1/thumb/v7-m/nofp\libgcc.a
LOAD c:/st/stm32cubeide_1.12.1/stm32cubeide/plugins/com.st.stm32cube.ide.mcu.externaltools.gnu-tools-for-stm32.10.3-2021.10.win32_1.0.200.202301161003/tools/bin/../lib/gcc/arm-none-eabi/10.3.1/../../../../arm-none-eabi/lib/thumb/v7-m/nofp\libc_nano.a
END GROUP
START GROUP
LOAD c:/st/stm32cubeide_1.12.1/stm32cubeide/plugins/com.st.stm32cube.ide.mcu.externaltools.gnu-tools-for-stm32.10.3-2021.10.win32_1.0.200.202301161003/tools/bin/../lib/gcc/arm-none-eabi/10.3.1/thumb/v7-m/nofp\libgcc.a
LOAD c:/st/stm32cubeide_1.12.1/stm32cubeide/plugins/com.st.stm32cube.ide.mcu.externaltools.gnu-tools-for-stm32.10.3-2021.10.win32_1.0.200.202301161003/tools/bin/../lib/gcc/arm-none-eabi/10.3.1/../../../../arm-none-eabi/lib/thumb/v7-m/nofp\libc_nano.a
LOAD c:/st/stm32cubeide_1.12.1/stm32cubeide/plugins/com.st.stm32cube.ide.mcu.externaltools.gnu-tools-for-stm32.10.3-2021.10.win32_1.0.200.202301161003/tools/bin/../lib/gcc/arm-none-eabi/10.3.1/../../../../arm-none-eabi/lib/thumb/v7-m/nofp\libnosys.a
END GROUP
START GROUP
LOAD c:/st/stm32cubeide_1.12.1/stm32cubeide/plugins/com.st.stm32cube.ide.mcu.externaltools.gnu-tools-for-stm32.10.3-2021.10.win32_1.0.200.202301161003/tools/bin/../lib/gcc/arm-none-eabi/10.3.1/thumb/v7-m/nofp\libgcc.a
LOAD c:/st/stm32cubeide_1.12.1/stm32cubeide/plugins/com.st.stm32cube.ide.mcu.externaltools.gnu-tools-for-stm32.10.3-2021.10.win32_1.0.200.202301161003/tools/bin/../lib/gcc/arm-none-eabi/10.3.1/../../../../arm-none-eabi/lib/thumb/v7-m/nofp\libc_nano.a
LOAD c:/st/stm32cubeide_1.12.1/stm32cubeide/plugins/com.st.stm32cube.ide.mcu.externaltools.gnu-tools-for-stm32.10.3-2021.10.win32_1.0.200.202301161003/tools/bin/../lib/gcc/arm-none-eabi/10.3.1/../../../../arm-none-eabi/lib/thumb/v7-m/nofp\libnosys.a
END GROUP
LOAD c:/st/stm32cubeide_1.12.1/stm32cubeide/plugins/com.st.stm32cube.ide.mcu.externaltools.gnu-tools-for-stm32.10.3-2021.10.win32_1.0.200.202301161003/tools/bin/../lib/gcc/arm-none-eabi/10.3.1/thumb/v7-m/nofp/crtend.o
LOAD c:/st/stm32cubeide_1.12.1/stm32cubeide/plugins/com.st.stm32cube.ide.mcu.externaltools.gnu-tools-for-stm32.10.3-2021.10.win32_1.0.200.202301161003/tools/bin/../lib/gcc/arm-none-eabi/10.3.1/thumb/v7-m/nofp/crtn.o
                0x0000000020005000                _estack = (ORIGIN (RAM) + LENGTH (RAM))
                0x0000000000000200                _Min_Heap_Size = 0x200
                0x0000000000000400                _Min_Stack_Size = 0x400

.isr_vector     0x0000000008000000      0x130
                0x0000000008000000                . = ALIGN (0x4)
 *(.isr_vector)
 .isr_vector    0x0000000008000000      0x130 ./Startup/startup_stm32f103c8tx.o
                0x0000000008000000                g_pfnVectors
                0x0000000008000130                . = ALIGN (0x4)

.text           0x0000000008000130      0x640
                0x0000000008000130                . = ALIGN (0x4)
 *(.text)
 .text          0x0000000008000130       0x40 c:/st/stm32cubeide_1.12.1/stm32cubeide/plugins/com.st.stm32cube.ide.mcu.externaltools.gnu-tools-for-stm32.10.3-2021.10.win32_1.0.200.202301161003/tools/bin/../lib/gcc/arm-none-eabi/10.3.1/thumb/v7-m/nofp/crtbegin.o
 *(.text*)
 .text.RCC_voidSysClkInt
                0x0000000008000170       0xac ./COTS/01MCAL/00RCC/RCC_program.o
                0x0000000008000170                RCC_voidSysClkInt
 .text.RCC_voidEnablePerClk
                0x000000000800021c       0x7c ./COTS/01MCAL/00RCC/RCC_program.o
                0x000000000800021c                RCC_voidEnablePerClk
 .text.GPIO_voidSetPinDirection
                0x0000000008000298      0x190 ./COTS/01MCAL/01GPIO/GPIO_program.o
                0x0000000008000298                GPIO_voidSetPinDirection
 .text.GPIO_voidSetPinValue
                0x0000000008000428       0xf0 ./COTS/01MCAL/01GPIO/GPIO_program.o
                0x0000000008000428                GPIO_voidSetPinValue
 .text.GPIO_voidGetPinValue
                0x0000000008000518       0x88 ./COTS/01MCAL/01GPIO/GPIO_program.o
                0x0000000008000518                GPIO_voidGetPinValue
 .text.BUZZER_voidInit
                0x00000000080005a0       0x24 ./COTS/02ECU/BUZZER/BUZZER_program.o
                0x00000000080005a0                BUZZER_voidInit
 .text.BUZZER_voidON
                0x00000000080005c4       0x24 ./COTS/02ECU/BUZZER/BUZZER_program.o
                0x00000000080005c4                BUZZER_voidON
 .text.BUZZER_voidOFF
                0x00000000080005e8       0x24 ./COTS/02ECU/BUZZER/BUZZER_program.o
                0x00000000080005e8                BUZZER_voidOFF
 .text.PROXIMITY_voidInit
                0x000000000800060c       0x30 ./COTS/02ECU/PROXIMITY/PROXIMITY_program.o
                0x000000000800060c                PROXIMITY_voidInit
 .text.PROXIMITY_u8GetValue
                0x000000000800063c       0x2e ./COTS/02ECU/PROXIMITY/PROXIMITY_program.o
                0x000000000800063c                PROXIMITY_u8GetValue
 .text.main     0x000000000800066a       0x52 ./Src/main.o
                0x000000000800066a                main
 .text.Reset_Handler
                0x00000000080006bc       0x50 ./Startup/startup_stm32f103c8tx.o
                0x00000000080006bc                Reset_Handler
 .text.Default_Handler
                0x000000000800070c        0x2 ./Startup/startup_stm32f103c8tx.o
                0x000000000800070c                EXTI2_IRQHandler
                0x000000000800070c                TIM8_TRG_COM_IRQHandler
                0x000000000800070c                TIM8_CC_IRQHandler
                0x000000000800070c                DebugMon_Handler
                0x000000000800070c                TIM1_CC_IRQHandler
                0x000000000800070c                HardFault_Handler
                0x000000000800070c                TIM6_IRQHandler
                0x000000000800070c                SysTick_Handler
                0x000000000800070c                PVD_IRQHandler
                0x000000000800070c                SDIO_IRQHandler
                0x000000000800070c                PendSV_Handler
                0x000000000800070c                NMI_Handler
                0x000000000800070c                EXTI3_IRQHandler
                0x000000000800070c                USB_HP_CAN_TX_IRQHandler
                0x000000000800070c                EXTI0_IRQHandler
                0x000000000800070c                I2C2_EV_IRQHandler
                0x000000000800070c                UsageFault_Handler
                0x000000000800070c                ADC1_2_IRQHandler
                0x000000000800070c                SPI1_IRQHandler
                0x000000000800070c                CAN_SCE_IRQHandler
                0x000000000800070c                TAMPER_IRQHandler
                0x000000000800070c                TIM8_UP_IRQHandler
                0x000000000800070c                DMA2_Channel2_IRQHandler
                0x000000000800070c                DMA1_Channel4_IRQHandler
                0x000000000800070c                USART3_IRQHandler
                0x000000000800070c                RTC_IRQHandler
                0x000000000800070c                DMA1_Channel7_IRQHandler
                0x000000000800070c                UART5_IRQHandler
                0x000000000800070c                ADC3_IRQHandler
                0x000000000800070c                TIM4_IRQHandler
                0x000000000800070c                CAN_RX1_IRQHandler
                0x000000000800070c                DMA2_Channel1_IRQHandler
                0x000000000800070c                I2C1_EV_IRQHandler
                0x000000000800070c                DMA1_Channel6_IRQHandler
                0x000000000800070c                UART4_IRQHandler
                0x000000000800070c                TIM3_IRQHandler
                0x000000000800070c                RCC_IRQHandler
                0x000000000800070c                TIM1_TRG_COM_IRQHandler
                0x000000000800070c                DMA1_Channel1_IRQHandler
                0x000000000800070c                Default_Handler
                0x000000000800070c                EXTI15_10_IRQHandler
                0x000000000800070c                TIM7_IRQHandler
                0x000000000800070c                TIM5_IRQHandler
                0x000000000800070c                EXTI9_5_IRQHandler
                0x000000000800070c                SPI2_IRQHandler
                0x000000000800070c                USB_LP_CAN_RX0_IRQHandler
                0x000000000800070c                MemManage_Handler
                0x000000000800070c                SVC_Handler
                0x000000000800070c                DMA1_Channel5_IRQHandler
                0x000000000800070c                EXTI4_IRQHandler
                0x000000000800070c                DMA1_Channel3_IRQHandler
                0x000000000800070c                FSMC_IRQHandler
                0x000000000800070c                TIM1_UP_IRQHandler
                0x000000000800070c                WWDG_IRQHandler
                0x000000000800070c                TIM2_IRQHandler
                0x000000000800070c                TIM1_BRK_IRQHandler
                0x000000000800070c                EXTI1_IRQHandler
                0x000000000800070c                RTCAlarm_IRQHandler
                0x000000000800070c                DMA2_Channel4_5_IRQHandler
                0x000000000800070c                USART2_IRQHandler
                0x000000000800070c                I2C2_ER_IRQHandler
                0x000000000800070c                DMA1_Channel2_IRQHandler
                0x000000000800070c                TIM8_BRK_IRQHandler
                0x000000000800070c                FLASH_IRQHandler
                0x000000000800070c                BusFault_Handler
                0x000000000800070c                USART1_IRQHandler
                0x000000000800070c                SPI3_IRQHandler
                0x000000000800070c                I2C1_ER_IRQHandler
                0x000000000800070c                DMA2_Channel3_IRQHandler
 *fill*         0x000000000800070e        0x2 
 .text.__libc_init_array
                0x0000000008000710       0x48 c:/st/stm32cubeide_1.12.1/stm32cubeide/plugins/com.st.stm32cube.ide.mcu.externaltools.gnu-tools-for-stm32.10.3-2021.10.win32_1.0.200.202301161003/tools/bin/../lib/gcc/arm-none-eabi/10.3.1/../../../../arm-none-eabi/lib/thumb/v7-m/nofp\libc_nano.a(lib_a-init.o)
                0x0000000008000710                __libc_init_array
 *(.glue_7)
 .glue_7        0x0000000008000758        0x0 linker stubs
 *(.glue_7t)
 .glue_7t       0x0000000008000758        0x0 linker stubs
 *(.eh_frame)
 .eh_frame      0x0000000008000758        0x0 c:/st/stm32cubeide_1.12.1/stm32cubeide/plugins/com.st.stm32cube.ide.mcu.externaltools.gnu-tools-for-stm32.10.3-2021.10.win32_1.0.200.202301161003/tools/bin/../lib/gcc/arm-none-eabi/10.3.1/thumb/v7-m/nofp/crtbegin.o
 *(.init)
 .init          0x0000000008000758        0x4 c:/st/stm32cubeide_1.12.1/stm32cubeide/plugins/com.st.stm32cube.ide.mcu.externaltools.gnu-tools-for-stm32.10.3-2021.10.win32_1.0.200.202301161003/tools/bin/../lib/gcc/arm-none-eabi/10.3.1/thumb/v7-m/nofp/crti.o
                0x0000000008000758                _init
 .init          0x000000000800075c        0x8 c:/st/stm32cubeide_1.12.1/stm32cubeide/plugins/com.st.stm32cube.ide.mcu.externaltools.gnu-tools-for-stm32.10.3-2021.10.win32_1.0.200.202301161003/tools/bin/../lib/gcc/arm-none-eabi/10.3.1/thumb/v7-m/nofp/crtn.o
 *(.fini)
 .fini          0x0000000008000764        0x4 c:/st/stm32cubeide_1.12.1/stm32cubeide/plugins/com.st.stm32cube.ide.mcu.externaltools.gnu-tools-for-stm32.10.3-2021.10.win32_1.0.200.202301161003/tools/bin/../lib/gcc/arm-none-eabi/10.3.1/thumb/v7-m/nofp/crti.o
                0x0000000008000764                _fini
 .fini          0x0000000008000768        0x8 c:/st/stm32cubeide_1.12.1/stm32cubeide/plugins/com.st.stm32cube.ide.mcu.externaltools.gnu-tools-for-stm32.10.3-2021.10.win32_1.0.200.202301161003/tools/bin/../lib/gcc/arm-none-eabi/10.3.1/thumb/v7-m/nofp/crtn.o
                0x0000000008000770                . = ALIGN (0x4)
                0x0000000008000770                _etext = .

.vfp11_veneer   0x0000000008000770        0x0
 .vfp11_veneer  0x0000000008000770        0x0 linker stubs

.v4_bx          0x0000000008000770        0x0
 .v4_bx         0x0000000008000770        0x0 linker stubs

.iplt           0x0000000008000770        0x0
 .iplt          0x0000000008000770        0x0 c:/st/stm32cubeide_1.12.1/stm32cubeide/plugins/com.st.stm32cube.ide.mcu.externaltools.gnu-tools-for-stm32.10.3-2021.10.win32_1.0.200.202301161003/tools/bin/../lib/gcc/arm-none-eabi/10.3.1/thumb/v7-m/nofp/crtbegin.o

.rel.dyn        0x0000000008000770        0x0
 .rel.iplt      0x0000000008000770        0x0 c:/st/stm32cubeide_1.12.1/stm32cubeide/plugins/com.st.stm32cube.ide.mcu.externaltools.gnu-tools-for-stm32.10.3-2021.10.win32_1.0.200.202301161003/tools/bin/../lib/gcc/arm-none-eabi/10.3.1/thumb/v7-m/nofp/crtbegin.o

.rodata         0x0000000008000770        0x0
                0x0000000008000770                . = ALIGN (0x4)
 *(.rodata)
 *(.rodata*)
                0x0000000008000770                . = ALIGN (0x4)

.ARM.extab      0x0000000008000770        0x0
                0x0000000008000770                . = ALIGN (0x4)
 *(.ARM.extab* .gnu.linkonce.armextab.*)
                0x0000000008000770                . = ALIGN (0x4)

.ARM            0x0000000008000770        0x0
                0x0000000008000770                . = ALIGN (0x4)
                0x0000000008000770                __exidx_start = .
 *(.ARM.exidx*)
                0x0000000008000770                __exidx_end = .
                0x0000000008000770                . = ALIGN (0x4)

.preinit_array  0x0000000008000770        0x0
                0x0000000008000770                . = ALIGN (0x4)
                0x0000000008000770                PROVIDE (__preinit_array_start = .)
 *(.preinit_array*)
                0x0000000008000770                PROVIDE (__preinit_array_end = .)
                0x0000000008000770                . = ALIGN (0x4)

.init_array     0x0000000008000770        0x4
                0x0000000008000770                . = ALIGN (0x4)
                0x0000000008000770                PROVIDE (__init_array_start = .)
 *(SORT_BY_NAME(.init_array.*))
 *(.init_array*)
 .init_array    0x0000000008000770        0x4 c:/st/stm32cubeide_1.12.1/stm32cubeide/plugins/com.st.stm32cube.ide.mcu.externaltools.gnu-tools-for-stm32.10.3-2021.10.win32_1.0.200.202301161003/tools/bin/../lib/gcc/arm-none-eabi/10.3.1/thumb/v7-m/nofp/crtbegin.o
                0x0000000008000774                PROVIDE (__init_array_end = .)
                0x0000000008000774                . = ALIGN (0x4)

.fini_array     0x0000000008000774        0x4
                0x0000000008000774                . = ALIGN (0x4)
                [!provide]                        PROVIDE (__fini_array_start = .)
 *(SORT_BY_NAME(.fini_array.*))
 *(.fini_array*)
 .fini_array    0x0000000008000774        0x4 c:/st/stm32cubeide_1.12.1/stm32cubeide/plugins/com.st.stm32cube.ide.mcu.externaltools.gnu-tools-for-stm32.10.3-2021.10.win32_1.0.200.202301161003/tools/bin/../lib/gcc/arm-none-eabi/10.3.1/thumb/v7-m/nofp/crtbegin.o
                [!provide]                        PROVIDE (__fini_array_end = .)
                0x0000000008000778                . = ALIGN (0x4)
                0x0000000008000778                _sidata = LOADADDR (.data)

.data           0x0000000020000000        0x0 load address 0x0000000008000778
                0x0000000020000000                . = ALIGN (0x4)
                0x0000000020000000                _sdata = .
 *(.data)
 *(.data*)
 *(.RamFunc)
 *(.RamFunc*)
                0x0000000020000000                . = ALIGN (0x4)
                0x0000000020000000                _edata = .

.igot.plt       0x0000000020000000        0x0 load address 0x0000000008000778
 .igot.plt      0x0000000020000000        0x0 c:/st/stm32cubeide_1.12.1/stm32cubeide/plugins/com.st.stm32cube.ide.mcu.externaltools.gnu-tools-for-stm32.10.3-2021.10.win32_1.0.200.202301161003/tools/bin/../lib/gcc/arm-none-eabi/10.3.1/thumb/v7-m/nofp/crtbegin.o
                0x0000000020000000                . = ALIGN (0x4)

.bss            0x0000000020000000       0x1c load address 0x0000000008000778
                0x0000000020000000                _sbss = .
                0x0000000020000000                __bss_start__ = _sbss
 *(.bss)
 .bss           0x0000000020000000       0x1c c:/st/stm32cubeide_1.12.1/stm32cubeide/plugins/com.st.stm32cube.ide.mcu.externaltools.gnu-tools-for-stm32.10.3-2021.10.win32_1.0.200.202301161003/tools/bin/../lib/gcc/arm-none-eabi/10.3.1/thumb/v7-m/nofp/crtbegin.o
 *(.bss*)
 *(COMMON)
                0x000000002000001c                . = ALIGN (0x4)
                0x000000002000001c                _ebss = .
                0x000000002000001c                __bss_end__ = _ebss

._user_heap_stack
                0x000000002000001c      0x604 load address 0x0000000008000778
                0x0000000020000020                . = ALIGN (0x8)
 *fill*         0x000000002000001c        0x4 
                [!provide]                        PROVIDE (end = .)
                [!provide]                        PROVIDE (_end = .)
                0x0000000020000220                . = (. + _Min_Heap_Size)
 *fill*         0x0000000020000020      0x200 
                0x0000000020000620                . = (. + _Min_Stack_Size)
 *fill*         0x0000000020000220      0x400 
                0x0000000020000620                . = ALIGN (0x8)

/DISCARD/
 libc.a(*)
 libm.a(*)
 libgcc.a(*)

.ARM.attributes
                0x0000000000000000       0x29
 *(.ARM.attributes)
 .ARM.attributes
                0x0000000000000000       0x1d c:/st/stm32cubeide_1.12.1/stm32cubeide/plugins/com.st.stm32cube.ide.mcu.externaltools.gnu-tools-for-stm32.10.3-2021.10.win32_1.0.200.202301161003/tools/bin/../lib/gcc/arm-none-eabi/10.3.1/thumb/v7-m/nofp/crti.o
 .ARM.attributes
                0x000000000000001d       0x2d c:/st/stm32cubeide_1.12.1/stm32cubeide/plugins/com.st.stm32cube.ide.mcu.externaltools.gnu-tools-for-stm32.10.3-2021.10.win32_1.0.200.202301161003/tools/bin/../lib/gcc/arm-none-eabi/10.3.1/thumb/v7-m/nofp/crtbegin.o
 .ARM.attributes
                0x000000000000004a       0x2d ./COTS/01MCAL/00RCC/RCC_program.o
 .ARM.attributes
                0x0000000000000077       0x2d ./COTS/01MCAL/01GPIO/GPIO_program.o
 .ARM.attributes
                0x00000000000000a4       0x2d ./COTS/02ECU/BUZZER/BUZZER_program.o
 .ARM.attributes
                0x00000000000000d1       0x2d ./COTS/02ECU/PROXIMITY/PROXIMITY_program.o
 .ARM.attributes
                0x00000000000000fe       0x2d ./Src/main.o
 .ARM.attributes
                0x000000000000012b       0x21 ./Startup/startup_stm32f103c8tx.o
 .ARM.attributes
                0x000000000000014c       0x2d c:/st/stm32cubeide_1.12.1/stm32cubeide/plugins/com.st.stm32cube.ide.mcu.externaltools.gnu-tools-for-stm32.10.3-2021.10.win32_1.0.200.202301161003/tools/bin/../lib/gcc/arm-none-eabi/10.3.1/../../../../arm-none-eabi/lib/thumb/v7-m/nofp\libc_nano.a(lib_a-init.o)
 .ARM.attributes
                0x0000000000000179       0x1d c:/st/stm32cubeide_1.12.1/stm32cubeide/plugins/com.st.stm32cube.ide.mcu.externaltools.gnu-tools-for-stm32.10.3-2021.10.win32_1.0.200.202301161003/tools/bin/../lib/gcc/arm-none-eabi/10.3.1/thumb/v7-m/nofp/crtn.o
OUTPUT(MY_DRIVER.elf elf32-littlearm)
LOAD linker stubs
LOAD c:/st/stm32cubeide_1.12.1/stm32cubeide/plugins/com.st.stm32cube.ide.mcu.externaltools.gnu-tools-for-stm32.10.3-2021.10.win32_1.0.200.202301161003/tools/bin/../lib/gcc/arm-none-eabi/10.3.1/../../../../arm-none-eabi/lib/thumb/v7-m/nofp\libc.a
LOAD c:/st/stm32cubeide_1.12.1/stm32cubeide/plugins/com.st.stm32cube.ide.mcu.externaltools.gnu-tools-for-stm32.10.3-2021.10.win32_1.0.200.202301161003/tools/bin/../lib/gcc/arm-none-eabi/10.3.1/../../../../arm-none-eabi/lib/thumb/v7-m/nofp\libm.a
LOAD c:/st/stm32cubeide_1.12.1/stm32cubeide/plugins/com.st.stm32cube.ide.mcu.externaltools.gnu-tools-for-stm32.10.3-2021.10.win32_1.0.200.202301161003/tools/bin/../lib/gcc/arm-none-eabi/10.3.1/thumb/v7-m/nofp\libgcc.a

.debug_info     0x0000000000000000      0x7fb
 .debug_info    0x0000000000000000      0x19a ./COTS/01MCAL/00RCC/RCC_program.o
 .debug_info    0x000000000000019a      0x25b ./COTS/01MCAL/01GPIO/GPIO_program.o
 .debug_info    0x00000000000003f5      0x14e ./COTS/02ECU/BUZZER/BUZZER_program.o
 .debug_info    0x0000000000000543      0x147 ./COTS/02ECU/PROXIMITY/PROXIMITY_program.o
 .debug_info    0x000000000000068a      0x14f ./Src/main.o
 .debug_info    0x00000000000007d9       0x22 ./Startup/startup_stm32f103c8tx.o

.debug_abbrev   0x0000000000000000      0x43e
 .debug_abbrev  0x0000000000000000       0xc3 ./COTS/01MCAL/00RCC/RCC_program.o
 .debug_abbrev  0x00000000000000c3      0x114 ./COTS/01MCAL/01GPIO/GPIO_program.o
 .debug_abbrev  0x00000000000001d7       0xb0 ./COTS/02ECU/BUZZER/BUZZER_program.o
 .debug_abbrev  0x0000000000000287       0xda ./COTS/02ECU/PROXIMITY/PROXIMITY_program.o
 .debug_abbrev  0x0000000000000361       0xcb ./Src/main.o
 .debug_abbrev  0x000000000000042c       0x12 ./Startup/startup_stm32f103c8tx.o

.debug_aranges  0x0000000000000000      0x110
 .debug_aranges
                0x0000000000000000       0x30 ./COTS/01MCAL/00RCC/RCC_program.o
 .debug_aranges
                0x0000000000000030       0x40 ./COTS/01MCAL/01GPIO/GPIO_program.o
 .debug_aranges
                0x0000000000000070       0x30 ./COTS/02ECU/BUZZER/BUZZER_program.o
 .debug_aranges
                0x00000000000000a0       0x28 ./COTS/02ECU/PROXIMITY/PROXIMITY_program.o
 .debug_aranges
                0x00000000000000c8       0x20 ./Src/main.o
 .debug_aranges
                0x00000000000000e8       0x28 ./Startup/startup_stm32f103c8tx.o

.debug_ranges   0x0000000000000000       0xb8
 .debug_ranges  0x0000000000000000       0x20 ./COTS/01MCAL/00RCC/RCC_program.o
 .debug_ranges  0x0000000000000020       0x30 ./COTS/01MCAL/01GPIO/GPIO_program.o
 .debug_ranges  0x0000000000000050       0x20 ./COTS/02ECU/BUZZER/BUZZER_program.o
 .debug_ranges  0x0000000000000070       0x18 ./COTS/02ECU/PROXIMITY/PROXIMITY_program.o
 .debug_ranges  0x0000000000000088       0x10 ./Src/main.o
 .debug_ranges  0x0000000000000098       0x20 ./Startup/startup_stm32f103c8tx.o

.debug_macro    0x0000000000000000     0x103b
 .debug_macro   0x0000000000000000       0x4a ./COTS/01MCAL/00RCC/RCC_program.o
 .debug_macro   0x000000000000004a      0xa72 ./COTS/01MCAL/00RCC/RCC_program.o
 .debug_macro   0x0000000000000abc       0x10 ./COTS/01MCAL/00RCC/RCC_program.o
 .debug_macro   0x0000000000000acc       0x28 ./COTS/01MCAL/00RCC/RCC_program.o
 .debug_macro   0x0000000000000af4       0x46 ./COTS/01MCAL/00RCC/RCC_program.o
 .debug_macro   0x0000000000000b3a      0x17e ./COTS/01MCAL/00RCC/RCC_program.o
 .debug_macro   0x0000000000000cb8      0x172 ./COTS/01MCAL/00RCC/RCC_program.o
 .debug_macro   0x0000000000000e2a       0x3e ./COTS/01MCAL/01GPIO/GPIO_program.o
 .debug_macro   0x0000000000000e68       0xee ./COTS/01MCAL/01GPIO/GPIO_program.o
 .debug_macro   0x0000000000000f56       0x1c ./COTS/01MCAL/01GPIO/GPIO_program.o
 .debug_macro   0x0000000000000f72       0x36 ./COTS/02ECU/BUZZER/BUZZER_program.o
 .debug_macro   0x0000000000000fa8       0x36 ./COTS/02ECU/PROXIMITY/PROXIMITY_program.o
 .debug_macro   0x0000000000000fde       0x5d ./Src/main.o

.debug_line     0x0000000000000000      0x92e
 .debug_line    0x0000000000000000      0x166 ./COTS/01MCAL/00RCC/RCC_program.o
 .debug_line    0x0000000000000166      0x304 ./COTS/01MCAL/01GPIO/GPIO_program.o
 .debug_line    0x000000000000046a      0x11e ./COTS/02ECU/BUZZER/BUZZER_program.o
 .debug_line    0x0000000000000588      0x115 ./COTS/02ECU/PROXIMITY/PROXIMITY_program.o
 .debug_line    0x000000000000069d      0x20d ./Src/main.o
 .debug_line    0x00000000000008aa       0x84 ./Startup/startup_stm32f103c8tx.o

.debug_str      0x0000000000000000     0x39e3
 .debug_str     0x0000000000000000     0x34b0 ./COTS/01MCAL/00RCC/RCC_program.o
                                       0x350f (size before relaxing)
 .debug_str     0x00000000000034b0      0x3de ./COTS/01MCAL/01GPIO/GPIO_program.o
                                       0x3483 (size before relaxing)
 .debug_str     0x000000000000388e       0x68 ./COTS/02ECU/BUZZER/BUZZER_program.o
                                       0x30f1 (size before relaxing)
 .debug_str     0x00000000000038f6       0x71 ./COTS/02ECU/PROXIMITY/PROXIMITY_program.o
                                       0x310f (size before relaxing)
 .debug_str     0x0000000000003967       0x4b ./Src/main.o
                                       0x340c (size before relaxing)
 .debug_str     0x00000000000039b2       0x31 ./Startup/startup_stm32f103c8tx.o
                                         0x4e (size before relaxing)

.comment        0x0000000000000000       0x50
 .comment       0x0000000000000000       0x50 ./COTS/01MCAL/00RCC/RCC_program.o
                                         0x51 (size before relaxing)
 .comment       0x0000000000000050       0x51 ./COTS/01MCAL/01GPIO/GPIO_program.o
 .comment       0x0000000000000050       0x51 ./COTS/02ECU/BUZZER/BUZZER_program.o
 .comment       0x0000000000000050       0x51 ./COTS/02ECU/PROXIMITY/PROXIMITY_program.o
 .comment       0x0000000000000050       0x51 ./Src/main.o

.debug_frame    0x0000000000000000      0x288
 .debug_frame   0x0000000000000000       0x80 ./COTS/01MCAL/00RCC/RCC_program.o
 .debug_frame   0x0000000000000080       0xd8 ./COTS/01MCAL/01GPIO/GPIO_program.o
 .debug_frame   0x0000000000000158       0x7c ./COTS/02ECU/BUZZER/BUZZER_program.o
 .debug_frame   0x00000000000001d4       0x58 ./COTS/02ECU/PROXIMITY/PROXIMITY_program.o
 .debug_frame   0x000000000000022c       0x30 ./Src/main.o
 .debug_frame   0x000000000000025c       0x2c c:/st/stm32cubeide_1.12.1/stm32cubeide/plugins/com.st.stm32cube.ide.mcu.externaltools.gnu-tools-for-stm32.10.3-2021.10.win32_1.0.200.202301161003/tools/bin/../lib/gcc/arm-none-eabi/10.3.1/../../../../arm-none-eabi/lib/thumb/v7-m/nofp\libc_nano.a(lib_a-init.o)
