Archive member included to satisfy reference by file (symbol)

c:/st/stm32cubeide_1.12.1/stm32cubeide/plugins/com.st.stm32cube.ide.mcu.externaltools.gnu-tools-for-stm32.10.3-2021.10.win32_1.0.200.202301161003/tools/bin/../lib/gcc/arm-none-eabi/10.3.1/../../../../arm-none-eabi/lib/thumb/v7-m/nofp\libc_nano.a(lib_a-exit.o)
                              c:/st/stm32cubeide_1.12.1/stm32cubeide/plugins/com.st.stm32cube.ide.mcu.externaltools.gnu-tools-for-stm32.10.3-2021.10.win32_1.0.200.202301161003/tools/bin/../lib/gcc/arm-none-eabi/10.3.1/../../../../arm-none-eabi/lib/thumb/v7-m/nofp/crt0.o (exit)
c:/st/stm32cubeide_1.12.1/stm32cubeide/plugins/com.st.stm32cube.ide.mcu.externaltools.gnu-tools-for-stm32.10.3-2021.10.win32_1.0.200.202301161003/tools/bin/../lib/gcc/arm-none-eabi/10.3.1/../../../../arm-none-eabi/lib/thumb/v7-m/nofp\libc_nano.a(lib_a-impure.o)
                              c:/st/stm32cubeide_1.12.1/stm32cubeide/plugins/com.st.stm32cube.ide.mcu.externaltools.gnu-tools-for-stm32.10.3-2021.10.win32_1.0.200.202301161003/tools/bin/../lib/gcc/arm-none-eabi/10.3.1/../../../../arm-none-eabi/lib/thumb/v7-m/nofp\libc_nano.a(lib_a-exit.o) (_global_impure_ptr)
c:/st/stm32cubeide_1.12.1/stm32cubeide/plugins/com.st.stm32cube.ide.mcu.externaltools.gnu-tools-for-stm32.10.3-2021.10.win32_1.0.200.202301161003/tools/bin/../lib/gcc/arm-none-eabi/10.3.1/../../../../arm-none-eabi/lib/thumb/v7-m/nofp\libc_nano.a(lib_a-init.o)
                              c:/st/stm32cubeide_1.12.1/stm32cubeide/plugins/com.st.stm32cube.ide.mcu.externaltools.gnu-tools-for-stm32.10.3-2021.10.win32_1.0.200.202301161003/tools/bin/../lib/gcc/arm-none-eabi/10.3.1/../../../../arm-none-eabi/lib/thumb/v7-m/nofp/crt0.o (__libc_init_array)
c:/st/stm32cubeide_1.12.1/stm32cubeide/plugins/com.st.stm32cube.ide.mcu.externaltools.gnu-tools-for-stm32.10.3-2021.10.win32_1.0.200.202301161003/tools/bin/../lib/gcc/arm-none-eabi/10.3.1/../../../../arm-none-eabi/lib/thumb/v7-m/nofp\libc_nano.a(lib_a-memset.o)
                              c:/st/stm32cubeide_1.12.1/stm32cubeide/plugins/com.st.stm32cube.ide.mcu.externaltools.gnu-tools-for-stm32.10.3-2021.10.win32_1.0.200.202301161003/tools/bin/../lib/gcc/arm-none-eabi/10.3.1/../../../../arm-none-eabi/lib/thumb/v7-m/nofp/crt0.o (memset)
c:/st/stm32cubeide_1.12.1/stm32cubeide/plugins/com.st.stm32cube.ide.mcu.externaltools.gnu-tools-for-stm32.10.3-2021.10.win32_1.0.200.202301161003/tools/bin/../lib/gcc/arm-none-eabi/10.3.1/../../../../arm-none-eabi/lib/thumb/v7-m/nofp\libnosys.a(_exit.o)
                              c:/st/stm32cubeide_1.12.1/stm32cubeide/plugins/com.st.stm32cube.ide.mcu.externaltools.gnu-tools-for-stm32.10.3-2021.10.win32_1.0.200.202301161003/tools/bin/../lib/gcc/arm-none-eabi/10.3.1/../../../../arm-none-eabi/lib/thumb/v7-m/nofp\libc_nano.a(lib_a-exit.o) (_exit)

Discarded input sections

 .text          0x0000000000000000        0x0 c:/st/stm32cubeide_1.12.1/stm32cubeide/plugins/com.st.stm32cube.ide.mcu.externaltools.gnu-tools-for-stm32.10.3-2021.10.win32_1.0.200.202301161003/tools/bin/../lib/gcc/arm-none-eabi/10.3.1/thumb/v7-m/nofp/crti.o
 .data          0x0000000000000000        0x0 c:/st/stm32cubeide_1.12.1/stm32cubeide/plugins/com.st.stm32cube.ide.mcu.externaltools.gnu-tools-for-stm32.10.3-2021.10.win32_1.0.200.202301161003/tools/bin/../lib/gcc/arm-none-eabi/10.3.1/thumb/v7-m/nofp/crti.o
 .bss           0x0000000000000000        0x0 c:/st/stm32cubeide_1.12.1/stm32cubeide/plugins/com.st.stm32cube.ide.mcu.externaltools.gnu-tools-for-stm32.10.3-2021.10.win32_1.0.200.202301161003/tools/bin/../lib/gcc/arm-none-eabi/10.3.1/thumb/v7-m/nofp/crti.o
 .data          0x0000000000000000        0x4 c:/st/stm32cubeide_1.12.1/stm32cubeide/plugins/com.st.stm32cube.ide.mcu.externaltools.gnu-tools-for-stm32.10.3-2021.10.win32_1.0.200.202301161003/tools/bin/../lib/gcc/arm-none-eabi/10.3.1/thumb/v7-m/nofp/crtbegin.o
 .rodata        0x0000000000000000       0x24 c:/st/stm32cubeide_1.12.1/stm32cubeide/plugins/com.st.stm32cube.ide.mcu.externaltools.gnu-tools-for-stm32.10.3-2021.10.win32_1.0.200.202301161003/tools/bin/../lib/gcc/arm-none-eabi/10.3.1/thumb/v7-m/nofp/crtbegin.o
 .text          0x0000000000000000       0x7c c:/st/stm32cubeide_1.12.1/stm32cubeide/plugins/com.st.stm32cube.ide.mcu.externaltools.gnu-tools-for-stm32.10.3-2021.10.win32_1.0.200.202301161003/tools/bin/../lib/gcc/arm-none-eabi/10.3.1/../../../../arm-none-eabi/lib/thumb/v7-m/nofp/crt0.o
 .data          0x0000000000000000        0x0 c:/st/stm32cubeide_1.12.1/stm32cubeide/plugins/com.st.stm32cube.ide.mcu.externaltools.gnu-tools-for-stm32.10.3-2021.10.win32_1.0.200.202301161003/tools/bin/../lib/gcc/arm-none-eabi/10.3.1/../../../../arm-none-eabi/lib/thumb/v7-m/nofp/crt0.o
 .bss           0x0000000000000000        0x0 c:/st/stm32cubeide_1.12.1/stm32cubeide/plugins/com.st.stm32cube.ide.mcu.externaltools.gnu-tools-for-stm32.10.3-2021.10.win32_1.0.200.202301161003/tools/bin/../lib/gcc/arm-none-eabi/10.3.1/../../../../arm-none-eabi/lib/thumb/v7-m/nofp/crt0.o
 .ARM.extab     0x0000000000000000        0x0 c:/st/stm32cubeide_1.12.1/stm32cubeide/plugins/com.st.stm32cube.ide.mcu.externaltools.gnu-tools-for-stm32.10.3-2021.10.win32_1.0.200.202301161003/tools/bin/../lib/gcc/arm-none-eabi/10.3.1/../../../../arm-none-eabi/lib/thumb/v7-m/nofp/crt0.o
 .ARM.exidx     0x0000000000000000       0x10 c:/st/stm32cubeide_1.12.1/stm32cubeide/plugins/com.st.stm32cube.ide.mcu.externaltools.gnu-tools-for-stm32.10.3-2021.10.win32_1.0.200.202301161003/tools/bin/../lib/gcc/arm-none-eabi/10.3.1/../../../../arm-none-eabi/lib/thumb/v7-m/nofp/crt0.o
 .ARM.attributes
                0x0000000000000000       0x1b c:/st/stm32cubeide_1.12.1/stm32cubeide/plugins/com.st.stm32cube.ide.mcu.externaltools.gnu-tools-for-stm32.10.3-2021.10.win32_1.0.200.202301161003/tools/bin/../lib/gcc/arm-none-eabi/10.3.1/../../../../arm-none-eabi/lib/thumb/v7-m/nofp/crt0.o
 .group         0x0000000000000000        0xc ./COTS/01MCAL/00RCC/RCC_program.o
 .group         0x0000000000000000        0xc ./COTS/01MCAL/00RCC/RCC_program.o
 .group         0x0000000000000000        0xc ./COTS/01MCAL/00RCC/RCC_program.o
 .group         0x0000000000000000        0xc ./COTS/01MCAL/00RCC/RCC_program.o
 .group         0x0000000000000000        0xc ./COTS/01MCAL/00RCC/RCC_program.o
 .group         0x0000000000000000        0xc ./COTS/01MCAL/00RCC/RCC_program.o
 .text          0x0000000000000000        0x0 ./COTS/01MCAL/00RCC/RCC_program.o
 .data          0x0000000000000000        0x0 ./COTS/01MCAL/00RCC/RCC_program.o
 .bss           0x0000000000000000        0x0 ./COTS/01MCAL/00RCC/RCC_program.o
 .text.RCC_voidDisablePerClk
                0x0000000000000000       0x80 ./COTS/01MCAL/00RCC/RCC_program.o
 .group         0x0000000000000000        0xc ./COTS/01MCAL/01GPIO/GPIO_program.o
 .group         0x0000000000000000        0xc ./COTS/01MCAL/01GPIO/GPIO_program.o
 .group         0x0000000000000000        0xc ./COTS/01MCAL/01GPIO/GPIO_program.o
 .group         0x0000000000000000        0xc ./COTS/01MCAL/01GPIO/GPIO_program.o
 .group         0x0000000000000000        0xc ./COTS/01MCAL/01GPIO/GPIO_program.o
 .group         0x0000000000000000        0xc ./COTS/01MCAL/01GPIO/GPIO_program.o
 .text          0x0000000000000000        0x0 ./COTS/01MCAL/01GPIO/GPIO_program.o
 .data          0x0000000000000000        0x0 ./COTS/01MCAL/01GPIO/GPIO_program.o
 .bss           0x0000000000000000        0x0 ./COTS/01MCAL/01GPIO/GPIO_program.o
 .text.GPIO_voidGetPinValue
                0x0000000000000000       0x88 ./COTS/01MCAL/01GPIO/GPIO_program.o
 .text.GPIO_voidTogPinValue
                0x0000000000000000       0x8c ./COTS/01MCAL/01GPIO/GPIO_program.o
 .text.GPIO_voidWriteValue
                0x0000000000000000       0x88 ./COTS/01MCAL/01GPIO/GPIO_program.o
 .debug_macro   0x0000000000000000      0xa72 ./COTS/01MCAL/01GPIO/GPIO_program.o
 .debug_macro   0x0000000000000000       0x28 ./COTS/01MCAL/01GPIO/GPIO_program.o
 .debug_macro   0x0000000000000000       0x10 ./COTS/01MCAL/01GPIO/GPIO_program.o
 .debug_macro   0x0000000000000000      0x17e ./COTS/01MCAL/01GPIO/GPIO_program.o
 .group         0x0000000000000000        0xc ./COTS/01MCAL/02NVIC/NVIC_program.o
 .group         0x0000000000000000        0xc ./COTS/01MCAL/02NVIC/NVIC_program.o
 .group         0x0000000000000000        0xc ./COTS/01MCAL/02NVIC/NVIC_program.o
 .group         0x0000000000000000        0xc ./COTS/01MCAL/02NVIC/NVIC_program.o
 .group         0x0000000000000000        0xc ./COTS/01MCAL/02NVIC/NVIC_program.o
 .text          0x0000000000000000        0x0 ./COTS/01MCAL/02NVIC/NVIC_program.o
 .data          0x0000000000000000        0x0 ./COTS/01MCAL/02NVIC/NVIC_program.o
 .bss           0x0000000000000000        0x0 ./COTS/01MCAL/02NVIC/NVIC_program.o
 .text.NVIC_voidInit
                0x0000000000000000       0x1c ./COTS/01MCAL/02NVIC/NVIC_program.o
 .text.NVIC_voidEnablePerInt
                0x0000000000000000       0x40 ./COTS/01MCAL/02NVIC/NVIC_program.o
 .text.NVIC_voidDisablePerInt
                0x0000000000000000       0x44 ./COTS/01MCAL/02NVIC/NVIC_program.o
 .text.NVIC_voidSetPendingFlag
                0x0000000000000000       0x44 ./COTS/01MCAL/02NVIC/NVIC_program.o
 .text.NVIC_voidClrPendingFlag
                0x0000000000000000       0x44 ./COTS/01MCAL/02NVIC/NVIC_program.o
 .text.NVIC_u8ReadActiveFlag
                0x0000000000000000       0x5c ./COTS/01MCAL/02NVIC/NVIC_program.o
 .text.NVIC_voidSetSwIntPriority
                0x0000000000000000       0x3c ./COTS/01MCAL/02NVIC/NVIC_program.o
 .debug_info    0x0000000000000000      0x331 ./COTS/01MCAL/02NVIC/NVIC_program.o
 .debug_abbrev  0x0000000000000000      0x11e ./COTS/01MCAL/02NVIC/NVIC_program.o
 .debug_aranges
                0x0000000000000000       0x50 ./COTS/01MCAL/02NVIC/NVIC_program.o
 .debug_ranges  0x0000000000000000       0x40 ./COTS/01MCAL/02NVIC/NVIC_program.o
 .debug_macro   0x0000000000000000       0x4b ./COTS/01MCAL/02NVIC/NVIC_program.o
 .debug_macro   0x0000000000000000      0xa72 ./COTS/01MCAL/02NVIC/NVIC_program.o
 .debug_macro   0x0000000000000000       0x28 ./COTS/01MCAL/02NVIC/NVIC_program.o
 .debug_macro   0x0000000000000000       0x10 ./COTS/01MCAL/02NVIC/NVIC_program.o
 .debug_macro   0x0000000000000000       0x10 ./COTS/01MCAL/02NVIC/NVIC_program.o
 .debug_macro   0x0000000000000000       0x34 ./COTS/01MCAL/02NVIC/NVIC_program.o
 .debug_line    0x0000000000000000      0x1e9 ./COTS/01MCAL/02NVIC/NVIC_program.o
 .debug_str     0x0000000000000000     0x30c9 ./COTS/01MCAL/02NVIC/NVIC_program.o
 .comment       0x0000000000000000       0x51 ./COTS/01MCAL/02NVIC/NVIC_program.o
 .debug_frame   0x0000000000000000      0x120 ./COTS/01MCAL/02NVIC/NVIC_program.o
 .ARM.attributes
                0x0000000000000000       0x2d ./COTS/01MCAL/02NVIC/NVIC_program.o
 .group         0x0000000000000000        0xc ./COTS/01MCAL/09 I2C/I2C_program.o
 .group         0x0000000000000000        0xc ./COTS/01MCAL/09 I2C/I2C_program.o
 .group         0x0000000000000000        0xc ./COTS/01MCAL/09 I2C/I2C_program.o
 .group         0x0000000000000000        0xc ./COTS/01MCAL/09 I2C/I2C_program.o
 .group         0x0000000000000000        0xc ./COTS/01MCAL/09 I2C/I2C_program.o
 .text          0x0000000000000000        0x0 ./COTS/01MCAL/09 I2C/I2C_program.o
 .data          0x0000000000000000        0x0 ./COTS/01MCAL/09 I2C/I2C_program.o
 .bss           0x0000000000000000        0x0 ./COTS/01MCAL/09 I2C/I2C_program.o
 .debug_macro   0x0000000000000000      0xa72 ./COTS/01MCAL/09 I2C/I2C_program.o
 .debug_macro   0x0000000000000000       0x10 ./COTS/01MCAL/09 I2C/I2C_program.o
 .debug_macro   0x0000000000000000       0x28 ./COTS/01MCAL/09 I2C/I2C_program.o
 .group         0x0000000000000000        0xc ./COTS/01MCAL/Delay/Delay_program.o
 .group         0x0000000000000000        0xc ./COTS/01MCAL/Delay/Delay_program.o
 .group         0x0000000000000000        0xc ./COTS/01MCAL/Delay/Delay_program.o
 .text          0x0000000000000000        0x0 ./COTS/01MCAL/Delay/Delay_program.o
 .data          0x0000000000000000        0x0 ./COTS/01MCAL/Delay/Delay_program.o
 .bss           0x0000000000000000        0x0 ./COTS/01MCAL/Delay/Delay_program.o
 .debug_macro   0x0000000000000000      0xa72 ./COTS/01MCAL/Delay/Delay_program.o
 .debug_macro   0x0000000000000000       0x28 ./COTS/01MCAL/Delay/Delay_program.o
 .debug_macro   0x0000000000000000       0x10 ./COTS/01MCAL/Delay/Delay_program.o
 .group         0x0000000000000000        0xc ./COTS/02ECU/BUZZER/BUZZER_program.o
 .group         0x0000000000000000        0xc ./COTS/02ECU/BUZZER/BUZZER_program.o
 .group         0x0000000000000000        0xc ./COTS/02ECU/BUZZER/BUZZER_program.o
 .group         0x0000000000000000        0xc ./COTS/02ECU/BUZZER/BUZZER_program.o
 .text          0x0000000000000000        0x0 ./COTS/02ECU/BUZZER/BUZZER_program.o
 .data          0x0000000000000000        0x0 ./COTS/02ECU/BUZZER/BUZZER_program.o
 .bss           0x0000000000000000        0x0 ./COTS/02ECU/BUZZER/BUZZER_program.o
 .text.BUZZER_voidInit
                0x0000000000000000       0x24 ./COTS/02ECU/BUZZER/BUZZER_program.o
 .text.BUZZER_voidON
                0x0000000000000000       0x24 ./COTS/02ECU/BUZZER/BUZZER_program.o
 .text.BUZZER_voidOFF
                0x0000000000000000       0x24 ./COTS/02ECU/BUZZER/BUZZER_program.o
 .debug_info    0x0000000000000000      0x14e ./COTS/02ECU/BUZZER/BUZZER_program.o
 .debug_abbrev  0x0000000000000000       0xb0 ./COTS/02ECU/BUZZER/BUZZER_program.o
 .debug_aranges
                0x0000000000000000       0x30 ./COTS/02ECU/BUZZER/BUZZER_program.o
 .debug_ranges  0x0000000000000000       0x20 ./COTS/02ECU/BUZZER/BUZZER_program.o
 .debug_macro   0x0000000000000000       0x36 ./COTS/02ECU/BUZZER/BUZZER_program.o
 .debug_macro   0x0000000000000000      0xa72 ./COTS/02ECU/BUZZER/BUZZER_program.o
 .debug_macro   0x0000000000000000       0x28 ./COTS/02ECU/BUZZER/BUZZER_program.o
 .debug_macro   0x0000000000000000       0x10 ./COTS/02ECU/BUZZER/BUZZER_program.o
 .debug_macro   0x0000000000000000       0xee ./COTS/02ECU/BUZZER/BUZZER_program.o
 .debug_line    0x0000000000000000      0x11e ./COTS/02ECU/BUZZER/BUZZER_program.o
 .debug_str     0x0000000000000000     0x30f1 ./COTS/02ECU/BUZZER/BUZZER_program.o
 .comment       0x0000000000000000       0x51 ./COTS/02ECU/BUZZER/BUZZER_program.o
 .debug_frame   0x0000000000000000       0x7c ./COTS/02ECU/BUZZER/BUZZER_program.o
 .ARM.attributes
                0x0000000000000000       0x2d ./COTS/02ECU/BUZZER/BUZZER_program.o
 .group         0x0000000000000000        0xc ./COTS/02ECU/KEYPAD/KEYPAD_program.o
 .group         0x0000000000000000        0xc ./COTS/02ECU/KEYPAD/KEYPAD_program.o
 .group         0x0000000000000000        0xc ./COTS/02ECU/KEYPAD/KEYPAD_program.o
 .group         0x0000000000000000        0xc ./COTS/02ECU/KEYPAD/KEYPAD_program.o
 .group         0x0000000000000000        0xc ./COTS/02ECU/KEYPAD/KEYPAD_program.o
 .text          0x0000000000000000        0x0 ./COTS/02ECU/KEYPAD/KEYPAD_program.o
 .data          0x0000000000000000        0x0 ./COTS/02ECU/KEYPAD/KEYPAD_program.o
 .bss           0x0000000000000000        0x0 ./COTS/02ECU/KEYPAD/KEYPAD_program.o
 .data.KEY_GIT  0x0000000000000000       0x10 ./COTS/02ECU/KEYPAD/KEYPAD_program.o
 .text.KEYPAD_voidInit
                0x0000000000000000       0x64 ./COTS/02ECU/KEYPAD/KEYPAD_program.o
 .text.KEYPAD_u8Read
                0x0000000000000000       0x80 ./COTS/02ECU/KEYPAD/KEYPAD_program.o
 .debug_info    0x0000000000000000      0x1b5 ./COTS/02ECU/KEYPAD/KEYPAD_program.o
 .debug_abbrev  0x0000000000000000      0x102 ./COTS/02ECU/KEYPAD/KEYPAD_program.o
 .debug_aranges
                0x0000000000000000       0x28 ./COTS/02ECU/KEYPAD/KEYPAD_program.o
 .debug_ranges  0x0000000000000000       0x18 ./COTS/02ECU/KEYPAD/KEYPAD_program.o
 .debug_macro   0x0000000000000000       0x3f ./COTS/02ECU/KEYPAD/KEYPAD_program.o
 .debug_macro   0x0000000000000000      0xa72 ./COTS/02ECU/KEYPAD/KEYPAD_program.o
 .debug_macro   0x0000000000000000       0x28 ./COTS/02ECU/KEYPAD/KEYPAD_program.o
 .debug_macro   0x0000000000000000       0x10 ./COTS/02ECU/KEYPAD/KEYPAD_program.o
 .debug_macro   0x0000000000000000       0xee ./COTS/02ECU/KEYPAD/KEYPAD_program.o
 .debug_macro   0x0000000000000000       0x16 ./COTS/02ECU/KEYPAD/KEYPAD_program.o
 .debug_line    0x0000000000000000      0x1c3 ./COTS/02ECU/KEYPAD/KEYPAD_program.o
 .debug_str     0x0000000000000000     0x314f ./COTS/02ECU/KEYPAD/KEYPAD_program.o
 .comment       0x0000000000000000       0x51 ./COTS/02ECU/KEYPAD/KEYPAD_program.o
 .debug_frame   0x0000000000000000       0x58 ./COTS/02ECU/KEYPAD/KEYPAD_program.o
 .ARM.attributes
                0x0000000000000000       0x2d ./COTS/02ECU/KEYPAD/KEYPAD_program.o
 .group         0x0000000000000000        0xc ./COTS/02ECU/LCD/LCD_program.o
 .group         0x0000000000000000        0xc ./COTS/02ECU/LCD/LCD_program.o
 .group         0x0000000000000000        0xc ./COTS/02ECU/LCD/LCD_program.o
 .group         0x0000000000000000        0xc ./COTS/02ECU/LCD/LCD_program.o
 .group         0x0000000000000000        0xc ./COTS/02ECU/LCD/LCD_program.o
 .group         0x0000000000000000        0xc ./COTS/02ECU/LCD/LCD_program.o
 .text          0x0000000000000000        0x0 ./COTS/02ECU/LCD/LCD_program.o
 .data          0x0000000000000000        0x0 ./COTS/02ECU/LCD/LCD_program.o
 .bss           0x0000000000000000        0x0 ./COTS/02ECU/LCD/LCD_program.o
 .text.LCD_void_8bitSendCommand
                0x0000000000000000       0x52 ./COTS/02ECU/LCD/LCD_program.o
 .text.LCD_void_8bitInit
                0x0000000000000000       0x6e ./COTS/02ECU/LCD/LCD_program.o
 .text.LCD_void_8bitSendChar
                0x0000000000000000       0x52 ./COTS/02ECU/LCD/LCD_program.o
 .text.LCD_void_8bitSendString
                0x0000000000000000       0x38 ./COTS/02ECU/LCD/LCD_program.o
 .debug_info    0x0000000000000000      0x1a3 ./COTS/02ECU/LCD/LCD_program.o
 .debug_abbrev  0x0000000000000000       0xda ./COTS/02ECU/LCD/LCD_program.o
 .debug_aranges
                0x0000000000000000       0x38 ./COTS/02ECU/LCD/LCD_program.o
 .debug_ranges  0x0000000000000000       0x28 ./COTS/02ECU/LCD/LCD_program.o
 .debug_macro   0x0000000000000000       0x76 ./COTS/02ECU/LCD/LCD_program.o
 .debug_macro   0x0000000000000000      0xa72 ./COTS/02ECU/LCD/LCD_program.o
 .debug_macro   0x0000000000000000       0x28 ./COTS/02ECU/LCD/LCD_program.o
 .debug_macro   0x0000000000000000       0x10 ./COTS/02ECU/LCD/LCD_program.o
 .debug_macro   0x0000000000000000       0xee ./COTS/02ECU/LCD/LCD_program.o
 .debug_macro   0x0000000000000000       0x5e ./COTS/02ECU/LCD/LCD_program.o
 .debug_macro   0x0000000000000000       0x40 ./COTS/02ECU/LCD/LCD_program.o
 .debug_line    0x0000000000000000      0x1cb ./COTS/02ECU/LCD/LCD_program.o
 .debug_str     0x0000000000000000     0x339a ./COTS/02ECU/LCD/LCD_program.o
 .comment       0x0000000000000000       0x51 ./COTS/02ECU/LCD/LCD_program.o
 .debug_frame   0x0000000000000000       0xa0 ./COTS/02ECU/LCD/LCD_program.o
 .ARM.attributes
                0x0000000000000000       0x2d ./COTS/02ECU/LCD/LCD_program.o
 .group         0x0000000000000000        0xc ./COTS/02ECU/LED/LED_program.o
 .group         0x0000000000000000        0xc ./COTS/02ECU/LED/LED_program.o
 .group         0x0000000000000000        0xc ./COTS/02ECU/LED/LED_program.o
 .group         0x0000000000000000        0xc ./COTS/02ECU/LED/LED_program.o
 .text          0x0000000000000000        0x0 ./COTS/02ECU/LED/LED_program.o
 .data          0x0000000000000000        0x0 ./COTS/02ECU/LED/LED_program.o
 .bss           0x0000000000000000        0x0 ./COTS/02ECU/LED/LED_program.o
 .text.LED_voidInit
                0x0000000000000000       0x24 ./COTS/02ECU/LED/LED_program.o
 .text.LED_voidON
                0x0000000000000000       0x24 ./COTS/02ECU/LED/LED_program.o
 .text.LED_voidOFF
                0x0000000000000000       0x24 ./COTS/02ECU/LED/LED_program.o
 .debug_info    0x0000000000000000      0x14e ./COTS/02ECU/LED/LED_program.o
 .debug_abbrev  0x0000000000000000       0xb0 ./COTS/02ECU/LED/LED_program.o
 .debug_aranges
                0x0000000000000000       0x30 ./COTS/02ECU/LED/LED_program.o
 .debug_ranges  0x0000000000000000       0x20 ./COTS/02ECU/LED/LED_program.o
 .debug_macro   0x0000000000000000       0x36 ./COTS/02ECU/LED/LED_program.o
 .debug_macro   0x0000000000000000      0xa72 ./COTS/02ECU/LED/LED_program.o
 .debug_macro   0x0000000000000000       0x28 ./COTS/02ECU/LED/LED_program.o
 .debug_macro   0x0000000000000000       0x10 ./COTS/02ECU/LED/LED_program.o
 .debug_macro   0x0000000000000000       0xee ./COTS/02ECU/LED/LED_program.o
 .debug_line    0x0000000000000000      0x115 ./COTS/02ECU/LED/LED_program.o
 .debug_str     0x0000000000000000     0x30df ./COTS/02ECU/LED/LED_program.o
 .comment       0x0000000000000000       0x51 ./COTS/02ECU/LED/LED_program.o
 .debug_frame   0x0000000000000000       0x7c ./COTS/02ECU/LED/LED_program.o
 .ARM.attributes
                0x0000000000000000       0x2d ./COTS/02ECU/LED/LED_program.o
 .group         0x0000000000000000        0xc ./COTS/02ECU/PROXIMITY/PROXIMITY_program.o
 .group         0x0000000000000000        0xc ./COTS/02ECU/PROXIMITY/PROXIMITY_program.o
 .group         0x0000000000000000        0xc ./COTS/02ECU/PROXIMITY/PROXIMITY_program.o
 .group         0x0000000000000000        0xc ./COTS/02ECU/PROXIMITY/PROXIMITY_program.o
 .text          0x0000000000000000        0x0 ./COTS/02ECU/PROXIMITY/PROXIMITY_program.o
 .data          0x0000000000000000        0x0 ./COTS/02ECU/PROXIMITY/PROXIMITY_program.o
 .bss           0x0000000000000000        0x0 ./COTS/02ECU/PROXIMITY/PROXIMITY_program.o
 .text.PROXIMITY_voidInit
                0x0000000000000000       0x30 ./COTS/02ECU/PROXIMITY/PROXIMITY_program.o
 .text.PROXIMITY_u8GetValue
                0x0000000000000000       0x2e ./COTS/02ECU/PROXIMITY/PROXIMITY_program.o
 .debug_info    0x0000000000000000      0x147 ./COTS/02ECU/PROXIMITY/PROXIMITY_program.o
 .debug_abbrev  0x0000000000000000       0xda ./COTS/02ECU/PROXIMITY/PROXIMITY_program.o
 .debug_aranges
                0x0000000000000000       0x28 ./COTS/02ECU/PROXIMITY/PROXIMITY_program.o
 .debug_ranges  0x0000000000000000       0x18 ./COTS/02ECU/PROXIMITY/PROXIMITY_program.o
 .debug_macro   0x0000000000000000       0x36 ./COTS/02ECU/PROXIMITY/PROXIMITY_program.o
 .debug_macro   0x0000000000000000      0xa72 ./COTS/02ECU/PROXIMITY/PROXIMITY_program.o
 .debug_macro   0x0000000000000000       0x10 ./COTS/02ECU/PROXIMITY/PROXIMITY_program.o
 .debug_macro   0x0000000000000000       0x28 ./COTS/02ECU/PROXIMITY/PROXIMITY_program.o
 .debug_macro   0x0000000000000000       0xee ./COTS/02ECU/PROXIMITY/PROXIMITY_program.o
 .debug_line    0x0000000000000000      0x115 ./COTS/02ECU/PROXIMITY/PROXIMITY_program.o
 .debug_str     0x0000000000000000     0x310f ./COTS/02ECU/PROXIMITY/PROXIMITY_program.o
 .comment       0x0000000000000000       0x51 ./COTS/02ECU/PROXIMITY/PROXIMITY_program.o
 .debug_frame   0x0000000000000000       0x58 ./COTS/02ECU/PROXIMITY/PROXIMITY_program.o
 .ARM.attributes
                0x0000000000000000       0x2d ./COTS/02ECU/PROXIMITY/PROXIMITY_program.o
 .group         0x0000000000000000        0xc ./COTS/02ECU/Segment7/Segment7_program.o
 .group         0x0000000000000000        0xc ./COTS/02ECU/Segment7/Segment7_program.o
 .group         0x0000000000000000        0xc ./COTS/02ECU/Segment7/Segment7_program.o
 .group         0x0000000000000000        0xc ./COTS/02ECU/Segment7/Segment7_program.o
 .text          0x0000000000000000        0x0 ./COTS/02ECU/Segment7/Segment7_program.o
 .data          0x0000000000000000        0x0 ./COTS/02ECU/Segment7/Segment7_program.o
 .bss           0x0000000000000000        0x0 ./COTS/02ECU/Segment7/Segment7_program.o
 .data.NUM      0x0000000000000000        0xa ./COTS/02ECU/Segment7/Segment7_program.o
 .text.Segment7_voidInit
                0x0000000000000000       0x3c ./COTS/02ECU/Segment7/Segment7_program.o
 .text.Segment7_voidSetValue
                0x0000000000000000       0x34 ./COTS/02ECU/Segment7/Segment7_program.o
 .text.Segment7_voidDisplayON
                0x0000000000000000       0x28 ./COTS/02ECU/Segment7/Segment7_program.o
 .text.Segment7_voidDisplayOFF
                0x0000000000000000       0x28 ./COTS/02ECU/Segment7/Segment7_program.o
 .debug_info    0x0000000000000000      0x1dd ./COTS/02ECU/Segment7/Segment7_program.o
 .debug_abbrev  0x0000000000000000       0xd5 ./COTS/02ECU/Segment7/Segment7_program.o
 .debug_aranges
                0x0000000000000000       0x38 ./COTS/02ECU/Segment7/Segment7_program.o
 .debug_ranges  0x0000000000000000       0x28 ./COTS/02ECU/Segment7/Segment7_program.o
 .debug_macro   0x0000000000000000       0x2c ./COTS/02ECU/Segment7/Segment7_program.o
 .debug_macro   0x0000000000000000      0xa72 ./COTS/02ECU/Segment7/Segment7_program.o
 .debug_macro   0x0000000000000000       0x10 ./COTS/02ECU/Segment7/Segment7_program.o
 .debug_macro   0x0000000000000000       0xee ./COTS/02ECU/Segment7/Segment7_program.o
 .debug_macro   0x0000000000000000       0x46 ./COTS/02ECU/Segment7/Segment7_program.o
 .debug_line    0x0000000000000000      0x14f ./COTS/02ECU/Segment7/Segment7_program.o
 .debug_str     0x0000000000000000     0x30cc ./COTS/02ECU/Segment7/Segment7_program.o
 .comment       0x0000000000000000       0x51 ./COTS/02ECU/Segment7/Segment7_program.o
 .debug_frame   0x0000000000000000       0xa0 ./COTS/02ECU/Segment7/Segment7_program.o
 .ARM.attributes
                0x0000000000000000       0x2d ./COTS/02ECU/Segment7/Segment7_program.o
 .group         0x0000000000000000        0xc ./Src/I2C_main.o
 .group         0x0000000000000000        0xc ./Src/I2C_main.o
 .group         0x0000000000000000        0xc ./Src/I2C_main.o
 .group         0x0000000000000000        0xc ./Src/I2C_main.o
 .group         0x0000000000000000        0xc ./Src/I2C_main.o
 .text          0x0000000000000000        0x0 ./Src/I2C_main.o
 .data          0x0000000000000000        0x0 ./Src/I2C_main.o
 .bss           0x0000000000000000        0x0 ./Src/I2C_main.o
 .debug_macro   0x0000000000000000      0xa72 ./Src/I2C_main.o
 .debug_macro   0x0000000000000000       0x10 ./Src/I2C_main.o
 .debug_macro   0x0000000000000000       0x28 ./Src/I2C_main.o
 .debug_macro   0x0000000000000000      0x17e ./Src/I2C_main.o
 .debug_macro   0x0000000000000000       0xee ./Src/I2C_main.o
 .text          0x0000000000000000       0x14 ./Startup/startup_stm32f103c8tx.o
 .data          0x0000000000000000        0x0 ./Startup/startup_stm32f103c8tx.o
 .bss           0x0000000000000000        0x0 ./Startup/startup_stm32f103c8tx.o
 .text          0x0000000000000000        0x0 c:/st/stm32cubeide_1.12.1/stm32cubeide/plugins/com.st.stm32cube.ide.mcu.externaltools.gnu-tools-for-stm32.10.3-2021.10.win32_1.0.200.202301161003/tools/bin/../lib/gcc/arm-none-eabi/10.3.1/../../../../arm-none-eabi/lib/thumb/v7-m/nofp\libc_nano.a(lib_a-exit.o)
 .data          0x0000000000000000        0x0 c:/st/stm32cubeide_1.12.1/stm32cubeide/plugins/com.st.stm32cube.ide.mcu.externaltools.gnu-tools-for-stm32.10.3-2021.10.win32_1.0.200.202301161003/tools/bin/../lib/gcc/arm-none-eabi/10.3.1/../../../../arm-none-eabi/lib/thumb/v7-m/nofp\libc_nano.a(lib_a-exit.o)
 .bss           0x0000000000000000        0x0 c:/st/stm32cubeide_1.12.1/stm32cubeide/plugins/com.st.stm32cube.ide.mcu.externaltools.gnu-tools-for-stm32.10.3-2021.10.win32_1.0.200.202301161003/tools/bin/../lib/gcc/arm-none-eabi/10.3.1/../../../../arm-none-eabi/lib/thumb/v7-m/nofp\libc_nano.a(lib_a-exit.o)
 .text.exit     0x0000000000000000       0x28 c:/st/stm32cubeide_1.12.1/stm32cubeide/plugins/com.st.stm32cube.ide.mcu.externaltools.gnu-tools-for-stm32.10.3-2021.10.win32_1.0.200.202301161003/tools/bin/../lib/gcc/arm-none-eabi/10.3.1/../../../../arm-none-eabi/lib/thumb/v7-m/nofp\libc_nano.a(lib_a-exit.o)
 .debug_frame   0x0000000000000000       0x28 c:/st/stm32cubeide_1.12.1/stm32cubeide/plugins/com.st.stm32cube.ide.mcu.externaltools.gnu-tools-for-stm32.10.3-2021.10.win32_1.0.200.202301161003/tools/bin/../lib/gcc/arm-none-eabi/10.3.1/../../../../arm-none-eabi/lib/thumb/v7-m/nofp\libc_nano.a(lib_a-exit.o)
 .ARM.attributes
                0x0000000000000000       0x2d c:/st/stm32cubeide_1.12.1/stm32cubeide/plugins/com.st.stm32cube.ide.mcu.externaltools.gnu-tools-for-stm32.10.3-2021.10.win32_1.0.200.202301161003/tools/bin/../lib/gcc/arm-none-eabi/10.3.1/../../../../arm-none-eabi/lib/thumb/v7-m/nofp\libc_nano.a(lib_a-exit.o)
 .text          0x0000000000000000        0x0 c:/st/stm32cubeide_1.12.1/stm32cubeide/plugins/com.st.stm32cube.ide.mcu.externaltools.gnu-tools-for-stm32.10.3-2021.10.win32_1.0.200.202301161003/tools/bin/../lib/gcc/arm-none-eabi/10.3.1/../../../../arm-none-eabi/lib/thumb/v7-m/nofp\libc_nano.a(lib_a-impure.o)
 .data          0x0000000000000000        0x0 c:/st/stm32cubeide_1.12.1/stm32cubeide/plugins/com.st.stm32cube.ide.mcu.externaltools.gnu-tools-for-stm32.10.3-2021.10.win32_1.0.200.202301161003/tools/bin/../lib/gcc/arm-none-eabi/10.3.1/../../../../arm-none-eabi/lib/thumb/v7-m/nofp\libc_nano.a(lib_a-impure.o)
 .bss           0x0000000000000000        0x0 c:/st/stm32cubeide_1.12.1/stm32cubeide/plugins/com.st.stm32cube.ide.mcu.externaltools.gnu-tools-for-stm32.10.3-2021.10.win32_1.0.200.202301161003/tools/bin/../lib/gcc/arm-none-eabi/10.3.1/../../../../arm-none-eabi/lib/thumb/v7-m/nofp\libc_nano.a(lib_a-impure.o)
 .data._impure_ptr
                0x0000000000000000        0x4 c:/st/stm32cubeide_1.12.1/stm32cubeide/plugins/com.st.stm32cube.ide.mcu.externaltools.gnu-tools-for-stm32.10.3-2021.10.win32_1.0.200.202301161003/tools/bin/../lib/gcc/arm-none-eabi/10.3.1/../../../../arm-none-eabi/lib/thumb/v7-m/nofp\libc_nano.a(lib_a-impure.o)
 .data.impure_data
                0x0000000000000000       0x60 c:/st/stm32cubeide_1.12.1/stm32cubeide/plugins/com.st.stm32cube.ide.mcu.externaltools.gnu-tools-for-stm32.10.3-2021.10.win32_1.0.200.202301161003/tools/bin/../lib/gcc/arm-none-eabi/10.3.1/../../../../arm-none-eabi/lib/thumb/v7-m/nofp\libc_nano.a(lib_a-impure.o)
 .rodata._global_impure_ptr
                0x0000000000000000        0x4 c:/st/stm32cubeide_1.12.1/stm32cubeide/plugins/com.st.stm32cube.ide.mcu.externaltools.gnu-tools-for-stm32.10.3-2021.10.win32_1.0.200.202301161003/tools/bin/../lib/gcc/arm-none-eabi/10.3.1/../../../../arm-none-eabi/lib/thumb/v7-m/nofp\libc_nano.a(lib_a-impure.o)
 .ARM.attributes
                0x0000000000000000       0x2d c:/st/stm32cubeide_1.12.1/stm32cubeide/plugins/com.st.stm32cube.ide.mcu.externaltools.gnu-tools-for-stm32.10.3-2021.10.win32_1.0.200.202301161003/tools/bin/../lib/gcc/arm-none-eabi/10.3.1/../../../../arm-none-eabi/lib/thumb/v7-m/nofp\libc_nano.a(lib_a-impure.o)
 .text          0x0000000000000000        0x0 c:/st/stm32cubeide_1.12.1/stm32cubeide/plugins/com.st.stm32cube.ide.mcu.externaltools.gnu-tools-for-stm32.10.3-2021.10.win32_1.0.200.202301161003/tools/bin/../lib/gcc/arm-none-eabi/10.3.1/../../../../arm-none-eabi/lib/thumb/v7-m/nofp\libc_nano.a(lib_a-init.o)
 .data          0x0000000000000000        0x0 c:/st/stm32cubeide_1.12.1/stm32cubeide/plugins/com.st.stm32cube.ide.mcu.externaltools.gnu-tools-for-stm32.10.3-2021.10.win32_1.0.200.202301161003/tools/bin/../lib/gcc/arm-none-eabi/10.3.1/../../../../arm-none-eabi/lib/thumb/v7-m/nofp\libc_nano.a(lib_a-init.o)
 .bss           0x0000000000000000        0x0 c:/st/stm32cubeide_1.12.1/stm32cubeide/plugins/com.st.stm32cube.ide.mcu.externaltools.gnu-tools-for-stm32.10.3-2021.10.win32_1.0.200.202301161003/tools/bin/../lib/gcc/arm-none-eabi/10.3.1/../../../../arm-none-eabi/lib/thumb/v7-m/nofp\libc_nano.a(lib_a-init.o)
 .text          0x0000000000000000        0x0 c:/st/stm32cubeide_1.12.1/stm32cubeide/plugins/com.st.stm32cube.ide.mcu.externaltools.gnu-tools-for-stm32.10.3-2021.10.win32_1.0.200.202301161003/tools/bin/../lib/gcc/arm-none-eabi/10.3.1/../../../../arm-none-eabi/lib/thumb/v7-m/nofp\libc_nano.a(lib_a-memset.o)
 .data          0x0000000000000000        0x0 c:/st/stm32cubeide_1.12.1/stm32cubeide/plugins/com.st.stm32cube.ide.mcu.externaltools.gnu-tools-for-stm32.10.3-2021.10.win32_1.0.200.202301161003/tools/bin/../lib/gcc/arm-none-eabi/10.3.1/../../../../arm-none-eabi/lib/thumb/v7-m/nofp\libc_nano.a(lib_a-memset.o)
 .bss           0x0000000000000000        0x0 c:/st/stm32cubeide_1.12.1/stm32cubeide/plugins/com.st.stm32cube.ide.mcu.externaltools.gnu-tools-for-stm32.10.3-2021.10.win32_1.0.200.202301161003/tools/bin/../lib/gcc/arm-none-eabi/10.3.1/../../../../arm-none-eabi/lib/thumb/v7-m/nofp\libc_nano.a(lib_a-memset.o)
 .text.memset   0x0000000000000000       0x10 c:/st/stm32cubeide_1.12.1/stm32cubeide/plugins/com.st.stm32cube.ide.mcu.externaltools.gnu-tools-for-stm32.10.3-2021.10.win32_1.0.200.202301161003/tools/bin/../lib/gcc/arm-none-eabi/10.3.1/../../../../arm-none-eabi/lib/thumb/v7-m/nofp\libc_nano.a(lib_a-memset.o)
 .debug_frame   0x0000000000000000       0x20 c:/st/stm32cubeide_1.12.1/stm32cubeide/plugins/com.st.stm32cube.ide.mcu.externaltools.gnu-tools-for-stm32.10.3-2021.10.win32_1.0.200.202301161003/tools/bin/../lib/gcc/arm-none-eabi/10.3.1/../../../../arm-none-eabi/lib/thumb/v7-m/nofp\libc_nano.a(lib_a-memset.o)
 .ARM.attributes
                0x0000000000000000       0x2d c:/st/stm32cubeide_1.12.1/stm32cubeide/plugins/com.st.stm32cube.ide.mcu.externaltools.gnu-tools-for-stm32.10.3-2021.10.win32_1.0.200.202301161003/tools/bin/../lib/gcc/arm-none-eabi/10.3.1/../../../../arm-none-eabi/lib/thumb/v7-m/nofp\libc_nano.a(lib_a-memset.o)
 .text          0x0000000000000000        0x0 c:/st/stm32cubeide_1.12.1/stm32cubeide/plugins/com.st.stm32cube.ide.mcu.externaltools.gnu-tools-for-stm32.10.3-2021.10.win32_1.0.200.202301161003/tools/bin/../lib/gcc/arm-none-eabi/10.3.1/../../../../arm-none-eabi/lib/thumb/v7-m/nofp\libnosys.a(_exit.o)
 .data          0x0000000000000000        0x0 c:/st/stm32cubeide_1.12.1/stm32cubeide/plugins/com.st.stm32cube.ide.mcu.externaltools.gnu-tools-for-stm32.10.3-2021.10.win32_1.0.200.202301161003/tools/bin/../lib/gcc/arm-none-eabi/10.3.1/../../../../arm-none-eabi/lib/thumb/v7-m/nofp\libnosys.a(_exit.o)
 .bss           0x0000000000000000        0x0 c:/st/stm32cubeide_1.12.1/stm32cubeide/plugins/com.st.stm32cube.ide.mcu.externaltools.gnu-tools-for-stm32.10.3-2021.10.win32_1.0.200.202301161003/tools/bin/../lib/gcc/arm-none-eabi/10.3.1/../../../../arm-none-eabi/lib/thumb/v7-m/nofp\libnosys.a(_exit.o)
 .text._exit    0x0000000000000000        0x2 c:/st/stm32cubeide_1.12.1/stm32cubeide/plugins/com.st.stm32cube.ide.mcu.externaltools.gnu-tools-for-stm32.10.3-2021.10.win32_1.0.200.202301161003/tools/bin/../lib/gcc/arm-none-eabi/10.3.1/../../../../arm-none-eabi/lib/thumb/v7-m/nofp\libnosys.a(_exit.o)
 .debug_frame   0x0000000000000000       0x20 c:/st/stm32cubeide_1.12.1/stm32cubeide/plugins/com.st.stm32cube.ide.mcu.externaltools.gnu-tools-for-stm32.10.3-2021.10.win32_1.0.200.202301161003/tools/bin/../lib/gcc/arm-none-eabi/10.3.1/../../../../arm-none-eabi/lib/thumb/v7-m/nofp\libnosys.a(_exit.o)
 .ARM.attributes
                0x0000000000000000       0x2d c:/st/stm32cubeide_1.12.1/stm32cubeide/plugins/com.st.stm32cube.ide.mcu.externaltools.gnu-tools-for-stm32.10.3-2021.10.win32_1.0.200.202301161003/tools/bin/../lib/gcc/arm-none-eabi/10.3.1/../../../../arm-none-eabi/lib/thumb/v7-m/nofp\libnosys.a(_exit.o)
 .text          0x0000000000000000        0x0 c:/st/stm32cubeide_1.12.1/stm32cubeide/plugins/com.st.stm32cube.ide.mcu.externaltools.gnu-tools-for-stm32.10.3-2021.10.win32_1.0.200.202301161003/tools/bin/../lib/gcc/arm-none-eabi/10.3.1/thumb/v7-m/nofp/crtend.o
 .data          0x0000000000000000        0x0 c:/st/stm32cubeide_1.12.1/stm32cubeide/plugins/com.st.stm32cube.ide.mcu.externaltools.gnu-tools-for-stm32.10.3-2021.10.win32_1.0.200.202301161003/tools/bin/../lib/gcc/arm-none-eabi/10.3.1/thumb/v7-m/nofp/crtend.o
 .bss           0x0000000000000000        0x0 c:/st/stm32cubeide_1.12.1/stm32cubeide/plugins/com.st.stm32cube.ide.mcu.externaltools.gnu-tools-for-stm32.10.3-2021.10.win32_1.0.200.202301161003/tools/bin/../lib/gcc/arm-none-eabi/10.3.1/thumb/v7-m/nofp/crtend.o
 .rodata        0x0000000000000000       0x24 c:/st/stm32cubeide_1.12.1/stm32cubeide/plugins/com.st.stm32cube.ide.mcu.externaltools.gnu-tools-for-stm32.10.3-2021.10.win32_1.0.200.202301161003/tools/bin/../lib/gcc/arm-none-eabi/10.3.1/thumb/v7-m/nofp/crtend.o
 .eh_frame      0x0000000000000000        0x4 c:/st/stm32cubeide_1.12.1/stm32cubeide/plugins/com.st.stm32cube.ide.mcu.externaltools.gnu-tools-for-stm32.10.3-2021.10.win32_1.0.200.202301161003/tools/bin/../lib/gcc/arm-none-eabi/10.3.1/thumb/v7-m/nofp/crtend.o
 .ARM.attributes
                0x0000000000000000       0x2d c:/st/stm32cubeide_1.12.1/stm32cubeide/plugins/com.st.stm32cube.ide.mcu.externaltools.gnu-tools-for-stm32.10.3-2021.10.win32_1.0.200.202301161003/tools/bin/../lib/gcc/arm-none-eabi/10.3.1/thumb/v7-m/nofp/crtend.o
 .text          0x0000000000000000        0x0 c:/st/stm32cubeide_1.12.1/stm32cubeide/plugins/com.st.stm32cube.ide.mcu.externaltools.gnu-tools-for-stm32.10.3-2021.10.win32_1.0.200.202301161003/tools/bin/../lib/gcc/arm-none-eabi/10.3.1/thumb/v7-m/nofp/crtn.o
 .data          0x0000000000000000        0x0 c:/st/stm32cubeide_1.12.1/stm32cubeide/plugins/com.st.stm32cube.ide.mcu.externaltools.gnu-tools-for-stm32.10.3-2021.10.win32_1.0.200.202301161003/tools/bin/../lib/gcc/arm-none-eabi/10.3.1/thumb/v7-m/nofp/crtn.o
 .bss           0x0000000000000000        0x0 c:/st/stm32cubeide_1.12.1/stm32cubeide/plugins/com.st.stm32cube.ide.mcu.externaltools.gnu-tools-for-stm32.10.3-2021.10.win32_1.0.200.202301161003/tools/bin/../lib/gcc/arm-none-eabi/10.3.1/thumb/v7-m/nofp/crtn.o

Memory Configuration

Name             Origin             Length             Attributes
RAM              0x0000000020000000 0x0000000000005000 xrw
FLASH            0x0000000008000000 0x0000000000010000 xr
*default*        0x0000000000000000 0xffffffffffffffff

Linker script and memory map

LOAD c:/st/stm32cubeide_1.12.1/stm32cubeide/plugins/com.st.stm32cube.ide.mcu.externaltools.gnu-tools-for-stm32.10.3-2021.10.win32_1.0.200.202301161003/tools/bin/../lib/gcc/arm-none-eabi/10.3.1/thumb/v7-m/nofp/crti.o
LOAD c:/st/stm32cubeide_1.12.1/stm32cubeide/plugins/com.st.stm32cube.ide.mcu.externaltools.gnu-tools-for-stm32.10.3-2021.10.win32_1.0.200.202301161003/tools/bin/../lib/gcc/arm-none-eabi/10.3.1/thumb/v7-m/nofp/crtbegin.o
LOAD c:/st/stm32cubeide_1.12.1/stm32cubeide/plugins/com.st.stm32cube.ide.mcu.externaltools.gnu-tools-for-stm32.10.3-2021.10.win32_1.0.200.202301161003/tools/bin/../lib/gcc/arm-none-eabi/10.3.1/../../../../arm-none-eabi/lib/thumb/v7-m/nofp/crt0.o
LOAD ./COTS/01MCAL/00RCC/RCC_program.o
LOAD ./COTS/01MCAL/01GPIO/GPIO_program.o
LOAD ./COTS/01MCAL/02NVIC/NVIC_program.o
LOAD ./COTS/01MCAL/09 I2C/I2C_program.o
LOAD ./COTS/01MCAL/Delay/Delay_program.o
LOAD ./COTS/02ECU/BUZZER/BUZZER_program.o
LOAD ./COTS/02ECU/KEYPAD/KEYPAD_program.o
LOAD ./COTS/02ECU/LCD/LCD_program.o
LOAD ./COTS/02ECU/LED/LED_program.o
LOAD ./COTS/02ECU/PROXIMITY/PROXIMITY_program.o
LOAD ./COTS/02ECU/Segment7/Segment7_program.o
LOAD ./Src/I2C_main.o
LOAD ./Startup/startup_stm32f103c8tx.o
START GROUP
LOAD c:/st/stm32cubeide_1.12.1/stm32cubeide/plugins/com.st.stm32cube.ide.mcu.externaltools.gnu-tools-for-stm32.10.3-2021.10.win32_1.0.200.202301161003/tools/bin/../lib/gcc/arm-none-eabi/10.3.1/../../../../arm-none-eabi/lib/thumb/v7-m/nofp\libc_nano.a
LOAD c:/st/stm32cubeide_1.12.1/stm32cubeide/plugins/com.st.stm32cube.ide.mcu.externaltools.gnu-tools-for-stm32.10.3-2021.10.win32_1.0.200.202301161003/tools/bin/../lib/gcc/arm-none-eabi/10.3.1/../../../../arm-none-eabi/lib/thumb/v7-m/nofp\libm.a
END GROUP
START GROUP
LOAD c:/st/stm32cubeide_1.12.1/stm32cubeide/plugins/com.st.stm32cube.ide.mcu.externaltools.gnu-tools-for-stm32.10.3-2021.10.win32_1.0.200.202301161003/tools/bin/../lib/gcc/arm-none-eabi/10.3.1/thumb/v7-m/nofp\libgcc.a
LOAD c:/st/stm32cubeide_1.12.1/stm32cubeide/plugins/com.st.stm32cube.ide.mcu.externaltools.gnu-tools-for-stm32.10.3-2021.10.win32_1.0.200.202301161003/tools/bin/../lib/gcc/arm-none-eabi/10.3.1/../../../../arm-none-eabi/lib/thumb/v7-m/nofp\libc_nano.a
END GROUP
START GROUP
LOAD c:/st/stm32cubeide_1.12.1/stm32cubeide/plugins/com.st.stm32cube.ide.mcu.externaltools.gnu-tools-for-stm32.10.3-2021.10.win32_1.0.200.202301161003/tools/bin/../lib/gcc/arm-none-eabi/10.3.1/thumb/v7-m/nofp\libgcc.a
LOAD c:/st/stm32cubeide_1.12.1/stm32cubeide/plugins/com.st.stm32cube.ide.mcu.externaltools.gnu-tools-for-stm32.10.3-2021.10.win32_1.0.200.202301161003/tools/bin/../lib/gcc/arm-none-eabi/10.3.1/../../../../arm-none-eabi/lib/thumb/v7-m/nofp\libc_nano.a
LOAD c:/st/stm32cubeide_1.12.1/stm32cubeide/plugins/com.st.stm32cube.ide.mcu.externaltools.gnu-tools-for-stm32.10.3-2021.10.win32_1.0.200.202301161003/tools/bin/../lib/gcc/arm-none-eabi/10.3.1/../../../../arm-none-eabi/lib/thumb/v7-m/nofp\libnosys.a
END GROUP
START GROUP
LOAD c:/st/stm32cubeide_1.12.1/stm32cubeide/plugins/com.st.stm32cube.ide.mcu.externaltools.gnu-tools-for-stm32.10.3-2021.10.win32_1.0.200.202301161003/tools/bin/../lib/gcc/arm-none-eabi/10.3.1/thumb/v7-m/nofp\libgcc.a
LOAD c:/st/stm32cubeide_1.12.1/stm32cubeide/plugins/com.st.stm32cube.ide.mcu.externaltools.gnu-tools-for-stm32.10.3-2021.10.win32_1.0.200.202301161003/tools/bin/../lib/gcc/arm-none-eabi/10.3.1/../../../../arm-none-eabi/lib/thumb/v7-m/nofp\libc_nano.a
LOAD c:/st/stm32cubeide_1.12.1/stm32cubeide/plugins/com.st.stm32cube.ide.mcu.externaltools.gnu-tools-for-stm32.10.3-2021.10.win32_1.0.200.202301161003/tools/bin/../lib/gcc/arm-none-eabi/10.3.1/../../../../arm-none-eabi/lib/thumb/v7-m/nofp\libnosys.a
END GROUP
LOAD c:/st/stm32cubeide_1.12.1/stm32cubeide/plugins/com.st.stm32cube.ide.mcu.externaltools.gnu-tools-for-stm32.10.3-2021.10.win32_1.0.200.202301161003/tools/bin/../lib/gcc/arm-none-eabi/10.3.1/thumb/v7-m/nofp/crtend.o
LOAD c:/st/stm32cubeide_1.12.1/stm32cubeide/plugins/com.st.stm32cube.ide.mcu.externaltools.gnu-tools-for-stm32.10.3-2021.10.win32_1.0.200.202301161003/tools/bin/../lib/gcc/arm-none-eabi/10.3.1/thumb/v7-m/nofp/crtn.o
                0x0000000020005000                _estack = (ORIGIN (RAM) + LENGTH (RAM))
                0x0000000000000200                _Min_Heap_Size = 0x200
                0x0000000000000400                _Min_Stack_Size = 0x400

.isr_vector     0x0000000008000000      0x130
                0x0000000008000000                . = ALIGN (0x4)
 *(.isr_vector)
 .isr_vector    0x0000000008000000      0x130 ./Startup/startup_stm32f103c8tx.o
                0x0000000008000000                g_pfnVectors
                0x0000000008000130                . = ALIGN (0x4)

.text           0x0000000008000130      0x7a4
                0x0000000008000130                . = ALIGN (0x4)
 *(.text)
 .text          0x0000000008000130       0x40 c:/st/stm32cubeide_1.12.1/stm32cubeide/plugins/com.st.stm32cube.ide.mcu.externaltools.gnu-tools-for-stm32.10.3-2021.10.win32_1.0.200.202301161003/tools/bin/../lib/gcc/arm-none-eabi/10.3.1/thumb/v7-m/nofp/crtbegin.o
 *(.text*)
 .text.RCC_voidSysClkInt
                0x0000000008000170       0xac ./COTS/01MCAL/00RCC/RCC_program.o
                0x0000000008000170                RCC_voidSysClkInt
 .text.RCC_voidEnablePerClk
                0x000000000800021c       0x7c ./COTS/01MCAL/00RCC/RCC_program.o
                0x000000000800021c                RCC_voidEnablePerClk
 .text.GPIO_voidSetPinDirection
                0x0000000008000298      0x190 ./COTS/01MCAL/01GPIO/GPIO_program.o
                0x0000000008000298                GPIO_voidSetPinDirection
 .text.GPIO_voidSetPinValue
                0x0000000008000428       0xf0 ./COTS/01MCAL/01GPIO/GPIO_program.o
                0x0000000008000428                GPIO_voidSetPinValue
 .text.Reset    0x0000000008000518       0x28 ./COTS/01MCAL/09 I2C/I2C_program.o
 .text.I2C1_voidMasterInit
                0x0000000008000540       0x40 ./COTS/01MCAL/09 I2C/I2C_program.o
                0x0000000008000540                I2C1_voidMasterInit
 .text.I2C1_voidStart
                0x0000000008000580       0x38 ./COTS/01MCAL/09 I2C/I2C_program.o
                0x0000000008000580                I2C1_voidStart
 .text.I2C1_voidSendAddress
                0x00000000080005b8       0x30 ./COTS/01MCAL/09 I2C/I2C_program.o
                0x00000000080005b8                I2C1_voidSendAddress
 .text.I2C1_voidSendData
                0x00000000080005e8       0x40 ./COTS/01MCAL/09 I2C/I2C_program.o
                0x00000000080005e8                I2C1_voidSendData
 .text.I2C1_voidRecieveData
                0x0000000008000628       0x28 ./COTS/01MCAL/09 I2C/I2C_program.o
                0x0000000008000628                I2C1_voidRecieveData
 .text.I2C1_voidStop
                0x0000000008000650       0x1c ./COTS/01MCAL/09 I2C/I2C_program.o
                0x0000000008000650                I2C1_voidStop
 .text._delay_ms
                0x000000000800066c       0x32 ./COTS/01MCAL/Delay/Delay_program.o
                0x000000000800066c                _delay_ms
 .text.main     0x000000000800069e      0x182 ./Src/I2C_main.o
                0x000000000800069e                main
 .text.Reset_Handler
                0x0000000008000820       0x50 ./Startup/startup_stm32f103c8tx.o
                0x0000000008000820                Reset_Handler
 .text.Default_Handler
                0x0000000008000870        0x2 ./Startup/startup_stm32f103c8tx.o
                0x0000000008000870                EXTI2_IRQHandler
                0x0000000008000870                TIM8_TRG_COM_IRQHandler
                0x0000000008000870                TIM8_CC_IRQHandler
                0x0000000008000870                DebugMon_Handler
                0x0000000008000870                TIM1_CC_IRQHandler
                0x0000000008000870                HardFault_Handler
                0x0000000008000870                TIM6_IRQHandler
                0x0000000008000870                SysTick_Handler
                0x0000000008000870                PVD_IRQHandler
                0x0000000008000870                SDIO_IRQHandler
                0x0000000008000870                PendSV_Handler
                0x0000000008000870                NMI_Handler
                0x0000000008000870                EXTI3_IRQHandler
                0x0000000008000870                USB_HP_CAN_TX_IRQHandler
                0x0000000008000870                EXTI0_IRQHandler
                0x0000000008000870                I2C2_EV_IRQHandler
                0x0000000008000870                UsageFault_Handler
                0x0000000008000870                ADC1_2_IRQHandler
                0x0000000008000870                SPI1_IRQHandler
                0x0000000008000870                CAN_SCE_IRQHandler
                0x0000000008000870                TAMPER_IRQHandler
                0x0000000008000870                TIM8_UP_IRQHandler
                0x0000000008000870                DMA2_Channel2_IRQHandler
                0x0000000008000870                DMA1_Channel4_IRQHandler
                0x0000000008000870                USART3_IRQHandler
                0x0000000008000870                RTC_IRQHandler
                0x0000000008000870                DMA1_Channel7_IRQHandler
                0x0000000008000870                UART5_IRQHandler
                0x0000000008000870                ADC3_IRQHandler
                0x0000000008000870                TIM4_IRQHandler
                0x0000000008000870                CAN_RX1_IRQHandler
                0x0000000008000870                DMA2_Channel1_IRQHandler
                0x0000000008000870                I2C1_EV_IRQHandler
                0x0000000008000870                DMA1_Channel6_IRQHandler
                0x0000000008000870                UART4_IRQHandler
                0x0000000008000870                TIM3_IRQHandler
                0x0000000008000870                RCC_IRQHandler
                0x0000000008000870                TIM1_TRG_COM_IRQHandler
                0x0000000008000870                DMA1_Channel1_IRQHandler
                0x0000000008000870                Default_Handler
                0x0000000008000870                EXTI15_10_IRQHandler
                0x0000000008000870                TIM7_IRQHandler
                0x0000000008000870                TIM5_IRQHandler
                0x0000000008000870                EXTI9_5_IRQHandler
                0x0000000008000870                SPI2_IRQHandler
                0x0000000008000870                USB_LP_CAN_RX0_IRQHandler
                0x0000000008000870                MemManage_Handler
                0x0000000008000870                SVC_Handler
                0x0000000008000870                DMA1_Channel5_IRQHandler
                0x0000000008000870                EXTI4_IRQHandler
                0x0000000008000870                DMA1_Channel3_IRQHandler
                0x0000000008000870                FSMC_IRQHandler
                0x0000000008000870                TIM1_UP_IRQHandler
                0x0000000008000870                WWDG_IRQHandler
                0x0000000008000870                TIM2_IRQHandler
                0x0000000008000870                TIM1_BRK_IRQHandler
                0x0000000008000870                EXTI1_IRQHandler
                0x0000000008000870                RTCAlarm_IRQHandler
                0x0000000008000870                DMA2_Channel4_5_IRQHandler
                0x0000000008000870                USART2_IRQHandler
                0x0000000008000870                I2C2_ER_IRQHandler
                0x0000000008000870                DMA1_Channel2_IRQHandler
                0x0000000008000870                TIM8_BRK_IRQHandler
                0x0000000008000870                FLASH_IRQHandler
                0x0000000008000870                BusFault_Handler
                0x0000000008000870                USART1_IRQHandler
                0x0000000008000870                SPI3_IRQHandler
                0x0000000008000870                I2C1_ER_IRQHandler
                0x0000000008000870                DMA2_Channel3_IRQHandler
 *fill*         0x0000000008000872        0x2 
 .text.__libc_init_array
                0x0000000008000874       0x48 c:/st/stm32cubeide_1.12.1/stm32cubeide/plugins/com.st.stm32cube.ide.mcu.externaltools.gnu-tools-for-stm32.10.3-2021.10.win32_1.0.200.202301161003/tools/bin/../lib/gcc/arm-none-eabi/10.3.1/../../../../arm-none-eabi/lib/thumb/v7-m/nofp\libc_nano.a(lib_a-init.o)
                0x0000000008000874                __libc_init_array
 *(.glue_7)
 .glue_7        0x00000000080008bc        0x0 linker stubs
 *(.glue_7t)
 .glue_7t       0x00000000080008bc        0x0 linker stubs
 *(.eh_frame)
 .eh_frame      0x00000000080008bc        0x0 c:/st/stm32cubeide_1.12.1/stm32cubeide/plugins/com.st.stm32cube.ide.mcu.externaltools.gnu-tools-for-stm32.10.3-2021.10.win32_1.0.200.202301161003/tools/bin/../lib/gcc/arm-none-eabi/10.3.1/thumb/v7-m/nofp/crtbegin.o
 *(.init)
 .init          0x00000000080008bc        0x4 c:/st/stm32cubeide_1.12.1/stm32cubeide/plugins/com.st.stm32cube.ide.mcu.externaltools.gnu-tools-for-stm32.10.3-2021.10.win32_1.0.200.202301161003/tools/bin/../lib/gcc/arm-none-eabi/10.3.1/thumb/v7-m/nofp/crti.o
                0x00000000080008bc                _init
 .init          0x00000000080008c0        0x8 c:/st/stm32cubeide_1.12.1/stm32cubeide/plugins/com.st.stm32cube.ide.mcu.externaltools.gnu-tools-for-stm32.10.3-2021.10.win32_1.0.200.202301161003/tools/bin/../lib/gcc/arm-none-eabi/10.3.1/thumb/v7-m/nofp/crtn.o
 *(.fini)
 .fini          0x00000000080008c8        0x4 c:/st/stm32cubeide_1.12.1/stm32cubeide/plugins/com.st.stm32cube.ide.mcu.externaltools.gnu-tools-for-stm32.10.3-2021.10.win32_1.0.200.202301161003/tools/bin/../lib/gcc/arm-none-eabi/10.3.1/thumb/v7-m/nofp/crti.o
                0x00000000080008c8                _fini
 .fini          0x00000000080008cc        0x8 c:/st/stm32cubeide_1.12.1/stm32cubeide/plugins/com.st.stm32cube.ide.mcu.externaltools.gnu-tools-for-stm32.10.3-2021.10.win32_1.0.200.202301161003/tools/bin/../lib/gcc/arm-none-eabi/10.3.1/thumb/v7-m/nofp/crtn.o
                0x00000000080008d4                . = ALIGN (0x4)
                0x00000000080008d4                _etext = .

.vfp11_veneer   0x00000000080008d4        0x0
 .vfp11_veneer  0x00000000080008d4        0x0 linker stubs

.v4_bx          0x00000000080008d4        0x0
 .v4_bx         0x00000000080008d4        0x0 linker stubs

.iplt           0x00000000080008d4        0x0
 .iplt          0x00000000080008d4        0x0 c:/st/stm32cubeide_1.12.1/stm32cubeide/plugins/com.st.stm32cube.ide.mcu.externaltools.gnu-tools-for-stm32.10.3-2021.10.win32_1.0.200.202301161003/tools/bin/../lib/gcc/arm-none-eabi/10.3.1/thumb/v7-m/nofp/crtbegin.o

.rel.dyn        0x00000000080008d4        0x0
 .rel.iplt      0x00000000080008d4        0x0 c:/st/stm32cubeide_1.12.1/stm32cubeide/plugins/com.st.stm32cube.ide.mcu.externaltools.gnu-tools-for-stm32.10.3-2021.10.win32_1.0.200.202301161003/tools/bin/../lib/gcc/arm-none-eabi/10.3.1/thumb/v7-m/nofp/crtbegin.o

.rodata         0x00000000080008d4        0x0
                0x00000000080008d4                . = ALIGN (0x4)
 *(.rodata)
 *(.rodata*)
                0x00000000080008d4                . = ALIGN (0x4)

.ARM.extab      0x00000000080008d4        0x0
                0x00000000080008d4                . = ALIGN (0x4)
 *(.ARM.extab* .gnu.linkonce.armextab.*)
                0x00000000080008d4                . = ALIGN (0x4)

.ARM            0x00000000080008d4        0x0
                0x00000000080008d4                . = ALIGN (0x4)
                0x00000000080008d4                __exidx_start = .
 *(.ARM.exidx*)
                0x00000000080008d4                __exidx_end = .
                0x00000000080008d4                . = ALIGN (0x4)

.preinit_array  0x00000000080008d4        0x0
                0x00000000080008d4                . = ALIGN (0x4)
                0x00000000080008d4                PROVIDE (__preinit_array_start = .)
 *(.preinit_array*)
                0x00000000080008d4                PROVIDE (__preinit_array_end = .)
                0x00000000080008d4                . = ALIGN (0x4)

.init_array     0x00000000080008d4        0x4
                0x00000000080008d4                . = ALIGN (0x4)
                0x00000000080008d4                PROVIDE (__init_array_start = .)
 *(SORT_BY_NAME(.init_array.*))
 *(.init_array*)
 .init_array    0x00000000080008d4        0x4 c:/st/stm32cubeide_1.12.1/stm32cubeide/plugins/com.st.stm32cube.ide.mcu.externaltools.gnu-tools-for-stm32.10.3-2021.10.win32_1.0.200.202301161003/tools/bin/../lib/gcc/arm-none-eabi/10.3.1/thumb/v7-m/nofp/crtbegin.o
                0x00000000080008d8                PROVIDE (__init_array_end = .)
                0x00000000080008d8                . = ALIGN (0x4)

.fini_array     0x00000000080008d8        0x4
                0x00000000080008d8                . = ALIGN (0x4)
                [!provide]                        PROVIDE (__fini_array_start = .)
 *(SORT_BY_NAME(.fini_array.*))
 *(.fini_array*)
 .fini_array    0x00000000080008d8        0x4 c:/st/stm32cubeide_1.12.1/stm32cubeide/plugins/com.st.stm32cube.ide.mcu.externaltools.gnu-tools-for-stm32.10.3-2021.10.win32_1.0.200.202301161003/tools/bin/../lib/gcc/arm-none-eabi/10.3.1/thumb/v7-m/nofp/crtbegin.o
                [!provide]                        PROVIDE (__fini_array_end = .)
                0x00000000080008dc                . = ALIGN (0x4)
                0x00000000080008dc                _sidata = LOADADDR (.data)

.data           0x0000000020000000        0x0 load address 0x00000000080008dc
                0x0000000020000000                . = ALIGN (0x4)
                0x0000000020000000                _sdata = .
 *(.data)
 *(.data*)
 *(.RamFunc)
 *(.RamFunc*)
                0x0000000020000000                . = ALIGN (0x4)
                0x0000000020000000                _edata = .

.igot.plt       0x0000000020000000        0x0 load address 0x00000000080008dc
 .igot.plt      0x0000000020000000        0x0 c:/st/stm32cubeide_1.12.1/stm32cubeide/plugins/com.st.stm32cube.ide.mcu.externaltools.gnu-tools-for-stm32.10.3-2021.10.win32_1.0.200.202301161003/tools/bin/../lib/gcc/arm-none-eabi/10.3.1/thumb/v7-m/nofp/crtbegin.o
                0x0000000020000000                . = ALIGN (0x4)

.bss            0x0000000020000000       0x1c load address 0x00000000080008dc
                0x0000000020000000                _sbss = .
                0x0000000020000000                __bss_start__ = _sbss
 *(.bss)
 .bss           0x0000000020000000       0x1c c:/st/stm32cubeide_1.12.1/stm32cubeide/plugins/com.st.stm32cube.ide.mcu.externaltools.gnu-tools-for-stm32.10.3-2021.10.win32_1.0.200.202301161003/tools/bin/../lib/gcc/arm-none-eabi/10.3.1/thumb/v7-m/nofp/crtbegin.o
 *(.bss*)
 *(COMMON)
                0x000000002000001c                . = ALIGN (0x4)
                0x000000002000001c                _ebss = .
                0x000000002000001c                __bss_end__ = _ebss

._user_heap_stack
                0x000000002000001c      0x604 load address 0x00000000080008dc
                0x0000000020000020                . = ALIGN (0x8)
 *fill*         0x000000002000001c        0x4 
                [!provide]                        PROVIDE (end = .)
                [!provide]                        PROVIDE (_end = .)
                0x0000000020000220                . = (. + _Min_Heap_Size)
 *fill*         0x0000000020000020      0x200 
                0x0000000020000620                . = (. + _Min_Stack_Size)
 *fill*         0x0000000020000220      0x400 
                0x0000000020000620                . = ALIGN (0x8)

/DISCARD/
 libc.a(*)
 libm.a(*)
 libgcc.a(*)

.ARM.attributes
                0x0000000000000000       0x29
 *(.ARM.attributes)
 .ARM.attributes
                0x0000000000000000       0x1d c:/st/stm32cubeide_1.12.1/stm32cubeide/plugins/com.st.stm32cube.ide.mcu.externaltools.gnu-tools-for-stm32.10.3-2021.10.win32_1.0.200.202301161003/tools/bin/../lib/gcc/arm-none-eabi/10.3.1/thumb/v7-m/nofp/crti.o
 .ARM.attributes
                0x000000000000001d       0x2d c:/st/stm32cubeide_1.12.1/stm32cubeide/plugins/com.st.stm32cube.ide.mcu.externaltools.gnu-tools-for-stm32.10.3-2021.10.win32_1.0.200.202301161003/tools/bin/../lib/gcc/arm-none-eabi/10.3.1/thumb/v7-m/nofp/crtbegin.o
 .ARM.attributes
                0x000000000000004a       0x2d ./COTS/01MCAL/00RCC/RCC_program.o
 .ARM.attributes
                0x0000000000000077       0x2d ./COTS/01MCAL/01GPIO/GPIO_program.o
 .ARM.attributes
                0x00000000000000a4       0x2d ./COTS/01MCAL/09 I2C/I2C_program.o
 .ARM.attributes
                0x00000000000000d1       0x2d ./COTS/01MCAL/Delay/Delay_program.o
 .ARM.attributes
                0x00000000000000fe       0x2d ./Src/I2C_main.o
 .ARM.attributes
                0x000000000000012b       0x21 ./Startup/startup_stm32f103c8tx.o
 .ARM.attributes
                0x000000000000014c       0x2d c:/st/stm32cubeide_1.12.1/stm32cubeide/plugins/com.st.stm32cube.ide.mcu.externaltools.gnu-tools-for-stm32.10.3-2021.10.win32_1.0.200.202301161003/tools/bin/../lib/gcc/arm-none-eabi/10.3.1/../../../../arm-none-eabi/lib/thumb/v7-m/nofp\libc_nano.a(lib_a-init.o)
 .ARM.attributes
                0x0000000000000179       0x1d c:/st/stm32cubeide_1.12.1/stm32cubeide/plugins/com.st.stm32cube.ide.mcu.externaltools.gnu-tools-for-stm32.10.3-2021.10.win32_1.0.200.202301161003/tools/bin/../lib/gcc/arm-none-eabi/10.3.1/thumb/v7-m/nofp/crtn.o
OUTPUT(MY_DRIVER.elf elf32-littlearm)
LOAD linker stubs
LOAD c:/st/stm32cubeide_1.12.1/stm32cubeide/plugins/com.st.stm32cube.ide.mcu.externaltools.gnu-tools-for-stm32.10.3-2021.10.win32_1.0.200.202301161003/tools/bin/../lib/gcc/arm-none-eabi/10.3.1/../../../../arm-none-eabi/lib/thumb/v7-m/nofp\libc.a
LOAD c:/st/stm32cubeide_1.12.1/stm32cubeide/plugins/com.st.stm32cube.ide.mcu.externaltools.gnu-tools-for-stm32.10.3-2021.10.win32_1.0.200.202301161003/tools/bin/../lib/gcc/arm-none-eabi/10.3.1/../../../../arm-none-eabi/lib/thumb/v7-m/nofp\libm.a
LOAD c:/st/stm32cubeide_1.12.1/stm32cubeide/plugins/com.st.stm32cube.ide.mcu.externaltools.gnu-tools-for-stm32.10.3-2021.10.win32_1.0.200.202301161003/tools/bin/../lib/gcc/arm-none-eabi/10.3.1/thumb/v7-m/nofp\libgcc.a

.debug_info     0x0000000000000000      0x7db
 .debug_info    0x0000000000000000      0x19a ./COTS/01MCAL/00RCC/RCC_program.o
 .debug_info    0x000000000000019a      0x25b ./COTS/01MCAL/01GPIO/GPIO_program.o
 .debug_info    0x00000000000003f5      0x1bb ./COTS/01MCAL/09 I2C/I2C_program.o
 .debug_info    0x00000000000005b0       0xab ./COTS/01MCAL/Delay/Delay_program.o
 .debug_info    0x000000000000065b      0x15e ./Src/I2C_main.o
 .debug_info    0x00000000000007b9       0x22 ./Startup/startup_stm32f103c8tx.o

.debug_abbrev   0x0000000000000000      0x41f
 .debug_abbrev  0x0000000000000000       0xc3 ./COTS/01MCAL/00RCC/RCC_program.o
 .debug_abbrev  0x00000000000000c3      0x114 ./COTS/01MCAL/01GPIO/GPIO_program.o
 .debug_abbrev  0x00000000000001d7      0x111 ./COTS/01MCAL/09 I2C/I2C_program.o
 .debug_abbrev  0x00000000000002e8       0x78 ./COTS/01MCAL/Delay/Delay_program.o
 .debug_abbrev  0x0000000000000360       0xad ./Src/I2C_main.o
 .debug_abbrev  0x000000000000040d       0x12 ./Startup/startup_stm32f103c8tx.o

.debug_aranges  0x0000000000000000      0x128
 .debug_aranges
                0x0000000000000000       0x30 ./COTS/01MCAL/00RCC/RCC_program.o
 .debug_aranges
                0x0000000000000030       0x40 ./COTS/01MCAL/01GPIO/GPIO_program.o
 .debug_aranges
                0x0000000000000070       0x50 ./COTS/01MCAL/09 I2C/I2C_program.o
 .debug_aranges
                0x00000000000000c0       0x20 ./COTS/01MCAL/Delay/Delay_program.o
 .debug_aranges
                0x00000000000000e0       0x20 ./Src/I2C_main.o
 .debug_aranges
                0x0000000000000100       0x28 ./Startup/startup_stm32f103c8tx.o

.debug_ranges   0x0000000000000000       0xd0
 .debug_ranges  0x0000000000000000       0x20 ./COTS/01MCAL/00RCC/RCC_program.o
 .debug_ranges  0x0000000000000020       0x30 ./COTS/01MCAL/01GPIO/GPIO_program.o
 .debug_ranges  0x0000000000000050       0x40 ./COTS/01MCAL/09 I2C/I2C_program.o
 .debug_ranges  0x0000000000000090       0x10 ./COTS/01MCAL/Delay/Delay_program.o
 .debug_ranges  0x00000000000000a0       0x10 ./Src/I2C_main.o
 .debug_ranges  0x00000000000000b0       0x20 ./Startup/startup_stm32f103c8tx.o

.debug_macro    0x0000000000000000     0x1169
 .debug_macro   0x0000000000000000       0x4a ./COTS/01MCAL/00RCC/RCC_program.o
 .debug_macro   0x000000000000004a      0xa72 ./COTS/01MCAL/00RCC/RCC_program.o
 .debug_macro   0x0000000000000abc       0x10 ./COTS/01MCAL/00RCC/RCC_program.o
 .debug_macro   0x0000000000000acc       0x28 ./COTS/01MCAL/00RCC/RCC_program.o
 .debug_macro   0x0000000000000af4       0x46 ./COTS/01MCAL/00RCC/RCC_program.o
 .debug_macro   0x0000000000000b3a      0x17e ./COTS/01MCAL/00RCC/RCC_program.o
 .debug_macro   0x0000000000000cb8      0x172 ./COTS/01MCAL/00RCC/RCC_program.o
 .debug_macro   0x0000000000000e2a       0x3e ./COTS/01MCAL/01GPIO/GPIO_program.o
 .debug_macro   0x0000000000000e68       0xee ./COTS/01MCAL/01GPIO/GPIO_program.o
 .debug_macro   0x0000000000000f56       0x1c ./COTS/01MCAL/01GPIO/GPIO_program.o
 .debug_macro   0x0000000000000f72       0x3f ./COTS/01MCAL/09 I2C/I2C_program.o
 .debug_macro   0x0000000000000fb1       0x10 ./COTS/01MCAL/09 I2C/I2C_program.o
 .debug_macro   0x0000000000000fc1      0x13c ./COTS/01MCAL/09 I2C/I2C_program.o
 .debug_macro   0x00000000000010fd       0x23 ./COTS/01MCAL/Delay/Delay_program.o
 .debug_macro   0x0000000000001120       0x49 ./Src/I2C_main.o

.debug_line     0x0000000000000000      0x95d
 .debug_line    0x0000000000000000      0x166 ./COTS/01MCAL/00RCC/RCC_program.o
 .debug_line    0x0000000000000166      0x304 ./COTS/01MCAL/01GPIO/GPIO_program.o
 .debug_line    0x000000000000046a      0x1bd ./COTS/01MCAL/09 I2C/I2C_program.o
 .debug_line    0x0000000000000627       0xba ./COTS/01MCAL/Delay/Delay_program.o
 .debug_line    0x00000000000006e1      0x1f8 ./Src/I2C_main.o
 .debug_line    0x00000000000008d9       0x84 ./Startup/startup_stm32f103c8tx.o

.debug_str      0x0000000000000000     0x3cb4
 .debug_str     0x0000000000000000     0x34b0 ./COTS/01MCAL/00RCC/RCC_program.o
                                       0x350f (size before relaxing)
 .debug_str     0x00000000000034b0      0x3de ./COTS/01MCAL/01GPIO/GPIO_program.o
                                       0x3483 (size before relaxing)
 .debug_str     0x000000000000388e      0x38d ./COTS/01MCAL/09 I2C/I2C_program.o
                                       0x3170 (size before relaxing)
 .debug_str     0x0000000000003c1b       0x35 ./COTS/01MCAL/Delay/Delay_program.o
                                       0x2e18 (size before relaxing)
 .debug_str     0x0000000000003c50       0x33 ./Src/I2C_main.o
                                       0x3429 (size before relaxing)
 .debug_str     0x0000000000003c83       0x31 ./Startup/startup_stm32f103c8tx.o
                                         0x4e (size before relaxing)

.comment        0x0000000000000000       0x50
 .comment       0x0000000000000000       0x50 ./COTS/01MCAL/00RCC/RCC_program.o
                                         0x51 (size before relaxing)
 .comment       0x0000000000000050       0x51 ./COTS/01MCAL/01GPIO/GPIO_program.o
 .comment       0x0000000000000050       0x51 ./COTS/01MCAL/09 I2C/I2C_program.o
 .comment       0x0000000000000050       0x51 ./COTS/01MCAL/Delay/Delay_program.o
 .comment       0x0000000000000050       0x51 ./Src/I2C_main.o

.debug_frame    0x0000000000000000      0x2e8
 .debug_frame   0x0000000000000000       0x80 ./COTS/01MCAL/00RCC/RCC_program.o
 .debug_frame   0x0000000000000080       0xd8 ./COTS/01MCAL/01GPIO/GPIO_program.o
 .debug_frame   0x0000000000000158       0xfc ./COTS/01MCAL/09 I2C/I2C_program.o
 .debug_frame   0x0000000000000254       0x38 ./COTS/01MCAL/Delay/Delay_program.o
 .debug_frame   0x000000000000028c       0x30 ./Src/I2C_main.o
 .debug_frame   0x00000000000002bc       0x2c c:/st/stm32cubeide_1.12.1/stm32cubeide/plugins/com.st.stm32cube.ide.mcu.externaltools.gnu-tools-for-stm32.10.3-2021.10.win32_1.0.200.202301161003/tools/bin/../lib/gcc/arm-none-eabi/10.3.1/../../../../arm-none-eabi/lib/thumb/v7-m/nofp\libc_nano.a(lib_a-init.o)
