Archive member included to satisfy reference by file (symbol)

c:/st/stm32cubeide_1.12.1/stm32cubeide/plugins/com.st.stm32cube.ide.mcu.externaltools.gnu-tools-for-stm32.10.3-2021.10.win32_1.0.200.202301161003/tools/bin/../lib/gcc/arm-none-eabi/10.3.1/../../../../arm-none-eabi/lib/thumb/v7-m/nofp\libc_nano.a(lib_a-exit.o)
                              c:/st/stm32cubeide_1.12.1/stm32cubeide/plugins/com.st.stm32cube.ide.mcu.externaltools.gnu-tools-for-stm32.10.3-2021.10.win32_1.0.200.202301161003/tools/bin/../lib/gcc/arm-none-eabi/10.3.1/../../../../arm-none-eabi/lib/thumb/v7-m/nofp/crt0.o (exit)
c:/st/stm32cubeide_1.12.1/stm32cubeide/plugins/com.st.stm32cube.ide.mcu.externaltools.gnu-tools-for-stm32.10.3-2021.10.win32_1.0.200.202301161003/tools/bin/../lib/gcc/arm-none-eabi/10.3.1/../../../../arm-none-eabi/lib/thumb/v7-m/nofp\libc_nano.a(lib_a-impure.o)
                              c:/st/stm32cubeide_1.12.1/stm32cubeide/plugins/com.st.stm32cube.ide.mcu.externaltools.gnu-tools-for-stm32.10.3-2021.10.win32_1.0.200.202301161003/tools/bin/../lib/gcc/arm-none-eabi/10.3.1/../../../../arm-none-eabi/lib/thumb/v7-m/nofp\libc_nano.a(lib_a-exit.o) (_global_impure_ptr)
c:/st/stm32cubeide_1.12.1/stm32cubeide/plugins/com.st.stm32cube.ide.mcu.externaltools.gnu-tools-for-stm32.10.3-2021.10.win32_1.0.200.202301161003/tools/bin/../lib/gcc/arm-none-eabi/10.3.1/../../../../arm-none-eabi/lib/thumb/v7-m/nofp\libc_nano.a(lib_a-init.o)
                              c:/st/stm32cubeide_1.12.1/stm32cubeide/plugins/com.st.stm32cube.ide.mcu.externaltools.gnu-tools-for-stm32.10.3-2021.10.win32_1.0.200.202301161003/tools/bin/../lib/gcc/arm-none-eabi/10.3.1/../../../../arm-none-eabi/lib/thumb/v7-m/nofp/crt0.o (__libc_init_array)
c:/st/stm32cubeide_1.12.1/stm32cubeide/plugins/com.st.stm32cube.ide.mcu.externaltools.gnu-tools-for-stm32.10.3-2021.10.win32_1.0.200.202301161003/tools/bin/../lib/gcc/arm-none-eabi/10.3.1/../../../../arm-none-eabi/lib/thumb/v7-m/nofp\libc_nano.a(lib_a-memset.o)
                              c:/st/stm32cubeide_1.12.1/stm32cubeide/plugins/com.st.stm32cube.ide.mcu.externaltools.gnu-tools-for-stm32.10.3-2021.10.win32_1.0.200.202301161003/tools/bin/../lib/gcc/arm-none-eabi/10.3.1/../../../../arm-none-eabi/lib/thumb/v7-m/nofp/crt0.o (memset)
c:/st/stm32cubeide_1.12.1/stm32cubeide/plugins/com.st.stm32cube.ide.mcu.externaltools.gnu-tools-for-stm32.10.3-2021.10.win32_1.0.200.202301161003/tools/bin/../lib/gcc/arm-none-eabi/10.3.1/thumb/v7-m/nofp\libgcc.a(_arm_muldf3.o)
                              ./Src/main.o (__aeabi_dmul)
c:/st/stm32cubeide_1.12.1/stm32cubeide/plugins/com.st.stm32cube.ide.mcu.externaltools.gnu-tools-for-stm32.10.3-2021.10.win32_1.0.200.202301161003/tools/bin/../lib/gcc/arm-none-eabi/10.3.1/thumb/v7-m/nofp\libgcc.a(_arm_addsubdf3.o)
                              ./Src/main.o (__aeabi_f2d)
c:/st/stm32cubeide_1.12.1/stm32cubeide/plugins/com.st.stm32cube.ide.mcu.externaltools.gnu-tools-for-stm32.10.3-2021.10.win32_1.0.200.202301161003/tools/bin/../lib/gcc/arm-none-eabi/10.3.1/thumb/v7-m/nofp\libgcc.a(_arm_truncdfsf2.o)
                              ./Src/main.o (__aeabi_d2f)
c:/st/stm32cubeide_1.12.1/stm32cubeide/plugins/com.st.stm32cube.ide.mcu.externaltools.gnu-tools-for-stm32.10.3-2021.10.win32_1.0.200.202301161003/tools/bin/../lib/gcc/arm-none-eabi/10.3.1/thumb/v7-m/nofp\libgcc.a(_arm_addsubsf3.o)
                              ./Src/main.o (__aeabi_ui2f)
c:/st/stm32cubeide_1.12.1/stm32cubeide/plugins/com.st.stm32cube.ide.mcu.externaltools.gnu-tools-for-stm32.10.3-2021.10.win32_1.0.200.202301161003/tools/bin/../lib/gcc/arm-none-eabi/10.3.1/thumb/v7-m/nofp\libgcc.a(_arm_muldivsf3.o)
                              ./Src/main.o (__aeabi_fdiv)
c:/st/stm32cubeide_1.12.1/stm32cubeide/plugins/com.st.stm32cube.ide.mcu.externaltools.gnu-tools-for-stm32.10.3-2021.10.win32_1.0.200.202301161003/tools/bin/../lib/gcc/arm-none-eabi/10.3.1/../../../../arm-none-eabi/lib/thumb/v7-m/nofp\libnosys.a(_exit.o)
                              c:/st/stm32cubeide_1.12.1/stm32cubeide/plugins/com.st.stm32cube.ide.mcu.externaltools.gnu-tools-for-stm32.10.3-2021.10.win32_1.0.200.202301161003/tools/bin/../lib/gcc/arm-none-eabi/10.3.1/../../../../arm-none-eabi/lib/thumb/v7-m/nofp\libc_nano.a(lib_a-exit.o) (_exit)

Discarded input sections

 .text          0x0000000000000000        0x0 c:/st/stm32cubeide_1.12.1/stm32cubeide/plugins/com.st.stm32cube.ide.mcu.externaltools.gnu-tools-for-stm32.10.3-2021.10.win32_1.0.200.202301161003/tools/bin/../lib/gcc/arm-none-eabi/10.3.1/thumb/v7-m/nofp/crti.o
 .data          0x0000000000000000        0x0 c:/st/stm32cubeide_1.12.1/stm32cubeide/plugins/com.st.stm32cube.ide.mcu.externaltools.gnu-tools-for-stm32.10.3-2021.10.win32_1.0.200.202301161003/tools/bin/../lib/gcc/arm-none-eabi/10.3.1/thumb/v7-m/nofp/crti.o
 .bss           0x0000000000000000        0x0 c:/st/stm32cubeide_1.12.1/stm32cubeide/plugins/com.st.stm32cube.ide.mcu.externaltools.gnu-tools-for-stm32.10.3-2021.10.win32_1.0.200.202301161003/tools/bin/../lib/gcc/arm-none-eabi/10.3.1/thumb/v7-m/nofp/crti.o
 .data          0x0000000000000000        0x4 c:/st/stm32cubeide_1.12.1/stm32cubeide/plugins/com.st.stm32cube.ide.mcu.externaltools.gnu-tools-for-stm32.10.3-2021.10.win32_1.0.200.202301161003/tools/bin/../lib/gcc/arm-none-eabi/10.3.1/thumb/v7-m/nofp/crtbegin.o
 .rodata        0x0000000000000000       0x24 c:/st/stm32cubeide_1.12.1/stm32cubeide/plugins/com.st.stm32cube.ide.mcu.externaltools.gnu-tools-for-stm32.10.3-2021.10.win32_1.0.200.202301161003/tools/bin/../lib/gcc/arm-none-eabi/10.3.1/thumb/v7-m/nofp/crtbegin.o
 .text          0x0000000000000000       0x7c c:/st/stm32cubeide_1.12.1/stm32cubeide/plugins/com.st.stm32cube.ide.mcu.externaltools.gnu-tools-for-stm32.10.3-2021.10.win32_1.0.200.202301161003/tools/bin/../lib/gcc/arm-none-eabi/10.3.1/../../../../arm-none-eabi/lib/thumb/v7-m/nofp/crt0.o
 .data          0x0000000000000000        0x0 c:/st/stm32cubeide_1.12.1/stm32cubeide/plugins/com.st.stm32cube.ide.mcu.externaltools.gnu-tools-for-stm32.10.3-2021.10.win32_1.0.200.202301161003/tools/bin/../lib/gcc/arm-none-eabi/10.3.1/../../../../arm-none-eabi/lib/thumb/v7-m/nofp/crt0.o
 .bss           0x0000000000000000        0x0 c:/st/stm32cubeide_1.12.1/stm32cubeide/plugins/com.st.stm32cube.ide.mcu.externaltools.gnu-tools-for-stm32.10.3-2021.10.win32_1.0.200.202301161003/tools/bin/../lib/gcc/arm-none-eabi/10.3.1/../../../../arm-none-eabi/lib/thumb/v7-m/nofp/crt0.o
 .ARM.extab     0x0000000000000000        0x0 c:/st/stm32cubeide_1.12.1/stm32cubeide/plugins/com.st.stm32cube.ide.mcu.externaltools.gnu-tools-for-stm32.10.3-2021.10.win32_1.0.200.202301161003/tools/bin/../lib/gcc/arm-none-eabi/10.3.1/../../../../arm-none-eabi/lib/thumb/v7-m/nofp/crt0.o
 .ARM.exidx     0x0000000000000000       0x10 c:/st/stm32cubeide_1.12.1/stm32cubeide/plugins/com.st.stm32cube.ide.mcu.externaltools.gnu-tools-for-stm32.10.3-2021.10.win32_1.0.200.202301161003/tools/bin/../lib/gcc/arm-none-eabi/10.3.1/../../../../arm-none-eabi/lib/thumb/v7-m/nofp/crt0.o
 .ARM.attributes
                0x0000000000000000       0x1b c:/st/stm32cubeide_1.12.1/stm32cubeide/plugins/com.st.stm32cube.ide.mcu.externaltools.gnu-tools-for-stm32.10.3-2021.10.win32_1.0.200.202301161003/tools/bin/../lib/gcc/arm-none-eabi/10.3.1/../../../../arm-none-eabi/lib/thumb/v7-m/nofp/crt0.o
 .group         0x0000000000000000        0xc ./COTS/.metadata/.plugins/org.eclipse.cdt.make.core/specs.o
 .text          0x0000000000000000        0x0 ./COTS/.metadata/.plugins/org.eclipse.cdt.make.core/specs.o
 .data          0x0000000000000000        0x0 ./COTS/.metadata/.plugins/org.eclipse.cdt.make.core/specs.o
 .bss           0x0000000000000000        0x0 ./COTS/.metadata/.plugins/org.eclipse.cdt.make.core/specs.o
 .debug_info    0x0000000000000000       0x21 ./COTS/.metadata/.plugins/org.eclipse.cdt.make.core/specs.o
 .debug_abbrev  0x0000000000000000       0x13 ./COTS/.metadata/.plugins/org.eclipse.cdt.make.core/specs.o
 .debug_aranges
                0x0000000000000000       0x18 ./COTS/.metadata/.plugins/org.eclipse.cdt.make.core/specs.o
 .debug_macro   0x0000000000000000       0x11 ./COTS/.metadata/.plugins/org.eclipse.cdt.make.core/specs.o
 .debug_macro   0x0000000000000000      0xa72 ./COTS/.metadata/.plugins/org.eclipse.cdt.make.core/specs.o
 .debug_line    0x0000000000000000       0x5d ./COTS/.metadata/.plugins/org.eclipse.cdt.make.core/specs.o
 .debug_str     0x0000000000000000     0x2cbb ./COTS/.metadata/.plugins/org.eclipse.cdt.make.core/specs.o
 .comment       0x0000000000000000       0x51 ./COTS/.metadata/.plugins/org.eclipse.cdt.make.core/specs.o
 .ARM.attributes
                0x0000000000000000       0x2d ./COTS/.metadata/.plugins/org.eclipse.cdt.make.core/specs.o
 .group         0x0000000000000000        0xc ./COTS/.metadata/.plugins/org.eclipse.cdt.managedbuilder.core/spec.o
 .text          0x0000000000000000        0x0 ./COTS/.metadata/.plugins/org.eclipse.cdt.managedbuilder.core/spec.o
 .data          0x0000000000000000        0x0 ./COTS/.metadata/.plugins/org.eclipse.cdt.managedbuilder.core/spec.o
 .bss           0x0000000000000000        0x0 ./COTS/.metadata/.plugins/org.eclipse.cdt.managedbuilder.core/spec.o
 .debug_info    0x0000000000000000       0x21 ./COTS/.metadata/.plugins/org.eclipse.cdt.managedbuilder.core/spec.o
 .debug_abbrev  0x0000000000000000       0x13 ./COTS/.metadata/.plugins/org.eclipse.cdt.managedbuilder.core/spec.o
 .debug_aranges
                0x0000000000000000       0x18 ./COTS/.metadata/.plugins/org.eclipse.cdt.managedbuilder.core/spec.o
 .debug_macro   0x0000000000000000       0x11 ./COTS/.metadata/.plugins/org.eclipse.cdt.managedbuilder.core/spec.o
 .debug_macro   0x0000000000000000      0xa72 ./COTS/.metadata/.plugins/org.eclipse.cdt.managedbuilder.core/spec.o
 .debug_line    0x0000000000000000       0x66 ./COTS/.metadata/.plugins/org.eclipse.cdt.managedbuilder.core/spec.o
 .debug_str     0x0000000000000000     0x2cc4 ./COTS/.metadata/.plugins/org.eclipse.cdt.managedbuilder.core/spec.o
 .comment       0x0000000000000000       0x51 ./COTS/.metadata/.plugins/org.eclipse.cdt.managedbuilder.core/spec.o
 .ARM.attributes
                0x0000000000000000       0x2d ./COTS/.metadata/.plugins/org.eclipse.cdt.managedbuilder.core/spec.o
 .group         0x0000000000000000        0xc ./COTS/01 MCAL/00 RCC/RCC_program.o
 .group         0x0000000000000000        0xc ./COTS/01 MCAL/00 RCC/RCC_program.o
 .group         0x0000000000000000        0xc ./COTS/01 MCAL/00 RCC/RCC_program.o
 .group         0x0000000000000000        0xc ./COTS/01 MCAL/00 RCC/RCC_program.o
 .group         0x0000000000000000        0xc ./COTS/01 MCAL/00 RCC/RCC_program.o
 .text          0x0000000000000000        0x0 ./COTS/01 MCAL/00 RCC/RCC_program.o
 .data          0x0000000000000000        0x0 ./COTS/01 MCAL/00 RCC/RCC_program.o
 .bss           0x0000000000000000        0x0 ./COTS/01 MCAL/00 RCC/RCC_program.o
 .text.RCC_voidDisablePerClk
                0x0000000000000000       0x88 ./COTS/01 MCAL/00 RCC/RCC_program.o
 .debug_macro   0x0000000000000000      0xa72 ./COTS/01 MCAL/00 RCC/RCC_program.o
 .group         0x0000000000000000        0xc ./COTS/01 MCAL/01 GPIO/DIO_program.o
 .group         0x0000000000000000        0xc ./COTS/01 MCAL/01 GPIO/DIO_program.o
 .group         0x0000000000000000        0xc ./COTS/01 MCAL/01 GPIO/DIO_program.o
 .group         0x0000000000000000        0xc ./COTS/01 MCAL/01 GPIO/DIO_program.o
 .group         0x0000000000000000        0xc ./COTS/01 MCAL/01 GPIO/DIO_program.o
 .text          0x0000000000000000        0x0 ./COTS/01 MCAL/01 GPIO/DIO_program.o
 .data          0x0000000000000000        0x0 ./COTS/01 MCAL/01 GPIO/DIO_program.o
 .bss           0x0000000000000000        0x0 ./COTS/01 MCAL/01 GPIO/DIO_program.o
 .text.DIO_voidSetPinValue
                0x0000000000000000       0xfc ./COTS/01 MCAL/01 GPIO/DIO_program.o
 .text.DIO_u8GetPinValue
                0x0000000000000000       0x88 ./COTS/01 MCAL/01 GPIO/DIO_program.o
 .text.DIO_voidWriteValue
                0x0000000000000000       0x1c ./COTS/01 MCAL/01 GPIO/DIO_program.o
 .debug_macro   0x0000000000000000      0xa72 ./COTS/01 MCAL/01 GPIO/DIO_program.o
 .debug_macro   0x0000000000000000       0x22 ./COTS/01 MCAL/01 GPIO/DIO_program.o
 .debug_macro   0x0000000000000000       0x4c ./COTS/01 MCAL/01 GPIO/DIO_program.o
 .group         0x0000000000000000        0xc ./COTS/01 MCAL/02 NVIC/NVIC_program.o
 .group         0x0000000000000000        0xc ./COTS/01 MCAL/02 NVIC/NVIC_program.o
 .group         0x0000000000000000        0xc ./COTS/01 MCAL/02 NVIC/NVIC_program.o
 .group         0x0000000000000000        0xc ./COTS/01 MCAL/02 NVIC/NVIC_program.o
 .text          0x0000000000000000        0x0 ./COTS/01 MCAL/02 NVIC/NVIC_program.o
 .data          0x0000000000000000        0x0 ./COTS/01 MCAL/02 NVIC/NVIC_program.o
 .bss           0x0000000000000000        0x0 ./COTS/01 MCAL/02 NVIC/NVIC_program.o
 .text.NVIC_voidInit
                0x0000000000000000       0x1c ./COTS/01 MCAL/02 NVIC/NVIC_program.o
 .text.NVIC_voidEnablePerInt
                0x0000000000000000       0x44 ./COTS/01 MCAL/02 NVIC/NVIC_program.o
 .text.NVIC_voidDisablePerInt
                0x0000000000000000       0x44 ./COTS/01 MCAL/02 NVIC/NVIC_program.o
 .text.NVIC_voidSetPendingFlag
                0x0000000000000000       0x44 ./COTS/01 MCAL/02 NVIC/NVIC_program.o
 .text.NVIC_voidClrPendingFlag
                0x0000000000000000       0x44 ./COTS/01 MCAL/02 NVIC/NVIC_program.o
 .text.NVIC_u8ReadActiveFlag
                0x0000000000000000       0x5c ./COTS/01 MCAL/02 NVIC/NVIC_program.o
 .text.NVIC_voidSetSwIntPriority
                0x0000000000000000       0x32 ./COTS/01 MCAL/02 NVIC/NVIC_program.o
 .debug_info    0x0000000000000000      0x19f ./COTS/01 MCAL/02 NVIC/NVIC_program.o
 .debug_abbrev  0x0000000000000000       0xb0 ./COTS/01 MCAL/02 NVIC/NVIC_program.o
 .debug_aranges
                0x0000000000000000       0x50 ./COTS/01 MCAL/02 NVIC/NVIC_program.o
 .debug_ranges  0x0000000000000000       0x40 ./COTS/01 MCAL/02 NVIC/NVIC_program.o
 .debug_macro   0x0000000000000000       0x4c ./COTS/01 MCAL/02 NVIC/NVIC_program.o
 .debug_macro   0x0000000000000000      0xa72 ./COTS/01 MCAL/02 NVIC/NVIC_program.o
 .debug_macro   0x0000000000000000       0x22 ./COTS/01 MCAL/02 NVIC/NVIC_program.o
 .debug_macro   0x0000000000000000       0x70 ./COTS/01 MCAL/02 NVIC/NVIC_program.o
 .debug_macro   0x0000000000000000       0x10 ./COTS/01 MCAL/02 NVIC/NVIC_program.o
 .debug_line    0x0000000000000000      0x1f1 ./COTS/01 MCAL/02 NVIC/NVIC_program.o
 .debug_str     0x0000000000000000     0x3193 ./COTS/01 MCAL/02 NVIC/NVIC_program.o
 .comment       0x0000000000000000       0x51 ./COTS/01 MCAL/02 NVIC/NVIC_program.o
 .debug_frame   0x0000000000000000      0x120 ./COTS/01 MCAL/02 NVIC/NVIC_program.o
 .ARM.attributes
                0x0000000000000000       0x2d ./COTS/01 MCAL/02 NVIC/NVIC_program.o
 .group         0x0000000000000000        0xc ./COTS/01 MCAL/03 EXTI/EXTI_program.o
 .group         0x0000000000000000        0xc ./COTS/01 MCAL/03 EXTI/EXTI_program.o
 .group         0x0000000000000000        0xc ./COTS/01 MCAL/03 EXTI/EXTI_program.o
 .group         0x0000000000000000        0xc ./COTS/01 MCAL/03 EXTI/EXTI_program.o
 .group         0x0000000000000000        0xc ./COTS/01 MCAL/03 EXTI/EXTI_program.o
 .group         0x0000000000000000        0xc ./COTS/01 MCAL/03 EXTI/EXTI_program.o
 .text          0x0000000000000000        0x0 ./COTS/01 MCAL/03 EXTI/EXTI_program.o
 .data          0x0000000000000000        0x0 ./COTS/01 MCAL/03 EXTI/EXTI_program.o
 .bss           0x0000000000000000        0x0 ./COTS/01 MCAL/03 EXTI/EXTI_program.o
 .bss.EXTI0_CallBack
                0x0000000000000000        0x4 ./COTS/01 MCAL/03 EXTI/EXTI_program.o
 .text.EXTI0_voidInit
                0x0000000000000000       0x28 ./COTS/01 MCAL/03 EXTI/EXTI_program.o
 .text.EXTI_voidEnableInt
                0x0000000000000000       0x2c ./COTS/01 MCAL/03 EXTI/EXTI_program.o
 .text.EXTI_voidDisableInt
                0x0000000000000000       0x30 ./COTS/01 MCAL/03 EXTI/EXTI_program.o
 .text.EXTI_voidEnableSWI
                0x0000000000000000       0x2c ./COTS/01 MCAL/03 EXTI/EXTI_program.o
 .text.EXTI_voidChangeSenseMode
                0x0000000000000000       0xc8 ./COTS/01 MCAL/03 EXTI/EXTI_program.o
 .text.EXTI0_voidSetCallBack
                0x0000000000000000       0x24 ./COTS/01 MCAL/03 EXTI/EXTI_program.o
 .debug_macro   0x0000000000000000      0xa72 ./COTS/01 MCAL/03 EXTI/EXTI_program.o
 .debug_macro   0x0000000000000000       0x22 ./COTS/01 MCAL/03 EXTI/EXTI_program.o
 .debug_macro   0x0000000000000000       0xe2 ./COTS/01 MCAL/03 EXTI/EXTI_program.o
 .group         0x0000000000000000        0xc ./COTS/01 MCAL/04 STK/Delay_program.o
 .group         0x0000000000000000        0xc ./COTS/01 MCAL/04 STK/Delay_program.o
 .text          0x0000000000000000        0x0 ./COTS/01 MCAL/04 STK/Delay_program.o
 .data          0x0000000000000000        0x0 ./COTS/01 MCAL/04 STK/Delay_program.o
 .bss           0x0000000000000000        0x0 ./COTS/01 MCAL/04 STK/Delay_program.o
 .debug_macro   0x0000000000000000      0xa72 ./COTS/01 MCAL/04 STK/Delay_program.o
 .debug_macro   0x0000000000000000       0x22 ./COTS/01 MCAL/04 STK/Delay_program.o
 .group         0x0000000000000000        0xc ./COTS/01 MCAL/05 DMA/DMA_program.o
 .group         0x0000000000000000        0xc ./COTS/01 MCAL/05 DMA/DMA_program.o
 .group         0x0000000000000000        0xc ./COTS/01 MCAL/05 DMA/DMA_program.o
 .group         0x0000000000000000        0xc ./COTS/01 MCAL/05 DMA/DMA_program.o
 .group         0x0000000000000000        0xc ./COTS/01 MCAL/05 DMA/DMA_program.o
 .text          0x0000000000000000        0x0 ./COTS/01 MCAL/05 DMA/DMA_program.o
 .data          0x0000000000000000        0x0 ./COTS/01 MCAL/05 DMA/DMA_program.o
 .bss           0x0000000000000000        0x0 ./COTS/01 MCAL/05 DMA/DMA_program.o
 .text.DMA1_voidChannelInit
                0x0000000000000000      0x19c ./COTS/01 MCAL/05 DMA/DMA_program.o
 .text.DMA1_voidStartChannel
                0x0000000000000000       0x48 ./COTS/01 MCAL/05 DMA/DMA_program.o
 .debug_info    0x0000000000000000      0x1c1 ./COTS/01 MCAL/05 DMA/DMA_program.o
 .debug_abbrev  0x0000000000000000       0xde ./COTS/01 MCAL/05 DMA/DMA_program.o
 .debug_aranges
                0x0000000000000000       0x28 ./COTS/01 MCAL/05 DMA/DMA_program.o
 .debug_ranges  0x0000000000000000       0x18 ./COTS/01 MCAL/05 DMA/DMA_program.o
 .debug_macro   0x0000000000000000       0x3f ./COTS/01 MCAL/05 DMA/DMA_program.o
 .debug_macro   0x0000000000000000      0xa72 ./COTS/01 MCAL/05 DMA/DMA_program.o
 .debug_macro   0x0000000000000000       0x22 ./COTS/01 MCAL/05 DMA/DMA_program.o
 .debug_macro   0x0000000000000000       0xe2 ./COTS/01 MCAL/05 DMA/DMA_program.o
 .debug_macro   0x0000000000000000       0x5e ./COTS/01 MCAL/05 DMA/DMA_program.o
 .debug_macro   0x0000000000000000       0x6a ./COTS/01 MCAL/05 DMA/DMA_program.o
 .debug_line    0x0000000000000000      0x152 ./COTS/01 MCAL/05 DMA/DMA_program.o
 .debug_str     0x0000000000000000     0x325a ./COTS/01 MCAL/05 DMA/DMA_program.o
 .comment       0x0000000000000000       0x51 ./COTS/01 MCAL/05 DMA/DMA_program.o
 .debug_frame   0x0000000000000000       0x60 ./COTS/01 MCAL/05 DMA/DMA_program.o
 .ARM.attributes
                0x0000000000000000       0x2d ./COTS/01 MCAL/05 DMA/DMA_program.o
 .group         0x0000000000000000        0xc ./COTS/01 MCAL/06 ADC/ADC_program.o
 .group         0x0000000000000000        0xc ./COTS/01 MCAL/06 ADC/ADC_program.o
 .group         0x0000000000000000        0xc ./COTS/01 MCAL/06 ADC/ADC_program.o
 .group         0x0000000000000000        0xc ./COTS/01 MCAL/06 ADC/ADC_program.o
 .text          0x0000000000000000        0x0 ./COTS/01 MCAL/06 ADC/ADC_program.o
 .data          0x0000000000000000        0x0 ./COTS/01 MCAL/06 ADC/ADC_program.o
 .bss           0x0000000000000000        0x0 ./COTS/01 MCAL/06 ADC/ADC_program.o
 .debug_macro   0x0000000000000000      0xa72 ./COTS/01 MCAL/06 ADC/ADC_program.o
 .debug_macro   0x0000000000000000       0x22 ./COTS/01 MCAL/06 ADC/ADC_program.o
 .group         0x0000000000000000        0xc ./COTS/02 ECU/BUZZER/BUZZER_program.o
 .group         0x0000000000000000        0xc ./COTS/02 ECU/BUZZER/BUZZER_program.o
 .group         0x0000000000000000        0xc ./COTS/02 ECU/BUZZER/BUZZER_program.o
 .text          0x0000000000000000        0x0 ./COTS/02 ECU/BUZZER/BUZZER_program.o
 .data          0x0000000000000000        0x0 ./COTS/02 ECU/BUZZER/BUZZER_program.o
 .bss           0x0000000000000000        0x0 ./COTS/02 ECU/BUZZER/BUZZER_program.o
 .text.BUZZER_voidInit
                0x0000000000000000       0x24 ./COTS/02 ECU/BUZZER/BUZZER_program.o
 .text.BUZZER_voidON
                0x0000000000000000       0x24 ./COTS/02 ECU/BUZZER/BUZZER_program.o
 .text.BUZZER_voidOFF
                0x0000000000000000       0x24 ./COTS/02 ECU/BUZZER/BUZZER_program.o
 .debug_info    0x0000000000000000      0x14e ./COTS/02 ECU/BUZZER/BUZZER_program.o
 .debug_abbrev  0x0000000000000000       0xb0 ./COTS/02 ECU/BUZZER/BUZZER_program.o
 .debug_aranges
                0x0000000000000000       0x30 ./COTS/02 ECU/BUZZER/BUZZER_program.o
 .debug_ranges  0x0000000000000000       0x20 ./COTS/02 ECU/BUZZER/BUZZER_program.o
 .debug_macro   0x0000000000000000       0x37 ./COTS/02 ECU/BUZZER/BUZZER_program.o
 .debug_macro   0x0000000000000000      0xa72 ./COTS/02 ECU/BUZZER/BUZZER_program.o
 .debug_macro   0x0000000000000000       0x22 ./COTS/02 ECU/BUZZER/BUZZER_program.o
 .debug_macro   0x0000000000000000       0xe2 ./COTS/02 ECU/BUZZER/BUZZER_program.o
 .debug_line    0x0000000000000000      0x123 ./COTS/02 ECU/BUZZER/BUZZER_program.o
 .debug_str     0x0000000000000000     0x308e ./COTS/02 ECU/BUZZER/BUZZER_program.o
 .comment       0x0000000000000000       0x51 ./COTS/02 ECU/BUZZER/BUZZER_program.o
 .debug_frame   0x0000000000000000       0x7c ./COTS/02 ECU/BUZZER/BUZZER_program.o
 .ARM.attributes
                0x0000000000000000       0x2d ./COTS/02 ECU/BUZZER/BUZZER_program.o
 .group         0x0000000000000000        0xc ./COTS/02 ECU/LED/LED_program.o
 .group         0x0000000000000000        0xc ./COTS/02 ECU/LED/LED_program.o
 .group         0x0000000000000000        0xc ./COTS/02 ECU/LED/LED_program.o
 .text          0x0000000000000000        0x0 ./COTS/02 ECU/LED/LED_program.o
 .data          0x0000000000000000        0x0 ./COTS/02 ECU/LED/LED_program.o
 .bss           0x0000000000000000        0x0 ./COTS/02 ECU/LED/LED_program.o
 .text.LED_voidInit
                0x0000000000000000       0x24 ./COTS/02 ECU/LED/LED_program.o
 .text.LED_voidON
                0x0000000000000000       0x24 ./COTS/02 ECU/LED/LED_program.o
 .text.LED_voidOFF
                0x0000000000000000       0x24 ./COTS/02 ECU/LED/LED_program.o
 .debug_info    0x0000000000000000      0x14e ./COTS/02 ECU/LED/LED_program.o
 .debug_abbrev  0x0000000000000000       0xb0 ./COTS/02 ECU/LED/LED_program.o
 .debug_aranges
                0x0000000000000000       0x30 ./COTS/02 ECU/LED/LED_program.o
 .debug_ranges  0x0000000000000000       0x20 ./COTS/02 ECU/LED/LED_program.o
 .debug_macro   0x0000000000000000       0x37 ./COTS/02 ECU/LED/LED_program.o
 .debug_macro   0x0000000000000000      0xa72 ./COTS/02 ECU/LED/LED_program.o
 .debug_macro   0x0000000000000000       0x22 ./COTS/02 ECU/LED/LED_program.o
 .debug_macro   0x0000000000000000       0xe2 ./COTS/02 ECU/LED/LED_program.o
 .debug_line    0x0000000000000000      0x11a ./COTS/02 ECU/LED/LED_program.o
 .debug_str     0x0000000000000000     0x307c ./COTS/02 ECU/LED/LED_program.o
 .comment       0x0000000000000000       0x51 ./COTS/02 ECU/LED/LED_program.o
 .debug_frame   0x0000000000000000       0x7c ./COTS/02 ECU/LED/LED_program.o
 .ARM.attributes
                0x0000000000000000       0x2d ./COTS/02 ECU/LED/LED_program.o
 .group         0x0000000000000000        0xc ./Src/main.o
 .group         0x0000000000000000        0xc ./Src/main.o
 .group         0x0000000000000000        0xc ./Src/main.o
 .group         0x0000000000000000        0xc ./Src/main.o
 .group         0x0000000000000000        0xc ./Src/main.o
 .group         0x0000000000000000        0xc ./Src/main.o
 .text          0x0000000000000000        0x0 ./Src/main.o
 .data          0x0000000000000000        0x0 ./Src/main.o
 .bss           0x0000000000000000        0x0 ./Src/main.o
 .debug_macro   0x0000000000000000      0xa72 ./Src/main.o
 .debug_macro   0x0000000000000000       0x22 ./Src/main.o
 .debug_macro   0x0000000000000000       0x88 ./Src/main.o
 .debug_macro   0x0000000000000000       0xe2 ./Src/main.o
 .debug_macro   0x0000000000000000       0x16 ./Src/main.o
 .debug_macro   0x0000000000000000       0x64 ./Src/main.o
 .text          0x0000000000000000       0x14 ./Startup/startup_stm32f103c8tx.o
 .data          0x0000000000000000        0x0 ./Startup/startup_stm32f103c8tx.o
 .bss           0x0000000000000000        0x0 ./Startup/startup_stm32f103c8tx.o
 .text          0x0000000000000000        0x0 c:/st/stm32cubeide_1.12.1/stm32cubeide/plugins/com.st.stm32cube.ide.mcu.externaltools.gnu-tools-for-stm32.10.3-2021.10.win32_1.0.200.202301161003/tools/bin/../lib/gcc/arm-none-eabi/10.3.1/../../../../arm-none-eabi/lib/thumb/v7-m/nofp\libc_nano.a(lib_a-exit.o)
 .data          0x0000000000000000        0x0 c:/st/stm32cubeide_1.12.1/stm32cubeide/plugins/com.st.stm32cube.ide.mcu.externaltools.gnu-tools-for-stm32.10.3-2021.10.win32_1.0.200.202301161003/tools/bin/../lib/gcc/arm-none-eabi/10.3.1/../../../../arm-none-eabi/lib/thumb/v7-m/nofp\libc_nano.a(lib_a-exit.o)
 .bss           0x0000000000000000        0x0 c:/st/stm32cubeide_1.12.1/stm32cubeide/plugins/com.st.stm32cube.ide.mcu.externaltools.gnu-tools-for-stm32.10.3-2021.10.win32_1.0.200.202301161003/tools/bin/../lib/gcc/arm-none-eabi/10.3.1/../../../../arm-none-eabi/lib/thumb/v7-m/nofp\libc_nano.a(lib_a-exit.o)
 .text.exit     0x0000000000000000       0x28 c:/st/stm32cubeide_1.12.1/stm32cubeide/plugins/com.st.stm32cube.ide.mcu.externaltools.gnu-tools-for-stm32.10.3-2021.10.win32_1.0.200.202301161003/tools/bin/../lib/gcc/arm-none-eabi/10.3.1/../../../../arm-none-eabi/lib/thumb/v7-m/nofp\libc_nano.a(lib_a-exit.o)
 .debug_frame   0x0000000000000000       0x28 c:/st/stm32cubeide_1.12.1/stm32cubeide/plugins/com.st.stm32cube.ide.mcu.externaltools.gnu-tools-for-stm32.10.3-2021.10.win32_1.0.200.202301161003/tools/bin/../lib/gcc/arm-none-eabi/10.3.1/../../../../arm-none-eabi/lib/thumb/v7-m/nofp\libc_nano.a(lib_a-exit.o)
 .ARM.attributes
                0x0000000000000000       0x2d c:/st/stm32cubeide_1.12.1/stm32cubeide/plugins/com.st.stm32cube.ide.mcu.externaltools.gnu-tools-for-stm32.10.3-2021.10.win32_1.0.200.202301161003/tools/bin/../lib/gcc/arm-none-eabi/10.3.1/../../../../arm-none-eabi/lib/thumb/v7-m/nofp\libc_nano.a(lib_a-exit.o)
 .text          0x0000000000000000        0x0 c:/st/stm32cubeide_1.12.1/stm32cubeide/plugins/com.st.stm32cube.ide.mcu.externaltools.gnu-tools-for-stm32.10.3-2021.10.win32_1.0.200.202301161003/tools/bin/../lib/gcc/arm-none-eabi/10.3.1/../../../../arm-none-eabi/lib/thumb/v7-m/nofp\libc_nano.a(lib_a-impure.o)
 .data          0x0000000000000000        0x0 c:/st/stm32cubeide_1.12.1/stm32cubeide/plugins/com.st.stm32cube.ide.mcu.externaltools.gnu-tools-for-stm32.10.3-2021.10.win32_1.0.200.202301161003/tools/bin/../lib/gcc/arm-none-eabi/10.3.1/../../../../arm-none-eabi/lib/thumb/v7-m/nofp\libc_nano.a(lib_a-impure.o)
 .bss           0x0000000000000000        0x0 c:/st/stm32cubeide_1.12.1/stm32cubeide/plugins/com.st.stm32cube.ide.mcu.externaltools.gnu-tools-for-stm32.10.3-2021.10.win32_1.0.200.202301161003/tools/bin/../lib/gcc/arm-none-eabi/10.3.1/../../../../arm-none-eabi/lib/thumb/v7-m/nofp\libc_nano.a(lib_a-impure.o)
 .data._impure_ptr
                0x0000000000000000        0x4 c:/st/stm32cubeide_1.12.1/stm32cubeide/plugins/com.st.stm32cube.ide.mcu.externaltools.gnu-tools-for-stm32.10.3-2021.10.win32_1.0.200.202301161003/tools/bin/../lib/gcc/arm-none-eabi/10.3.1/../../../../arm-none-eabi/lib/thumb/v7-m/nofp\libc_nano.a(lib_a-impure.o)
 .data.impure_data
                0x0000000000000000       0x60 c:/st/stm32cubeide_1.12.1/stm32cubeide/plugins/com.st.stm32cube.ide.mcu.externaltools.gnu-tools-for-stm32.10.3-2021.10.win32_1.0.200.202301161003/tools/bin/../lib/gcc/arm-none-eabi/10.3.1/../../../../arm-none-eabi/lib/thumb/v7-m/nofp\libc_nano.a(lib_a-impure.o)
 .rodata._global_impure_ptr
                0x0000000000000000        0x4 c:/st/stm32cubeide_1.12.1/stm32cubeide/plugins/com.st.stm32cube.ide.mcu.externaltools.gnu-tools-for-stm32.10.3-2021.10.win32_1.0.200.202301161003/tools/bin/../lib/gcc/arm-none-eabi/10.3.1/../../../../arm-none-eabi/lib/thumb/v7-m/nofp\libc_nano.a(lib_a-impure.o)
 .ARM.attributes
                0x0000000000000000       0x2d c:/st/stm32cubeide_1.12.1/stm32cubeide/plugins/com.st.stm32cube.ide.mcu.externaltools.gnu-tools-for-stm32.10.3-2021.10.win32_1.0.200.202301161003/tools/bin/../lib/gcc/arm-none-eabi/10.3.1/../../../../arm-none-eabi/lib/thumb/v7-m/nofp\libc_nano.a(lib_a-impure.o)
 .text          0x0000000000000000        0x0 c:/st/stm32cubeide_1.12.1/stm32cubeide/plugins/com.st.stm32cube.ide.mcu.externaltools.gnu-tools-for-stm32.10.3-2021.10.win32_1.0.200.202301161003/tools/bin/../lib/gcc/arm-none-eabi/10.3.1/../../../../arm-none-eabi/lib/thumb/v7-m/nofp\libc_nano.a(lib_a-init.o)
 .data          0x0000000000000000        0x0 c:/st/stm32cubeide_1.12.1/stm32cubeide/plugins/com.st.stm32cube.ide.mcu.externaltools.gnu-tools-for-stm32.10.3-2021.10.win32_1.0.200.202301161003/tools/bin/../lib/gcc/arm-none-eabi/10.3.1/../../../../arm-none-eabi/lib/thumb/v7-m/nofp\libc_nano.a(lib_a-init.o)
 .bss           0x0000000000000000        0x0 c:/st/stm32cubeide_1.12.1/stm32cubeide/plugins/com.st.stm32cube.ide.mcu.externaltools.gnu-tools-for-stm32.10.3-2021.10.win32_1.0.200.202301161003/tools/bin/../lib/gcc/arm-none-eabi/10.3.1/../../../../arm-none-eabi/lib/thumb/v7-m/nofp\libc_nano.a(lib_a-init.o)
 .text          0x0000000000000000        0x0 c:/st/stm32cubeide_1.12.1/stm32cubeide/plugins/com.st.stm32cube.ide.mcu.externaltools.gnu-tools-for-stm32.10.3-2021.10.win32_1.0.200.202301161003/tools/bin/../lib/gcc/arm-none-eabi/10.3.1/../../../../arm-none-eabi/lib/thumb/v7-m/nofp\libc_nano.a(lib_a-memset.o)
 .data          0x0000000000000000        0x0 c:/st/stm32cubeide_1.12.1/stm32cubeide/plugins/com.st.stm32cube.ide.mcu.externaltools.gnu-tools-for-stm32.10.3-2021.10.win32_1.0.200.202301161003/tools/bin/../lib/gcc/arm-none-eabi/10.3.1/../../../../arm-none-eabi/lib/thumb/v7-m/nofp\libc_nano.a(lib_a-memset.o)
 .bss           0x0000000000000000        0x0 c:/st/stm32cubeide_1.12.1/stm32cubeide/plugins/com.st.stm32cube.ide.mcu.externaltools.gnu-tools-for-stm32.10.3-2021.10.win32_1.0.200.202301161003/tools/bin/../lib/gcc/arm-none-eabi/10.3.1/../../../../arm-none-eabi/lib/thumb/v7-m/nofp\libc_nano.a(lib_a-memset.o)
 .text.memset   0x0000000000000000       0x10 c:/st/stm32cubeide_1.12.1/stm32cubeide/plugins/com.st.stm32cube.ide.mcu.externaltools.gnu-tools-for-stm32.10.3-2021.10.win32_1.0.200.202301161003/tools/bin/../lib/gcc/arm-none-eabi/10.3.1/../../../../arm-none-eabi/lib/thumb/v7-m/nofp\libc_nano.a(lib_a-memset.o)
 .debug_frame   0x0000000000000000       0x20 c:/st/stm32cubeide_1.12.1/stm32cubeide/plugins/com.st.stm32cube.ide.mcu.externaltools.gnu-tools-for-stm32.10.3-2021.10.win32_1.0.200.202301161003/tools/bin/../lib/gcc/arm-none-eabi/10.3.1/../../../../arm-none-eabi/lib/thumb/v7-m/nofp\libc_nano.a(lib_a-memset.o)
 .ARM.attributes
                0x0000000000000000       0x2d c:/st/stm32cubeide_1.12.1/stm32cubeide/plugins/com.st.stm32cube.ide.mcu.externaltools.gnu-tools-for-stm32.10.3-2021.10.win32_1.0.200.202301161003/tools/bin/../lib/gcc/arm-none-eabi/10.3.1/../../../../arm-none-eabi/lib/thumb/v7-m/nofp\libc_nano.a(lib_a-memset.o)
 .data          0x0000000000000000        0x0 c:/st/stm32cubeide_1.12.1/stm32cubeide/plugins/com.st.stm32cube.ide.mcu.externaltools.gnu-tools-for-stm32.10.3-2021.10.win32_1.0.200.202301161003/tools/bin/../lib/gcc/arm-none-eabi/10.3.1/thumb/v7-m/nofp\libgcc.a(_arm_muldf3.o)
 .bss           0x0000000000000000        0x0 c:/st/stm32cubeide_1.12.1/stm32cubeide/plugins/com.st.stm32cube.ide.mcu.externaltools.gnu-tools-for-stm32.10.3-2021.10.win32_1.0.200.202301161003/tools/bin/../lib/gcc/arm-none-eabi/10.3.1/thumb/v7-m/nofp\libgcc.a(_arm_muldf3.o)
 .data          0x0000000000000000        0x0 c:/st/stm32cubeide_1.12.1/stm32cubeide/plugins/com.st.stm32cube.ide.mcu.externaltools.gnu-tools-for-stm32.10.3-2021.10.win32_1.0.200.202301161003/tools/bin/../lib/gcc/arm-none-eabi/10.3.1/thumb/v7-m/nofp\libgcc.a(_arm_addsubdf3.o)
 .bss           0x0000000000000000        0x0 c:/st/stm32cubeide_1.12.1/stm32cubeide/plugins/com.st.stm32cube.ide.mcu.externaltools.gnu-tools-for-stm32.10.3-2021.10.win32_1.0.200.202301161003/tools/bin/../lib/gcc/arm-none-eabi/10.3.1/thumb/v7-m/nofp\libgcc.a(_arm_addsubdf3.o)
 .data          0x0000000000000000        0x0 c:/st/stm32cubeide_1.12.1/stm32cubeide/plugins/com.st.stm32cube.ide.mcu.externaltools.gnu-tools-for-stm32.10.3-2021.10.win32_1.0.200.202301161003/tools/bin/../lib/gcc/arm-none-eabi/10.3.1/thumb/v7-m/nofp\libgcc.a(_arm_truncdfsf2.o)
 .bss           0x0000000000000000        0x0 c:/st/stm32cubeide_1.12.1/stm32cubeide/plugins/com.st.stm32cube.ide.mcu.externaltools.gnu-tools-for-stm32.10.3-2021.10.win32_1.0.200.202301161003/tools/bin/../lib/gcc/arm-none-eabi/10.3.1/thumb/v7-m/nofp\libgcc.a(_arm_truncdfsf2.o)
 .data          0x0000000000000000        0x0 c:/st/stm32cubeide_1.12.1/stm32cubeide/plugins/com.st.stm32cube.ide.mcu.externaltools.gnu-tools-for-stm32.10.3-2021.10.win32_1.0.200.202301161003/tools/bin/../lib/gcc/arm-none-eabi/10.3.1/thumb/v7-m/nofp\libgcc.a(_arm_addsubsf3.o)
 .bss           0x0000000000000000        0x0 c:/st/stm32cubeide_1.12.1/stm32cubeide/plugins/com.st.stm32cube.ide.mcu.externaltools.gnu-tools-for-stm32.10.3-2021.10.win32_1.0.200.202301161003/tools/bin/../lib/gcc/arm-none-eabi/10.3.1/thumb/v7-m/nofp\libgcc.a(_arm_addsubsf3.o)
 .data          0x0000000000000000        0x0 c:/st/stm32cubeide_1.12.1/stm32cubeide/plugins/com.st.stm32cube.ide.mcu.externaltools.gnu-tools-for-stm32.10.3-2021.10.win32_1.0.200.202301161003/tools/bin/../lib/gcc/arm-none-eabi/10.3.1/thumb/v7-m/nofp\libgcc.a(_arm_muldivsf3.o)
 .bss           0x0000000000000000        0x0 c:/st/stm32cubeide_1.12.1/stm32cubeide/plugins/com.st.stm32cube.ide.mcu.externaltools.gnu-tools-for-stm32.10.3-2021.10.win32_1.0.200.202301161003/tools/bin/../lib/gcc/arm-none-eabi/10.3.1/thumb/v7-m/nofp\libgcc.a(_arm_muldivsf3.o)
 .text          0x0000000000000000        0x0 c:/st/stm32cubeide_1.12.1/stm32cubeide/plugins/com.st.stm32cube.ide.mcu.externaltools.gnu-tools-for-stm32.10.3-2021.10.win32_1.0.200.202301161003/tools/bin/../lib/gcc/arm-none-eabi/10.3.1/../../../../arm-none-eabi/lib/thumb/v7-m/nofp\libnosys.a(_exit.o)
 .data          0x0000000000000000        0x0 c:/st/stm32cubeide_1.12.1/stm32cubeide/plugins/com.st.stm32cube.ide.mcu.externaltools.gnu-tools-for-stm32.10.3-2021.10.win32_1.0.200.202301161003/tools/bin/../lib/gcc/arm-none-eabi/10.3.1/../../../../arm-none-eabi/lib/thumb/v7-m/nofp\libnosys.a(_exit.o)
 .bss           0x0000000000000000        0x0 c:/st/stm32cubeide_1.12.1/stm32cubeide/plugins/com.st.stm32cube.ide.mcu.externaltools.gnu-tools-for-stm32.10.3-2021.10.win32_1.0.200.202301161003/tools/bin/../lib/gcc/arm-none-eabi/10.3.1/../../../../arm-none-eabi/lib/thumb/v7-m/nofp\libnosys.a(_exit.o)
 .text._exit    0x0000000000000000        0x2 c:/st/stm32cubeide_1.12.1/stm32cubeide/plugins/com.st.stm32cube.ide.mcu.externaltools.gnu-tools-for-stm32.10.3-2021.10.win32_1.0.200.202301161003/tools/bin/../lib/gcc/arm-none-eabi/10.3.1/../../../../arm-none-eabi/lib/thumb/v7-m/nofp\libnosys.a(_exit.o)
 .debug_frame   0x0000000000000000       0x20 c:/st/stm32cubeide_1.12.1/stm32cubeide/plugins/com.st.stm32cube.ide.mcu.externaltools.gnu-tools-for-stm32.10.3-2021.10.win32_1.0.200.202301161003/tools/bin/../lib/gcc/arm-none-eabi/10.3.1/../../../../arm-none-eabi/lib/thumb/v7-m/nofp\libnosys.a(_exit.o)
 .ARM.attributes
                0x0000000000000000       0x2d c:/st/stm32cubeide_1.12.1/stm32cubeide/plugins/com.st.stm32cube.ide.mcu.externaltools.gnu-tools-for-stm32.10.3-2021.10.win32_1.0.200.202301161003/tools/bin/../lib/gcc/arm-none-eabi/10.3.1/../../../../arm-none-eabi/lib/thumb/v7-m/nofp\libnosys.a(_exit.o)
 .text          0x0000000000000000        0x0 c:/st/stm32cubeide_1.12.1/stm32cubeide/plugins/com.st.stm32cube.ide.mcu.externaltools.gnu-tools-for-stm32.10.3-2021.10.win32_1.0.200.202301161003/tools/bin/../lib/gcc/arm-none-eabi/10.3.1/thumb/v7-m/nofp/crtend.o
 .data          0x0000000000000000        0x0 c:/st/stm32cubeide_1.12.1/stm32cubeide/plugins/com.st.stm32cube.ide.mcu.externaltools.gnu-tools-for-stm32.10.3-2021.10.win32_1.0.200.202301161003/tools/bin/../lib/gcc/arm-none-eabi/10.3.1/thumb/v7-m/nofp/crtend.o
 .bss           0x0000000000000000        0x0 c:/st/stm32cubeide_1.12.1/stm32cubeide/plugins/com.st.stm32cube.ide.mcu.externaltools.gnu-tools-for-stm32.10.3-2021.10.win32_1.0.200.202301161003/tools/bin/../lib/gcc/arm-none-eabi/10.3.1/thumb/v7-m/nofp/crtend.o
 .rodata        0x0000000000000000       0x24 c:/st/stm32cubeide_1.12.1/stm32cubeide/plugins/com.st.stm32cube.ide.mcu.externaltools.gnu-tools-for-stm32.10.3-2021.10.win32_1.0.200.202301161003/tools/bin/../lib/gcc/arm-none-eabi/10.3.1/thumb/v7-m/nofp/crtend.o
 .eh_frame      0x0000000000000000        0x4 c:/st/stm32cubeide_1.12.1/stm32cubeide/plugins/com.st.stm32cube.ide.mcu.externaltools.gnu-tools-for-stm32.10.3-2021.10.win32_1.0.200.202301161003/tools/bin/../lib/gcc/arm-none-eabi/10.3.1/thumb/v7-m/nofp/crtend.o
 .ARM.attributes
                0x0000000000000000       0x2d c:/st/stm32cubeide_1.12.1/stm32cubeide/plugins/com.st.stm32cube.ide.mcu.externaltools.gnu-tools-for-stm32.10.3-2021.10.win32_1.0.200.202301161003/tools/bin/../lib/gcc/arm-none-eabi/10.3.1/thumb/v7-m/nofp/crtend.o
 .text          0x0000000000000000        0x0 c:/st/stm32cubeide_1.12.1/stm32cubeide/plugins/com.st.stm32cube.ide.mcu.externaltools.gnu-tools-for-stm32.10.3-2021.10.win32_1.0.200.202301161003/tools/bin/../lib/gcc/arm-none-eabi/10.3.1/thumb/v7-m/nofp/crtn.o
 .data          0x0000000000000000        0x0 c:/st/stm32cubeide_1.12.1/stm32cubeide/plugins/com.st.stm32cube.ide.mcu.externaltools.gnu-tools-for-stm32.10.3-2021.10.win32_1.0.200.202301161003/tools/bin/../lib/gcc/arm-none-eabi/10.3.1/thumb/v7-m/nofp/crtn.o
 .bss           0x0000000000000000        0x0 c:/st/stm32cubeide_1.12.1/stm32cubeide/plugins/com.st.stm32cube.ide.mcu.externaltools.gnu-tools-for-stm32.10.3-2021.10.win32_1.0.200.202301161003/tools/bin/../lib/gcc/arm-none-eabi/10.3.1/thumb/v7-m/nofp/crtn.o

Memory Configuration

Name             Origin             Length             Attributes
RAM              0x0000000020000000 0x0000000000005000 xrw
FLASH            0x0000000008000000 0x0000000000010000 xr
*default*        0x0000000000000000 0xffffffffffffffff

Linker script and memory map

LOAD c:/st/stm32cubeide_1.12.1/stm32cubeide/plugins/com.st.stm32cube.ide.mcu.externaltools.gnu-tools-for-stm32.10.3-2021.10.win32_1.0.200.202301161003/tools/bin/../lib/gcc/arm-none-eabi/10.3.1/thumb/v7-m/nofp/crti.o
LOAD c:/st/stm32cubeide_1.12.1/stm32cubeide/plugins/com.st.stm32cube.ide.mcu.externaltools.gnu-tools-for-stm32.10.3-2021.10.win32_1.0.200.202301161003/tools/bin/../lib/gcc/arm-none-eabi/10.3.1/thumb/v7-m/nofp/crtbegin.o
LOAD c:/st/stm32cubeide_1.12.1/stm32cubeide/plugins/com.st.stm32cube.ide.mcu.externaltools.gnu-tools-for-stm32.10.3-2021.10.win32_1.0.200.202301161003/tools/bin/../lib/gcc/arm-none-eabi/10.3.1/../../../../arm-none-eabi/lib/thumb/v7-m/nofp/crt0.o
LOAD ./COTS/.metadata/.plugins/org.eclipse.cdt.make.core/specs.o
LOAD ./COTS/.metadata/.plugins/org.eclipse.cdt.managedbuilder.core/spec.o
LOAD ./COTS/01 MCAL/00 RCC/RCC_program.o
LOAD ./COTS/01 MCAL/01 GPIO/DIO_program.o
LOAD ./COTS/01 MCAL/02 NVIC/NVIC_program.o
LOAD ./COTS/01 MCAL/03 EXTI/EXTI_program.o
LOAD ./COTS/01 MCAL/04 STK/Delay_program.o
LOAD ./COTS/01 MCAL/05 DMA/DMA_program.o
LOAD ./COTS/01 MCAL/06 ADC/ADC_program.o
LOAD ./COTS/02 ECU/BUZZER/BUZZER_program.o
LOAD ./COTS/02 ECU/LED/LED_program.o
LOAD ./Src/main.o
LOAD ./Startup/startup_stm32f103c8tx.o
START GROUP
LOAD c:/st/stm32cubeide_1.12.1/stm32cubeide/plugins/com.st.stm32cube.ide.mcu.externaltools.gnu-tools-for-stm32.10.3-2021.10.win32_1.0.200.202301161003/tools/bin/../lib/gcc/arm-none-eabi/10.3.1/../../../../arm-none-eabi/lib/thumb/v7-m/nofp\libc_nano.a
LOAD c:/st/stm32cubeide_1.12.1/stm32cubeide/plugins/com.st.stm32cube.ide.mcu.externaltools.gnu-tools-for-stm32.10.3-2021.10.win32_1.0.200.202301161003/tools/bin/../lib/gcc/arm-none-eabi/10.3.1/../../../../arm-none-eabi/lib/thumb/v7-m/nofp\libm.a
END GROUP
START GROUP
LOAD c:/st/stm32cubeide_1.12.1/stm32cubeide/plugins/com.st.stm32cube.ide.mcu.externaltools.gnu-tools-for-stm32.10.3-2021.10.win32_1.0.200.202301161003/tools/bin/../lib/gcc/arm-none-eabi/10.3.1/thumb/v7-m/nofp\libgcc.a
LOAD c:/st/stm32cubeide_1.12.1/stm32cubeide/plugins/com.st.stm32cube.ide.mcu.externaltools.gnu-tools-for-stm32.10.3-2021.10.win32_1.0.200.202301161003/tools/bin/../lib/gcc/arm-none-eabi/10.3.1/../../../../arm-none-eabi/lib/thumb/v7-m/nofp\libc_nano.a
END GROUP
START GROUP
LOAD c:/st/stm32cubeide_1.12.1/stm32cubeide/plugins/com.st.stm32cube.ide.mcu.externaltools.gnu-tools-for-stm32.10.3-2021.10.win32_1.0.200.202301161003/tools/bin/../lib/gcc/arm-none-eabi/10.3.1/thumb/v7-m/nofp\libgcc.a
LOAD c:/st/stm32cubeide_1.12.1/stm32cubeide/plugins/com.st.stm32cube.ide.mcu.externaltools.gnu-tools-for-stm32.10.3-2021.10.win32_1.0.200.202301161003/tools/bin/../lib/gcc/arm-none-eabi/10.3.1/../../../../arm-none-eabi/lib/thumb/v7-m/nofp\libc_nano.a
LOAD c:/st/stm32cubeide_1.12.1/stm32cubeide/plugins/com.st.stm32cube.ide.mcu.externaltools.gnu-tools-for-stm32.10.3-2021.10.win32_1.0.200.202301161003/tools/bin/../lib/gcc/arm-none-eabi/10.3.1/../../../../arm-none-eabi/lib/thumb/v7-m/nofp\libnosys.a
END GROUP
START GROUP
LOAD c:/st/stm32cubeide_1.12.1/stm32cubeide/plugins/com.st.stm32cube.ide.mcu.externaltools.gnu-tools-for-stm32.10.3-2021.10.win32_1.0.200.202301161003/tools/bin/../lib/gcc/arm-none-eabi/10.3.1/thumb/v7-m/nofp\libgcc.a
LOAD c:/st/stm32cubeide_1.12.1/stm32cubeide/plugins/com.st.stm32cube.ide.mcu.externaltools.gnu-tools-for-stm32.10.3-2021.10.win32_1.0.200.202301161003/tools/bin/../lib/gcc/arm-none-eabi/10.3.1/../../../../arm-none-eabi/lib/thumb/v7-m/nofp\libc_nano.a
LOAD c:/st/stm32cubeide_1.12.1/stm32cubeide/plugins/com.st.stm32cube.ide.mcu.externaltools.gnu-tools-for-stm32.10.3-2021.10.win32_1.0.200.202301161003/tools/bin/../lib/gcc/arm-none-eabi/10.3.1/../../../../arm-none-eabi/lib/thumb/v7-m/nofp\libnosys.a
END GROUP
LOAD c:/st/stm32cubeide_1.12.1/stm32cubeide/plugins/com.st.stm32cube.ide.mcu.externaltools.gnu-tools-for-stm32.10.3-2021.10.win32_1.0.200.202301161003/tools/bin/../lib/gcc/arm-none-eabi/10.3.1/thumb/v7-m/nofp/crtend.o
LOAD c:/st/stm32cubeide_1.12.1/stm32cubeide/plugins/com.st.stm32cube.ide.mcu.externaltools.gnu-tools-for-stm32.10.3-2021.10.win32_1.0.200.202301161003/tools/bin/../lib/gcc/arm-none-eabi/10.3.1/thumb/v7-m/nofp/crtn.o
                0x0000000020005000                _estack = (ORIGIN (RAM) + LENGTH (RAM))
                0x0000000000000200                _Min_Heap_Size = 0x200
                0x0000000000000400                _Min_Stack_Size = 0x400

.isr_vector     0x0000000008000000      0x130
                0x0000000008000000                . = ALIGN (0x4)
 *(.isr_vector)
 .isr_vector    0x0000000008000000      0x130 ./Startup/startup_stm32f103c8tx.o
                0x0000000008000000                g_pfnVectors
                0x0000000008000130                . = ALIGN (0x4)

.text           0x0000000008000130     0x110c
                0x0000000008000130                . = ALIGN (0x4)
 *(.text)
 .text          0x0000000008000130       0x40 c:/st/stm32cubeide_1.12.1/stm32cubeide/plugins/com.st.stm32cube.ide.mcu.externaltools.gnu-tools-for-stm32.10.3-2021.10.win32_1.0.200.202301161003/tools/bin/../lib/gcc/arm-none-eabi/10.3.1/thumb/v7-m/nofp/crtbegin.o
 .text          0x0000000008000170      0x254 c:/st/stm32cubeide_1.12.1/stm32cubeide/plugins/com.st.stm32cube.ide.mcu.externaltools.gnu-tools-for-stm32.10.3-2021.10.win32_1.0.200.202301161003/tools/bin/../lib/gcc/arm-none-eabi/10.3.1/thumb/v7-m/nofp\libgcc.a(_arm_muldf3.o)
                0x0000000008000170                __muldf3
                0x0000000008000170                __aeabi_dmul
 .text          0x00000000080003c4      0x378 c:/st/stm32cubeide_1.12.1/stm32cubeide/plugins/com.st.stm32cube.ide.mcu.externaltools.gnu-tools-for-stm32.10.3-2021.10.win32_1.0.200.202301161003/tools/bin/../lib/gcc/arm-none-eabi/10.3.1/thumb/v7-m/nofp\libgcc.a(_arm_addsubdf3.o)
                0x00000000080003c4                __aeabi_drsub
                0x00000000080003cc                __aeabi_dsub
                0x00000000080003cc                __subdf3
                0x00000000080003d0                __aeabi_dadd
                0x00000000080003d0                __adddf3
                0x0000000008000648                __floatunsidf
                0x0000000008000648                __aeabi_ui2d
                0x0000000008000668                __floatsidf
                0x0000000008000668                __aeabi_i2d
                0x000000000800068c                __aeabi_f2d
                0x000000000800068c                __extendsfdf2
                0x00000000080006d0                __floatundidf
                0x00000000080006d0                __aeabi_ul2d
                0x00000000080006e0                __floatdidf
                0x00000000080006e0                __aeabi_l2d
 .text          0x000000000800073c       0xa0 c:/st/stm32cubeide_1.12.1/stm32cubeide/plugins/com.st.stm32cube.ide.mcu.externaltools.gnu-tools-for-stm32.10.3-2021.10.win32_1.0.200.202301161003/tools/bin/../lib/gcc/arm-none-eabi/10.3.1/thumb/v7-m/nofp\libgcc.a(_arm_truncdfsf2.o)
                0x000000000800073c                __truncdfsf2
                0x000000000800073c                __aeabi_d2f
 .text          0x00000000080007dc      0x21c c:/st/stm32cubeide_1.12.1/stm32cubeide/plugins/com.st.stm32cube.ide.mcu.externaltools.gnu-tools-for-stm32.10.3-2021.10.win32_1.0.200.202301161003/tools/bin/../lib/gcc/arm-none-eabi/10.3.1/thumb/v7-m/nofp\libgcc.a(_arm_addsubsf3.o)
                0x00000000080007dc                __aeabi_frsub
                0x00000000080007e4                __subsf3
                0x00000000080007e4                __aeabi_fsub
                0x00000000080007e8                __aeabi_fadd
                0x00000000080007e8                __addsf3
                0x0000000008000948                __aeabi_ui2f
                0x0000000008000948                __floatunsisf
                0x0000000008000950                __aeabi_i2f
                0x0000000008000950                __floatsisf
                0x000000000800096c                __aeabi_ul2f
                0x000000000800096c                __floatundisf
                0x000000000800097c                __aeabi_l2f
                0x000000000800097c                __floatdisf
 .text          0x00000000080009f8      0x2a0 c:/st/stm32cubeide_1.12.1/stm32cubeide/plugins/com.st.stm32cube.ide.mcu.externaltools.gnu-tools-for-stm32.10.3-2021.10.win32_1.0.200.202301161003/tools/bin/../lib/gcc/arm-none-eabi/10.3.1/thumb/v7-m/nofp\libgcc.a(_arm_muldivsf3.o)
                0x00000000080009f8                __mulsf3
                0x00000000080009f8                __aeabi_fmul
                0x0000000008000b60                __aeabi_fdiv
                0x0000000008000b60                __divsf3
 *(.text*)
 .text.RCC_voidSysClkInt
                0x0000000008000c98       0x90 ./COTS/01 MCAL/00 RCC/RCC_program.o
                0x0000000008000c98                RCC_voidSysClkInt
 .text.RCC_voidEnablePerClk
                0x0000000008000d28       0x84 ./COTS/01 MCAL/00 RCC/RCC_program.o
                0x0000000008000d28                RCC_voidEnablePerClk
 .text.DIO_voidSetPinDirection
                0x0000000008000dac      0x1a4 ./COTS/01 MCAL/01 GPIO/DIO_program.o
                0x0000000008000dac                DIO_voidSetPinDirection
 .text.DIO_voidTogPinValue
                0x0000000008000f50       0x8c ./COTS/01 MCAL/01 GPIO/DIO_program.o
                0x0000000008000f50                DIO_voidTogPinValue
 .text.EXTI0_IRQHandler
                0x0000000008000fdc       0x28 ./COTS/01 MCAL/03 EXTI/EXTI_program.o
                0x0000000008000fdc                EXTI0_IRQHandler
 .text._delay_ms
                0x0000000008001004       0x32 ./COTS/01 MCAL/04 STK/Delay_program.o
                0x0000000008001004                _delay_ms
 *fill*         0x0000000008001036        0x2 
 .text.ADC_voidInit
                0x0000000008001038       0x54 ./COTS/01 MCAL/06 ADC/ADC_program.o
                0x0000000008001038                ADC_voidInit
 .text.ADC_u16_read
                0x000000000800108c       0x7c ./COTS/01 MCAL/06 ADC/ADC_program.o
                0x000000000800108c                ADC_u16_read
 .text.main     0x0000000008001108       0x80 ./Src/main.o
                0x0000000008001108                main
 .text.Reset_Handler
                0x0000000008001188       0x50 ./Startup/startup_stm32f103c8tx.o
                0x0000000008001188                Reset_Handler
 .text.Default_Handler
                0x00000000080011d8        0x2 ./Startup/startup_stm32f103c8tx.o
                0x00000000080011d8                EXTI2_IRQHandler
                0x00000000080011d8                TIM8_TRG_COM_IRQHandler
                0x00000000080011d8                TIM8_CC_IRQHandler
                0x00000000080011d8                DebugMon_Handler
                0x00000000080011d8                TIM1_CC_IRQHandler
                0x00000000080011d8                HardFault_Handler
                0x00000000080011d8                TIM6_IRQHandler
                0x00000000080011d8                SysTick_Handler
                0x00000000080011d8                PVD_IRQHandler
                0x00000000080011d8                SDIO_IRQHandler
                0x00000000080011d8                PendSV_Handler
                0x00000000080011d8                NMI_Handler
                0x00000000080011d8                EXTI3_IRQHandler
                0x00000000080011d8                USB_HP_CAN_TX_IRQHandler
                0x00000000080011d8                I2C2_EV_IRQHandler
                0x00000000080011d8                UsageFault_Handler
                0x00000000080011d8                ADC1_2_IRQHandler
                0x00000000080011d8                SPI1_IRQHandler
                0x00000000080011d8                CAN_SCE_IRQHandler
                0x00000000080011d8                TAMPER_IRQHandler
                0x00000000080011d8                TIM8_UP_IRQHandler
                0x00000000080011d8                DMA2_Channel2_IRQHandler
                0x00000000080011d8                DMA1_Channel4_IRQHandler
                0x00000000080011d8                USART3_IRQHandler
                0x00000000080011d8                RTC_IRQHandler
                0x00000000080011d8                DMA1_Channel7_IRQHandler
                0x00000000080011d8                UART5_IRQHandler
                0x00000000080011d8                ADC3_IRQHandler
                0x00000000080011d8                TIM4_IRQHandler
                0x00000000080011d8                CAN_RX1_IRQHandler
                0x00000000080011d8                DMA2_Channel1_IRQHandler
                0x00000000080011d8                I2C1_EV_IRQHandler
                0x00000000080011d8                DMA1_Channel6_IRQHandler
                0x00000000080011d8                UART4_IRQHandler
                0x00000000080011d8                TIM3_IRQHandler
                0x00000000080011d8                RCC_IRQHandler
                0x00000000080011d8                TIM1_TRG_COM_IRQHandler
                0x00000000080011d8                DMA1_Channel1_IRQHandler
                0x00000000080011d8                Default_Handler
                0x00000000080011d8                EXTI15_10_IRQHandler
                0x00000000080011d8                TIM7_IRQHandler
                0x00000000080011d8                TIM5_IRQHandler
                0x00000000080011d8                EXTI9_5_IRQHandler
                0x00000000080011d8                SPI2_IRQHandler
                0x00000000080011d8                USB_LP_CAN_RX0_IRQHandler
                0x00000000080011d8                MemManage_Handler
                0x00000000080011d8                SVC_Handler
                0x00000000080011d8                DMA1_Channel5_IRQHandler
                0x00000000080011d8                EXTI4_IRQHandler
                0x00000000080011d8                DMA1_Channel3_IRQHandler
                0x00000000080011d8                FSMC_IRQHandler
                0x00000000080011d8                TIM1_UP_IRQHandler
                0x00000000080011d8                WWDG_IRQHandler
                0x00000000080011d8                TIM2_IRQHandler
                0x00000000080011d8                TIM1_BRK_IRQHandler
                0x00000000080011d8                EXTI1_IRQHandler
                0x00000000080011d8                RTCAlarm_IRQHandler
                0x00000000080011d8                DMA2_Channel4_5_IRQHandler
                0x00000000080011d8                USART2_IRQHandler
                0x00000000080011d8                I2C2_ER_IRQHandler
                0x00000000080011d8                DMA1_Channel2_IRQHandler
                0x00000000080011d8                TIM8_BRK_IRQHandler
                0x00000000080011d8                FLASH_IRQHandler
                0x00000000080011d8                BusFault_Handler
                0x00000000080011d8                USART1_IRQHandler
                0x00000000080011d8                SPI3_IRQHandler
                0x00000000080011d8                I2C1_ER_IRQHandler
                0x00000000080011d8                DMA2_Channel3_IRQHandler
 *fill*         0x00000000080011da        0x2 
 .text.__libc_init_array
                0x00000000080011dc       0x48 c:/st/stm32cubeide_1.12.1/stm32cubeide/plugins/com.st.stm32cube.ide.mcu.externaltools.gnu-tools-for-stm32.10.3-2021.10.win32_1.0.200.202301161003/tools/bin/../lib/gcc/arm-none-eabi/10.3.1/../../../../arm-none-eabi/lib/thumb/v7-m/nofp\libc_nano.a(lib_a-init.o)
                0x00000000080011dc                __libc_init_array
 *(.glue_7)
 .glue_7        0x0000000008001224        0x0 linker stubs
 *(.glue_7t)
 .glue_7t       0x0000000008001224        0x0 linker stubs
 *(.eh_frame)
 .eh_frame      0x0000000008001224        0x0 c:/st/stm32cubeide_1.12.1/stm32cubeide/plugins/com.st.stm32cube.ide.mcu.externaltools.gnu-tools-for-stm32.10.3-2021.10.win32_1.0.200.202301161003/tools/bin/../lib/gcc/arm-none-eabi/10.3.1/thumb/v7-m/nofp/crtbegin.o
 *(.init)
 .init          0x0000000008001224        0x4 c:/st/stm32cubeide_1.12.1/stm32cubeide/plugins/com.st.stm32cube.ide.mcu.externaltools.gnu-tools-for-stm32.10.3-2021.10.win32_1.0.200.202301161003/tools/bin/../lib/gcc/arm-none-eabi/10.3.1/thumb/v7-m/nofp/crti.o
                0x0000000008001224                _init
 .init          0x0000000008001228        0x8 c:/st/stm32cubeide_1.12.1/stm32cubeide/plugins/com.st.stm32cube.ide.mcu.externaltools.gnu-tools-for-stm32.10.3-2021.10.win32_1.0.200.202301161003/tools/bin/../lib/gcc/arm-none-eabi/10.3.1/thumb/v7-m/nofp/crtn.o
 *(.fini)
 .fini          0x0000000008001230        0x4 c:/st/stm32cubeide_1.12.1/stm32cubeide/plugins/com.st.stm32cube.ide.mcu.externaltools.gnu-tools-for-stm32.10.3-2021.10.win32_1.0.200.202301161003/tools/bin/../lib/gcc/arm-none-eabi/10.3.1/thumb/v7-m/nofp/crti.o
                0x0000000008001230                _fini
 .fini          0x0000000008001234        0x8 c:/st/stm32cubeide_1.12.1/stm32cubeide/plugins/com.st.stm32cube.ide.mcu.externaltools.gnu-tools-for-stm32.10.3-2021.10.win32_1.0.200.202301161003/tools/bin/../lib/gcc/arm-none-eabi/10.3.1/thumb/v7-m/nofp/crtn.o
                0x000000000800123c                . = ALIGN (0x4)
                0x000000000800123c                _etext = .

.vfp11_veneer   0x000000000800123c        0x0
 .vfp11_veneer  0x000000000800123c        0x0 linker stubs

.v4_bx          0x000000000800123c        0x0
 .v4_bx         0x000000000800123c        0x0 linker stubs

.iplt           0x000000000800123c        0x0
 .iplt          0x000000000800123c        0x0 c:/st/stm32cubeide_1.12.1/stm32cubeide/plugins/com.st.stm32cube.ide.mcu.externaltools.gnu-tools-for-stm32.10.3-2021.10.win32_1.0.200.202301161003/tools/bin/../lib/gcc/arm-none-eabi/10.3.1/thumb/v7-m/nofp/crtbegin.o

.rel.dyn        0x000000000800123c        0x0
 .rel.iplt      0x000000000800123c        0x0 c:/st/stm32cubeide_1.12.1/stm32cubeide/plugins/com.st.stm32cube.ide.mcu.externaltools.gnu-tools-for-stm32.10.3-2021.10.win32_1.0.200.202301161003/tools/bin/../lib/gcc/arm-none-eabi/10.3.1/thumb/v7-m/nofp/crtbegin.o

.rodata         0x000000000800123c        0x0
                0x000000000800123c                . = ALIGN (0x4)
 *(.rodata)
 *(.rodata*)
                0x000000000800123c                . = ALIGN (0x4)

.ARM.extab      0x000000000800123c        0x0
                0x000000000800123c                . = ALIGN (0x4)
 *(.ARM.extab* .gnu.linkonce.armextab.*)
                0x000000000800123c                . = ALIGN (0x4)

.ARM            0x000000000800123c        0x0
                0x000000000800123c                . = ALIGN (0x4)
                0x000000000800123c                __exidx_start = .
 *(.ARM.exidx*)
                0x000000000800123c                __exidx_end = .
                0x000000000800123c                . = ALIGN (0x4)

.preinit_array  0x000000000800123c        0x0
                0x000000000800123c                . = ALIGN (0x4)
                0x000000000800123c                PROVIDE (__preinit_array_start = .)
 *(.preinit_array*)
                0x000000000800123c                PROVIDE (__preinit_array_end = .)
                0x000000000800123c                . = ALIGN (0x4)

.init_array     0x000000000800123c        0x4
                0x000000000800123c                . = ALIGN (0x4)
                0x000000000800123c                PROVIDE (__init_array_start = .)
 *(SORT_BY_NAME(.init_array.*))
 *(.init_array*)
 .init_array    0x000000000800123c        0x4 c:/st/stm32cubeide_1.12.1/stm32cubeide/plugins/com.st.stm32cube.ide.mcu.externaltools.gnu-tools-for-stm32.10.3-2021.10.win32_1.0.200.202301161003/tools/bin/../lib/gcc/arm-none-eabi/10.3.1/thumb/v7-m/nofp/crtbegin.o
                0x0000000008001240                PROVIDE (__init_array_end = .)
                0x0000000008001240                . = ALIGN (0x4)

.fini_array     0x0000000008001240        0x4
                0x0000000008001240                . = ALIGN (0x4)
                [!provide]                        PROVIDE (__fini_array_start = .)
 *(SORT_BY_NAME(.fini_array.*))
 *(.fini_array*)
 .fini_array    0x0000000008001240        0x4 c:/st/stm32cubeide_1.12.1/stm32cubeide/plugins/com.st.stm32cube.ide.mcu.externaltools.gnu-tools-for-stm32.10.3-2021.10.win32_1.0.200.202301161003/tools/bin/../lib/gcc/arm-none-eabi/10.3.1/thumb/v7-m/nofp/crtbegin.o
                [!provide]                        PROVIDE (__fini_array_end = .)
                0x0000000008001244                . = ALIGN (0x4)
                0x0000000008001244                _sidata = LOADADDR (.data)

.data           0x0000000020000000        0x0 load address 0x0000000008001244
                0x0000000020000000                . = ALIGN (0x4)
                0x0000000020000000                _sdata = .
 *(.data)
 *(.data*)
 *(.RamFunc)
 *(.RamFunc*)
                0x0000000020000000                . = ALIGN (0x4)
                0x0000000020000000                _edata = .

.igot.plt       0x0000000020000000        0x0 load address 0x0000000008001244
 .igot.plt      0x0000000020000000        0x0 c:/st/stm32cubeide_1.12.1/stm32cubeide/plugins/com.st.stm32cube.ide.mcu.externaltools.gnu-tools-for-stm32.10.3-2021.10.win32_1.0.200.202301161003/tools/bin/../lib/gcc/arm-none-eabi/10.3.1/thumb/v7-m/nofp/crtbegin.o
                0x0000000020000000                . = ALIGN (0x4)

.bss            0x0000000020000000       0x1c load address 0x0000000008001244
                0x0000000020000000                _sbss = .
                0x0000000020000000                __bss_start__ = _sbss
 *(.bss)
 .bss           0x0000000020000000       0x1c c:/st/stm32cubeide_1.12.1/stm32cubeide/plugins/com.st.stm32cube.ide.mcu.externaltools.gnu-tools-for-stm32.10.3-2021.10.win32_1.0.200.202301161003/tools/bin/../lib/gcc/arm-none-eabi/10.3.1/thumb/v7-m/nofp/crtbegin.o
 *(.bss*)
 *(COMMON)
                0x000000002000001c                . = ALIGN (0x4)
                0x000000002000001c                _ebss = .
                0x000000002000001c                __bss_end__ = _ebss

._user_heap_stack
                0x000000002000001c      0x604 load address 0x0000000008001244
                0x0000000020000020                . = ALIGN (0x8)
 *fill*         0x000000002000001c        0x4 
                [!provide]                        PROVIDE (end = .)
                [!provide]                        PROVIDE (_end = .)
                0x0000000020000220                . = (. + _Min_Heap_Size)
 *fill*         0x0000000020000020      0x200 
                0x0000000020000620                . = (. + _Min_Stack_Size)
 *fill*         0x0000000020000220      0x400 
                0x0000000020000620                . = ALIGN (0x8)

/DISCARD/
 libc.a(*)
 libm.a(*)
 libgcc.a(*)

.ARM.attributes
                0x0000000000000000       0x29
 *(.ARM.attributes)
 .ARM.attributes
                0x0000000000000000       0x1d c:/st/stm32cubeide_1.12.1/stm32cubeide/plugins/com.st.stm32cube.ide.mcu.externaltools.gnu-tools-for-stm32.10.3-2021.10.win32_1.0.200.202301161003/tools/bin/../lib/gcc/arm-none-eabi/10.3.1/thumb/v7-m/nofp/crti.o
 .ARM.attributes
                0x000000000000001d       0x2d c:/st/stm32cubeide_1.12.1/stm32cubeide/plugins/com.st.stm32cube.ide.mcu.externaltools.gnu-tools-for-stm32.10.3-2021.10.win32_1.0.200.202301161003/tools/bin/../lib/gcc/arm-none-eabi/10.3.1/thumb/v7-m/nofp/crtbegin.o
 .ARM.attributes
                0x000000000000004a       0x2d ./COTS/01 MCAL/00 RCC/RCC_program.o
 .ARM.attributes
                0x0000000000000077       0x2d ./COTS/01 MCAL/01 GPIO/DIO_program.o
 .ARM.attributes
                0x00000000000000a4       0x2d ./COTS/01 MCAL/03 EXTI/EXTI_program.o
 .ARM.attributes
                0x00000000000000d1       0x2d ./COTS/01 MCAL/04 STK/Delay_program.o
 .ARM.attributes
                0x00000000000000fe       0x2d ./COTS/01 MCAL/06 ADC/ADC_program.o
 .ARM.attributes
                0x000000000000012b       0x2d ./Src/main.o
 .ARM.attributes
                0x0000000000000158       0x21 ./Startup/startup_stm32f103c8tx.o
 .ARM.attributes
                0x0000000000000179       0x2d c:/st/stm32cubeide_1.12.1/stm32cubeide/plugins/com.st.stm32cube.ide.mcu.externaltools.gnu-tools-for-stm32.10.3-2021.10.win32_1.0.200.202301161003/tools/bin/../lib/gcc/arm-none-eabi/10.3.1/../../../../arm-none-eabi/lib/thumb/v7-m/nofp\libc_nano.a(lib_a-init.o)
 .ARM.attributes
                0x00000000000001a6       0x1d c:/st/stm32cubeide_1.12.1/stm32cubeide/plugins/com.st.stm32cube.ide.mcu.externaltools.gnu-tools-for-stm32.10.3-2021.10.win32_1.0.200.202301161003/tools/bin/../lib/gcc/arm-none-eabi/10.3.1/thumb/v7-m/nofp\libgcc.a(_arm_muldf3.o)
 .ARM.attributes
                0x00000000000001c3       0x1d c:/st/stm32cubeide_1.12.1/stm32cubeide/plugins/com.st.stm32cube.ide.mcu.externaltools.gnu-tools-for-stm32.10.3-2021.10.win32_1.0.200.202301161003/tools/bin/../lib/gcc/arm-none-eabi/10.3.1/thumb/v7-m/nofp\libgcc.a(_arm_addsubdf3.o)
 .ARM.attributes
                0x00000000000001e0       0x1d c:/st/stm32cubeide_1.12.1/stm32cubeide/plugins/com.st.stm32cube.ide.mcu.externaltools.gnu-tools-for-stm32.10.3-2021.10.win32_1.0.200.202301161003/tools/bin/../lib/gcc/arm-none-eabi/10.3.1/thumb/v7-m/nofp\libgcc.a(_arm_truncdfsf2.o)
 .ARM.attributes
                0x00000000000001fd       0x1d c:/st/stm32cubeide_1.12.1/stm32cubeide/plugins/com.st.stm32cube.ide.mcu.externaltools.gnu-tools-for-stm32.10.3-2021.10.win32_1.0.200.202301161003/tools/bin/../lib/gcc/arm-none-eabi/10.3.1/thumb/v7-m/nofp\libgcc.a(_arm_addsubsf3.o)
 .ARM.attributes
                0x000000000000021a       0x1d c:/st/stm32cubeide_1.12.1/stm32cubeide/plugins/com.st.stm32cube.ide.mcu.externaltools.gnu-tools-for-stm32.10.3-2021.10.win32_1.0.200.202301161003/tools/bin/../lib/gcc/arm-none-eabi/10.3.1/thumb/v7-m/nofp\libgcc.a(_arm_muldivsf3.o)
 .ARM.attributes
                0x0000000000000237       0x1d c:/st/stm32cubeide_1.12.1/stm32cubeide/plugins/com.st.stm32cube.ide.mcu.externaltools.gnu-tools-for-stm32.10.3-2021.10.win32_1.0.200.202301161003/tools/bin/../lib/gcc/arm-none-eabi/10.3.1/thumb/v7-m/nofp/crtn.o
OUTPUT(NTI_Layerd.elf elf32-littlearm)
LOAD linker stubs
LOAD c:/st/stm32cubeide_1.12.1/stm32cubeide/plugins/com.st.stm32cube.ide.mcu.externaltools.gnu-tools-for-stm32.10.3-2021.10.win32_1.0.200.202301161003/tools/bin/../lib/gcc/arm-none-eabi/10.3.1/../../../../arm-none-eabi/lib/thumb/v7-m/nofp\libc.a
LOAD c:/st/stm32cubeide_1.12.1/stm32cubeide/plugins/com.st.stm32cube.ide.mcu.externaltools.gnu-tools-for-stm32.10.3-2021.10.win32_1.0.200.202301161003/tools/bin/../lib/gcc/arm-none-eabi/10.3.1/../../../../arm-none-eabi/lib/thumb/v7-m/nofp\libm.a
LOAD c:/st/stm32cubeide_1.12.1/stm32cubeide/plugins/com.st.stm32cube.ide.mcu.externaltools.gnu-tools-for-stm32.10.3-2021.10.win32_1.0.200.202301161003/tools/bin/../lib/gcc/arm-none-eabi/10.3.1/thumb/v7-m/nofp\libgcc.a

.debug_info     0x0000000000000000      0x8eb
 .debug_info    0x0000000000000000      0x103 ./COTS/01 MCAL/00 RCC/RCC_program.o
 .debug_info    0x0000000000000103      0x1cc ./COTS/01 MCAL/01 GPIO/DIO_program.o
 .debug_info    0x00000000000002cf      0x222 ./COTS/01 MCAL/03 EXTI/EXTI_program.o
 .debug_info    0x00000000000004f1       0xab ./COTS/01 MCAL/04 STK/Delay_program.o
 .debug_info    0x000000000000059c      0x1f1 ./COTS/01 MCAL/06 ADC/ADC_program.o
 .debug_info    0x000000000000078d      0x13c ./Src/main.o
 .debug_info    0x00000000000008c9       0x22 ./Startup/startup_stm32f103c8tx.o

.debug_abbrev   0x0000000000000000      0x4b6
 .debug_abbrev  0x0000000000000000       0x83 ./COTS/01 MCAL/00 RCC/RCC_program.o
 .debug_abbrev  0x0000000000000083       0xc3 ./COTS/01 MCAL/01 GPIO/DIO_program.o
 .debug_abbrev  0x0000000000000146      0x121 ./COTS/01 MCAL/03 EXTI/EXTI_program.o
 .debug_abbrev  0x0000000000000267       0x78 ./COTS/01 MCAL/04 STK/Delay_program.o
 .debug_abbrev  0x00000000000002df       0xf2 ./COTS/01 MCAL/06 ADC/ADC_program.o
 .debug_abbrev  0x00000000000003d1       0xd3 ./Src/main.o
 .debug_abbrev  0x00000000000004a4       0x12 ./Startup/startup_stm32f103c8tx.o

.debug_aranges  0x0000000000000000      0x150
 .debug_aranges
                0x0000000000000000       0x30 ./COTS/01 MCAL/00 RCC/RCC_program.o
 .debug_aranges
                0x0000000000000030       0x40 ./COTS/01 MCAL/01 GPIO/DIO_program.o
 .debug_aranges
                0x0000000000000070       0x50 ./COTS/01 MCAL/03 EXTI/EXTI_program.o
 .debug_aranges
                0x00000000000000c0       0x20 ./COTS/01 MCAL/04 STK/Delay_program.o
 .debug_aranges
                0x00000000000000e0       0x28 ./COTS/01 MCAL/06 ADC/ADC_program.o
 .debug_aranges
                0x0000000000000108       0x20 ./Src/main.o
 .debug_aranges
                0x0000000000000128       0x28 ./Startup/startup_stm32f103c8tx.o

.debug_ranges   0x0000000000000000       0xe8
 .debug_ranges  0x0000000000000000       0x20 ./COTS/01 MCAL/00 RCC/RCC_program.o
 .debug_ranges  0x0000000000000020       0x30 ./COTS/01 MCAL/01 GPIO/DIO_program.o
 .debug_ranges  0x0000000000000050       0x40 ./COTS/01 MCAL/03 EXTI/EXTI_program.o
 .debug_ranges  0x0000000000000090       0x10 ./COTS/01 MCAL/04 STK/Delay_program.o
 .debug_ranges  0x00000000000000a0       0x18 ./COTS/01 MCAL/06 ADC/ADC_program.o
 .debug_ranges  0x00000000000000b8       0x10 ./Src/main.o
 .debug_ranges  0x00000000000000c8       0x20 ./Startup/startup_stm32f103c8tx.o

.debug_macro    0x0000000000000000      0x83f
 .debug_macro   0x0000000000000000       0x3f ./COTS/01 MCAL/00 RCC/RCC_program.o
 .debug_macro   0x000000000000003f       0x22 ./COTS/01 MCAL/00 RCC/RCC_program.o
 .debug_macro   0x0000000000000061       0x88 ./COTS/01 MCAL/00 RCC/RCC_program.o
 .debug_macro   0x00000000000000e9      0x17e ./COTS/01 MCAL/00 RCC/RCC_program.o
 .debug_macro   0x0000000000000267       0x4c ./COTS/01 MCAL/00 RCC/RCC_program.o
 .debug_macro   0x00000000000002b3       0x3f ./COTS/01 MCAL/01 GPIO/DIO_program.o
 .debug_macro   0x00000000000002f2       0xe2 ./COTS/01 MCAL/01 GPIO/DIO_program.o
 .debug_macro   0x00000000000003d4       0x9a ./COTS/01 MCAL/01 GPIO/DIO_program.o
 .debug_macro   0x000000000000046e       0x64 ./COTS/01 MCAL/03 EXTI/EXTI_program.o
 .debug_macro   0x00000000000004d2       0x22 ./COTS/01 MCAL/03 EXTI/EXTI_program.o
 .debug_macro   0x00000000000004f4       0x16 ./COTS/01 MCAL/03 EXTI/EXTI_program.o
 .debug_macro   0x000000000000050a       0x10 ./COTS/01 MCAL/03 EXTI/EXTI_program.o
 .debug_macro   0x000000000000051a       0x24 ./COTS/01 MCAL/04 STK/Delay_program.o
 .debug_macro   0x000000000000053e       0x4a ./COTS/01 MCAL/06 ADC/ADC_program.o
 .debug_macro   0x0000000000000588      0x1e3 ./COTS/01 MCAL/06 ADC/ADC_program.o
 .debug_macro   0x000000000000076b       0x64 ./COTS/01 MCAL/06 ADC/ADC_program.o
 .debug_macro   0x00000000000007cf       0x70 ./Src/main.o

.debug_line     0x0000000000000000      0xbf6
 .debug_line    0x0000000000000000      0x1cd ./COTS/01 MCAL/00 RCC/RCC_program.o
 .debug_line    0x00000000000001cd      0x2cf ./COTS/01 MCAL/01 GPIO/DIO_program.o
 .debug_line    0x000000000000049c      0x1f3 ./COTS/01 MCAL/03 EXTI/EXTI_program.o
 .debug_line    0x000000000000068f       0xbe ./COTS/01 MCAL/04 STK/Delay_program.o
 .debug_line    0x000000000000074d      0x166 ./COTS/01 MCAL/06 ADC/ADC_program.o
 .debug_line    0x00000000000008b3      0x2bf ./Src/main.o
 .debug_line    0x0000000000000b72       0x84 ./Startup/startup_stm32f103c8tx.o

.debug_str      0x0000000000000000     0x42f4
 .debug_str     0x0000000000000000     0x3568 ./COTS/01 MCAL/00 RCC/RCC_program.o
                                       0x35c7 (size before relaxing)
 .debug_str     0x0000000000003568      0x6e9 ./COTS/01 MCAL/01 GPIO/DIO_program.o
                                       0x3593 (size before relaxing)
 .debug_str     0x0000000000003c51      0x1e5 ./COTS/01 MCAL/03 EXTI/EXTI_program.o
                                       0x31ed (size before relaxing)
 .debug_str     0x0000000000003e36       0x2d ./COTS/01 MCAL/04 STK/Delay_program.o
                                       0x2dc7 (size before relaxing)
 .debug_str     0x0000000000003e63      0x414 ./COTS/01 MCAL/06 ADC/ADC_program.o
                                       0x31e1 (size before relaxing)
 .debug_str     0x0000000000004277       0x4c ./Src/main.o
                                       0x32fa (size before relaxing)
 .debug_str     0x00000000000042c3       0x31 ./Startup/startup_stm32f103c8tx.o
                                         0x4f (size before relaxing)

.comment        0x0000000000000000       0x50
 .comment       0x0000000000000000       0x50 ./COTS/01 MCAL/00 RCC/RCC_program.o
                                         0x51 (size before relaxing)
 .comment       0x0000000000000050       0x51 ./COTS/01 MCAL/01 GPIO/DIO_program.o
 .comment       0x0000000000000050       0x51 ./COTS/01 MCAL/03 EXTI/EXTI_program.o
 .comment       0x0000000000000050       0x51 ./COTS/01 MCAL/04 STK/Delay_program.o
 .comment       0x0000000000000050       0x51 ./COTS/01 MCAL/06 ADC/ADC_program.o
 .comment       0x0000000000000050       0x51 ./Src/main.o

.debug_frame    0x0000000000000000      0x4d8
 .debug_frame   0x0000000000000000       0x80 ./COTS/01 MCAL/00 RCC/RCC_program.o
 .debug_frame   0x0000000000000080       0xd8 ./COTS/01 MCAL/01 GPIO/DIO_program.o
 .debug_frame   0x0000000000000158      0x114 ./COTS/01 MCAL/03 EXTI/EXTI_program.o
 .debug_frame   0x000000000000026c       0x38 ./COTS/01 MCAL/04 STK/Delay_program.o
 .debug_frame   0x00000000000002a4       0x54 ./COTS/01 MCAL/06 ADC/ADC_program.o
 .debug_frame   0x00000000000002f8       0x30 ./Src/main.o
 .debug_frame   0x0000000000000328       0x2c c:/st/stm32cubeide_1.12.1/stm32cubeide/plugins/com.st.stm32cube.ide.mcu.externaltools.gnu-tools-for-stm32.10.3-2021.10.win32_1.0.200.202301161003/tools/bin/../lib/gcc/arm-none-eabi/10.3.1/../../../../arm-none-eabi/lib/thumb/v7-m/nofp\libc_nano.a(lib_a-init.o)
 .debug_frame   0x0000000000000354       0x30 c:/st/stm32cubeide_1.12.1/stm32cubeide/plugins/com.st.stm32cube.ide.mcu.externaltools.gnu-tools-for-stm32.10.3-2021.10.win32_1.0.200.202301161003/tools/bin/../lib/gcc/arm-none-eabi/10.3.1/thumb/v7-m/nofp\libgcc.a(_arm_muldf3.o)
 .debug_frame   0x0000000000000384       0xac c:/st/stm32cubeide_1.12.1/stm32cubeide/plugins/com.st.stm32cube.ide.mcu.externaltools.gnu-tools-for-stm32.10.3-2021.10.win32_1.0.200.202301161003/tools/bin/../lib/gcc/arm-none-eabi/10.3.1/thumb/v7-m/nofp\libgcc.a(_arm_addsubdf3.o)
 .debug_frame   0x0000000000000430       0x24 c:/st/stm32cubeide_1.12.1/stm32cubeide/plugins/com.st.stm32cube.ide.mcu.externaltools.gnu-tools-for-stm32.10.3-2021.10.win32_1.0.200.202301161003/tools/bin/../lib/gcc/arm-none-eabi/10.3.1/thumb/v7-m/nofp\libgcc.a(_arm_truncdfsf2.o)
 .debug_frame   0x0000000000000454       0x4c c:/st/stm32cubeide_1.12.1/stm32cubeide/plugins/com.st.stm32cube.ide.mcu.externaltools.gnu-tools-for-stm32.10.3-2021.10.win32_1.0.200.202301161003/tools/bin/../lib/gcc/arm-none-eabi/10.3.1/thumb/v7-m/nofp\libgcc.a(_arm_addsubsf3.o)
 .debug_frame   0x00000000000004a0       0x38 c:/st/stm32cubeide_1.12.1/stm32cubeide/plugins/com.st.stm32cube.ide.mcu.externaltools.gnu-tools-for-stm32.10.3-2021.10.win32_1.0.200.202301161003/tools/bin/../lib/gcc/arm-none-eabi/10.3.1/thumb/v7-m/nofp\libgcc.a(_arm_muldivsf3.o)
