19:50:41 **** Incremental Build of configuration Debug for project NTI_Layerd ****
make -j4 all 
arm-none-eabi-size   NTI_Layerd.elf 
   text	   data	    bss	    dec	    hex	filename
   1984	      8	   1568	   3560	    de8	NTI_Layerd.elf
Finished building: default.size.stdout
 
19:50:48 **** Incremental Build of configuration Debug for project NTI_Layerd ****
make -j4 all 
arm-none-eabi-size   NTI_Layerd.elf 
   text	   data	    bss	    dec	    hex	filename
   1984	      8	   1568	   3560	    de8	NTI_Layerd.elf
Finished building: default.size.stdout
 
19:51:48 **** Incremental Build of configuration Debug for project NTI_Layerd ****
make -j4 all 
arm-none-eabi-gcc "../Src/main.c" -mcpu=cortex-m3 -std=gnu11 -g3 -DDEBUG -DSTM32 -DSTM32F1 -DSTM32F103C8Tx -c -I"E:/NTI/STM32/NTI_Layerd/COTS/01 MCAL/01 GPIO" -I"E:/NTI/STM32/NTI_Layerd/COTS/00 LIB" -I"E:/NTI/STM32/NTI_Layerd/COTS/01 MCAL/00 RCC" -I"E:/NTI/STM32/NTI_Layerd/COTS/01 MCAL/02 NVIC" -I"E:/NTI/STM32/NTI_Layerd/COTS/02 ECU/LED" -I"E:/NTI/STM32/NTI_Layerd/COTS/02 ECU/Segment7" -I"E:/NTI/STM32/NTI_Layerd/COTS/01 MCAL/03 EXTI" -I"E:/NTI/STM32/NTI_Layerd/COTS/01 MCAL/05 DMA" -I"E:/NTI/STM32/NTI_Layerd/COTS/01 MCAL/04 STK" -I"E:/NTI/STM32/NTI_Layerd/COTS/01 MCAL/06 ADC" -I"E:/NTI/STM32/NTI_Layerd/Debug/COTS/02 ECU/LED" -I"E:/NTI/STM32/NTI_Layerd/COTS/02 ECU/BUZZER" -I"E:/NTI/STM32/NTI_Layerd/COTS/01 MCAL/07 USART" -I"E:/NTI/STM32/NTI_Layerd/COTS/01 MCAL/08 SPI" -I"E:/NTI/STM32/NTI_Layerd/COTS/01 MCAL/09 I2C" -O0 -ffunction-sections -fdata-sections -Wall -fstack-usage -fcyclomatic-complexity -MMD -MP -MF"Src/main.d" -MT"Src/main.o" --specs=nano.specs -mfloat-abi=soft -mthumb -o "Src/main.o"
../Src/main.c: In function 'main':
../Src/main.c:28:23: warning: unsigned conversion from 'int' to 'u8' {aka 'unsigned char'} changes value from '10100100' to '132' [-Woverflow]
   28 |  I2C1_voidSendAddress(10100100);
      |                       ^~~~~~~~
../Src/main.c:37:24: warning: unsigned conversion from 'int' to 'u8' {aka 'unsigned char'} changes value from '10100100' to '132' [-Woverflow]
   37 |   I2C1_voidSendAddress(10100100);
      |                        ^~~~~~~~
../Src/main.c:40:24: warning: unsigned conversion from 'int' to 'u8' {aka 'unsigned char'} changes value from '10100100' to '132' [-Woverflow]
   40 |   I2C1_voidSendAddress(10100100);
      |                        ^~~~~~~~
../Src/main.c:32:6: warning: variable 'readI2C' set but not used [-Wunused-but-set-variable]
   32 |  int readI2C = '\0';
      |      ^~~~~~~
arm-none-eabi-gcc -o "NTI_Layerd.elf" @"objects.list"   -mcpu=cortex-m3 -T"E:\NTI\STM32\NTI_Layerd\STM32F103C8TX_FLASH.ld" --specs=nosys.specs -Wl,-Map="NTI_Layerd.map" -Wl,--gc-sections -static --specs=nano.specs -mfloat-abi=soft -mthumb -Wl,--start-group -lc -lm -Wl,--end-group
Finished building target: NTI_Layerd.elf
 
arm-none-eabi-size   NTI_Layerd.elf 
arm-none-eabi-objdump -h -S  NTI_Layerd.elf  > "NTI_Layerd.list"
arm-none-eabi-objcopy  -O ihex  NTI_Layerd.elf  "NTI_Layerd.hex"
   text	   data	    bss	    dec	    hex	filename
   1984	      8	   1568	   3560	    de8	NTI_Layerd.elf
Finished building: default.size.stdout
 
Finished building: NTI_Layerd.list
Finished building: NTI_Layerd.hex
 
 
19:54:00 **** Incremental Build of configuration Debug for project NTI_Layerd ****
make -j4 all 
arm-none-eabi-size   NTI_Layerd.elf 
   text	   data	    bss	    dec	    hex	filename
   1984	      8	   1568	   3560	    de8	NTI_Layerd.elf
Finished building: default.size.stdout
 
19:58:21 **** Incremental Build of configuration Debug for project NTI_Layerd ****
make -j4 all 
arm-none-eabi-gcc "../COTS/01 MCAL/09 I2C/I2C_program.c" -mcpu=cortex-m3 -std=gnu11 -g3 -DDEBUG -DSTM32 -DSTM32F1 -DSTM32F103C8Tx -c -I"E:/NTI/STM32/NTI_Layerd/COTS/01 MCAL/01 GPIO" -I"E:/NTI/STM32/NTI_Layerd/COTS/00 LIB" -I"E:/NTI/STM32/NTI_Layerd/COTS/01 MCAL/00 RCC" -I"E:/NTI/STM32/NTI_Layerd/COTS/01 MCAL/02 NVIC" -I"E:/NTI/STM32/NTI_Layerd/COTS/02 ECU/LED" -I"E:/NTI/STM32/NTI_Layerd/COTS/02 ECU/Segment7" -I"E:/NTI/STM32/NTI_Layerd/COTS/01 MCAL/03 EXTI" -I"E:/NTI/STM32/NTI_Layerd/COTS/01 MCAL/05 DMA" -I"E:/NTI/STM32/NTI_Layerd/COTS/01 MCAL/04 STK" -I"E:/NTI/STM32/NTI_Layerd/COTS/01 MCAL/06 ADC" -I"E:/NTI/STM32/NTI_Layerd/Debug/COTS/02 ECU/LED" -I"E:/NTI/STM32/NTI_Layerd/COTS/02 ECU/BUZZER" -I"E:/NTI/STM32/NTI_Layerd/COTS/01 MCAL/07 USART" -I"E:/NTI/STM32/NTI_Layerd/COTS/01 MCAL/08 SPI" -I"E:/NTI/STM32/NTI_Layerd/COTS/01 MCAL/09 I2C" -O0 -ffunction-sections -fdata-sections -Wall -fstack-usage -fcyclomatic-complexity -MMD -MP -MF"COTS/01 MCAL/09 I2C/I2C_program.d" -MT"COTS/01 MCAL/09 I2C/I2C_program.o" --specs=nano.specs -mfloat-abi=soft -mthumb -o "COTS/01 MCAL/09 I2C/I2C_program.o"
arm-none-eabi-gcc -o "NTI_Layerd.elf" @"objects.list"   -mcpu=cortex-m3 -T"E:\NTI\STM32\NTI_Layerd\STM32F103C8TX_FLASH.ld" --specs=nosys.specs -Wl,-Map="NTI_Layerd.map" -Wl,--gc-sections -static --specs=nano.specs -mfloat-abi=soft -mthumb -Wl,--start-group -lc -lm -Wl,--end-group
Finished building target: NTI_Layerd.elf
 
arm-none-eabi-size   NTI_Layerd.elf 
arm-none-eabi-objdump -h -S  NTI_Layerd.elf  > "NTI_Layerd.list"
arm-none-eabi-objcopy  -O ihex  NTI_Layerd.elf  "NTI_Layerd.hex"
   text	   data	    bss	    dec	    hex	filename
   1984	      8	   1568	   3560	    de8	NTI_Layerd.elf
Finished building: default.size.stdout
 
Finished building: NTI_Layerd.hex
Finished building: NTI_Layerd.list
 
 
20:02:10 **** Incremental Build of configuration Debug for project NTI_Layerd ****
make -j4 all 
arm-none-eabi-gcc "../COTS/01 MCAL/09 I2C/I2C_program.c" -mcpu=cortex-m3 -std=gnu11 -g3 -DDEBUG -DSTM32 -DSTM32F1 -DSTM32F103C8Tx -c -I"E:/NTI/STM32/NTI_Layerd/COTS/01 MCAL/01 GPIO" -I"E:/NTI/STM32/NTI_Layerd/COTS/00 LIB" -I"E:/NTI/STM32/NTI_Layerd/COTS/01 MCAL/00 RCC" -I"E:/NTI/STM32/NTI_Layerd/COTS/01 MCAL/02 NVIC" -I"E:/NTI/STM32/NTI_Layerd/COTS/02 ECU/LED" -I"E:/NTI/STM32/NTI_Layerd/COTS/02 ECU/Segment7" -I"E:/NTI/STM32/NTI_Layerd/COTS/01 MCAL/03 EXTI" -I"E:/NTI/STM32/NTI_Layerd/COTS/01 MCAL/05 DMA" -I"E:/NTI/STM32/NTI_Layerd/COTS/01 MCAL/04 STK" -I"E:/NTI/STM32/NTI_Layerd/COTS/01 MCAL/06 ADC" -I"E:/NTI/STM32/NTI_Layerd/Debug/COTS/02 ECU/LED" -I"E:/NTI/STM32/NTI_Layerd/COTS/02 ECU/BUZZER" -I"E:/NTI/STM32/NTI_Layerd/COTS/01 MCAL/07 USART" -I"E:/NTI/STM32/NTI_Layerd/COTS/01 MCAL/08 SPI" -I"E:/NTI/STM32/NTI_Layerd/COTS/01 MCAL/09 I2C" -O0 -ffunction-sections -fdata-sections -Wall -fstack-usage -fcyclomatic-complexity -MMD -MP -MF"COTS/01 MCAL/09 I2C/I2C_program.d" -MT"COTS/01 MCAL/09 I2C/I2C_program.o" --specs=nano.specs -mfloat-abi=soft -mthumb -o "COTS/01 MCAL/09 I2C/I2C_program.o"
arm-none-eabi-gcc -o "NTI_Layerd.elf" @"objects.list"   -mcpu=cortex-m3 -T"E:\NTI\STM32\NTI_Layerd\STM32F103C8TX_FLASH.ld" --specs=nosys.specs -Wl,-Map="NTI_Layerd.map" -Wl,--gc-sections -static --specs=nano.specs -mfloat-abi=soft -mthumb -Wl,--start-group -lc -lm -Wl,--end-group
Finished building target: NTI_Layerd.elf
 
arm-none-eabi-size   NTI_Layerd.elf 
arm-none-eabi-objdump -h -S  NTI_Layerd.elf  > "NTI_Layerd.list"
arm-none-eabi-objcopy  -O ihex  NTI_Layerd.elf  "NTI_Layerd.hex"
   text	   data	    bss	    dec	    hex	filename
   1980	      8	   1568	   3556	    de4	NTI_Layerd.elf
Finished building: default.size.stdout
 
Finished building: NTI_Layerd.hex
Finished building: NTI_Layerd.list
 
 
20:03:26 **** Incremental Build of configuration Debug for project NTI_Layerd ****
make -j4 all 
arm-none-eabi-size   NTI_Layerd.elf 
   text	   data	    bss	    dec	    hex	filename
   1980	      8	   1568	   3556	    de4	NTI_Layerd.elf
Finished building: default.size.stdout
 
20:05:40 **** Incremental Build of configuration Debug for project NTI_Layerd ****
make -j4 all 
arm-none-eabi-gcc "../COTS/01 MCAL/09 I2C/I2C_program.c" -mcpu=cortex-m3 -std=gnu11 -g3 -DDEBUG -DSTM32 -DSTM32F1 -DSTM32F103C8Tx -c -I"E:/NTI/STM32/NTI_Layerd/COTS/01 MCAL/01 GPIO" -I"E:/NTI/STM32/NTI_Layerd/COTS/00 LIB" -I"E:/NTI/STM32/NTI_Layerd/COTS/01 MCAL/00 RCC" -I"E:/NTI/STM32/NTI_Layerd/COTS/01 MCAL/02 NVIC" -I"E:/NTI/STM32/NTI_Layerd/COTS/02 ECU/LED" -I"E:/NTI/STM32/NTI_Layerd/COTS/02 ECU/Segment7" -I"E:/NTI/STM32/NTI_Layerd/COTS/01 MCAL/03 EXTI" -I"E:/NTI/STM32/NTI_Layerd/COTS/01 MCAL/05 DMA" -I"E:/NTI/STM32/NTI_Layerd/COTS/01 MCAL/04 STK" -I"E:/NTI/STM32/NTI_Layerd/COTS/01 MCAL/06 ADC" -I"E:/NTI/STM32/NTI_Layerd/Debug/COTS/02 ECU/LED" -I"E:/NTI/STM32/NTI_Layerd/COTS/02 ECU/BUZZER" -I"E:/NTI/STM32/NTI_Layerd/COTS/01 MCAL/07 USART" -I"E:/NTI/STM32/NTI_Layerd/COTS/01 MCAL/08 SPI" -I"E:/NTI/STM32/NTI_Layerd/COTS/01 MCAL/09 I2C" -O0 -ffunction-sections -fdata-sections -Wall -fstack-usage -fcyclomatic-complexity -MMD -MP -MF"COTS/01 MCAL/09 I2C/I2C_program.d" -MT"COTS/01 MCAL/09 I2C/I2C_program.o" --specs=nano.specs -mfloat-abi=soft -mthumb -o "COTS/01 MCAL/09 I2C/I2C_program.o"
../COTS/01 MCAL/09 I2C/I2C_program.c:15:13: warning: 'Reset' defined but not used [-Wunused-function]
   15 | void static Reset(void)
      |             ^~~~~
arm-none-eabi-gcc -o "NTI_Layerd.elf" @"objects.list"   -mcpu=cortex-m3 -T"E:\NTI\STM32\NTI_Layerd\STM32F103C8TX_FLASH.ld" --specs=nosys.specs -Wl,-Map="NTI_Layerd.map" -Wl,--gc-sections -static --specs=nano.specs -mfloat-abi=soft -mthumb -Wl,--start-group -lc -lm -Wl,--end-group
Finished building target: NTI_Layerd.elf
 
arm-none-eabi-size   NTI_Layerd.elf 
arm-none-eabi-objdump -h -S  NTI_Layerd.elf  > "NTI_Layerd.list"
arm-none-eabi-objcopy  -O ihex  NTI_Layerd.elf  "NTI_Layerd.hex"
   text	   data	    bss	    dec	    hex	filename
   1968	      8	   1568	   3544	    dd8	NTI_Layerd.elf
Finished building: default.size.stdout
 
Finished building: NTI_Layerd.hex
Finished building: NTI_Layerd.list
 
 
20:06:44 **** Incremental Build of configuration Debug for project NTI_Layerd ****
make -j4 all 
arm-none-eabi-gcc "../COTS/01 MCAL/09 I2C/I2C_program.c" -mcpu=cortex-m3 -std=gnu11 -g3 -DDEBUG -DSTM32 -DSTM32F1 -DSTM32F103C8Tx -c -I"E:/NTI/STM32/NTI_Layerd/COTS/01 MCAL/01 GPIO" -I"E:/NTI/STM32/NTI_Layerd/COTS/00 LIB" -I"E:/NTI/STM32/NTI_Layerd/COTS/01 MCAL/00 RCC" -I"E:/NTI/STM32/NTI_Layerd/COTS/01 MCAL/02 NVIC" -I"E:/NTI/STM32/NTI_Layerd/COTS/02 ECU/LED" -I"E:/NTI/STM32/NTI_Layerd/COTS/02 ECU/Segment7" -I"E:/NTI/STM32/NTI_Layerd/COTS/01 MCAL/03 EXTI" -I"E:/NTI/STM32/NTI_Layerd/COTS/01 MCAL/05 DMA" -I"E:/NTI/STM32/NTI_Layerd/COTS/01 MCAL/04 STK" -I"E:/NTI/STM32/NTI_Layerd/COTS/01 MCAL/06 ADC" -I"E:/NTI/STM32/NTI_Layerd/Debug/COTS/02 ECU/LED" -I"E:/NTI/STM32/NTI_Layerd/COTS/02 ECU/BUZZER" -I"E:/NTI/STM32/NTI_Layerd/COTS/01 MCAL/07 USART" -I"E:/NTI/STM32/NTI_Layerd/COTS/01 MCAL/08 SPI" -I"E:/NTI/STM32/NTI_Layerd/COTS/01 MCAL/09 I2C" -O0 -ffunction-sections -fdata-sections -Wall -fstack-usage -fcyclomatic-complexity -MMD -MP -MF"COTS/01 MCAL/09 I2C/I2C_program.d" -MT"COTS/01 MCAL/09 I2C/I2C_program.o" --specs=nano.specs -mfloat-abi=soft -mthumb -o "COTS/01 MCAL/09 I2C/I2C_program.o"
arm-none-eabi-gcc -o "NTI_Layerd.elf" @"objects.list"   -mcpu=cortex-m3 -T"E:\NTI\STM32\NTI_Layerd\STM32F103C8TX_FLASH.ld" --specs=nosys.specs -Wl,-Map="NTI_Layerd.map" -Wl,--gc-sections -static --specs=nano.specs -mfloat-abi=soft -mthumb -Wl,--start-group -lc -lm -Wl,--end-group
Finished building target: NTI_Layerd.elf
 
arm-none-eabi-size   NTI_Layerd.elf 
arm-none-eabi-objdump -h -S  NTI_Layerd.elf  > "NTI_Layerd.list"
arm-none-eabi-objcopy  -O ihex  NTI_Layerd.elf  "NTI_Layerd.hex"
   text	   data	    bss	    dec	    hex	filename
   1984	      8	   1568	   3560	    de8	NTI_Layerd.elf
Finished building: default.size.stdout
 
Finished building: NTI_Layerd.list
 
Finished building: NTI_Layerd.hex
 
20:08:58 **** Incremental Build of configuration Debug for project NTI_Layerd ****
make -j4 all 
arm-none-eabi-gcc "../COTS/01 MCAL/09 I2C/I2C_program.c" -mcpu=cortex-m3 -std=gnu11 -g3 -DDEBUG -DSTM32 -DSTM32F1 -DSTM32F103C8Tx -c -I"E:/NTI/STM32/NTI_Layerd/COTS/01 MCAL/01 GPIO" -I"E:/NTI/STM32/NTI_Layerd/COTS/00 LIB" -I"E:/NTI/STM32/NTI_Layerd/COTS/01 MCAL/00 RCC" -I"E:/NTI/STM32/NTI_Layerd/COTS/01 MCAL/02 NVIC" -I"E:/NTI/STM32/NTI_Layerd/COTS/02 ECU/LED" -I"E:/NTI/STM32/NTI_Layerd/COTS/02 ECU/Segment7" -I"E:/NTI/STM32/NTI_Layerd/COTS/01 MCAL/03 EXTI" -I"E:/NTI/STM32/NTI_Layerd/COTS/01 MCAL/05 DMA" -I"E:/NTI/STM32/NTI_Layerd/COTS/01 MCAL/04 STK" -I"E:/NTI/STM32/NTI_Layerd/COTS/01 MCAL/06 ADC" -I"E:/NTI/STM32/NTI_Layerd/Debug/COTS/02 ECU/LED" -I"E:/NTI/STM32/NTI_Layerd/COTS/02 ECU/BUZZER" -I"E:/NTI/STM32/NTI_Layerd/COTS/01 MCAL/07 USART" -I"E:/NTI/STM32/NTI_Layerd/COTS/01 MCAL/08 SPI" -I"E:/NTI/STM32/NTI_Layerd/COTS/01 MCAL/09 I2C" -O0 -ffunction-sections -fdata-sections -Wall -fstack-usage -fcyclomatic-complexity -MMD -MP -MF"COTS/01 MCAL/09 I2C/I2C_program.d" -MT"COTS/01 MCAL/09 I2C/I2C_program.o" --specs=nano.specs -mfloat-abi=soft -mthumb -o "COTS/01 MCAL/09 I2C/I2C_program.o"
arm-none-eabi-gcc -o "NTI_Layerd.elf" @"objects.list"   -mcpu=cortex-m3 -T"E:\NTI\STM32\NTI_Layerd\STM32F103C8TX_FLASH.ld" --specs=nosys.specs -Wl,-Map="NTI_Layerd.map" -Wl,--gc-sections -static --specs=nano.specs -mfloat-abi=soft -mthumb -Wl,--start-group -lc -lm -Wl,--end-group
Finished building target: NTI_Layerd.elf
 
arm-none-eabi-size   NTI_Layerd.elf 
arm-none-eabi-objdump -h -S  NTI_Layerd.elf  > "NTI_Layerd.list"
arm-none-eabi-objcopy  -O ihex  NTI_Layerd.elf  "NTI_Layerd.hex"
   text	   data	    bss	    dec	    hex	filename
   1984	      8	   1568	   3560	    de8	NTI_Layerd.elf
Finished building: default.size.stdout
 
Finished building: NTI_Layerd.hex
Finished building: NTI_Layerd.list
 
 
20:10:51 **** Incremental Build of configuration Debug for project NTI_Layerd ****
make -j4 all 
arm-none-eabi-size   NTI_Layerd.elf 
   text	   data	    bss	    dec	    hex	filename
   1984	      8	   1568	   3560	    de8	NTI_Layerd.elf
Finished building: default.size.stdout
 
20:12:17 **** Incremental Build of configuration Debug for project NTI_Layerd ****
make -j4 all 
arm-none-eabi-size   NTI_Layerd.elf 
   text	   data	    bss	    dec	    hex	filename
   1984	      8	   1568	   3560	    de8	NTI_Layerd.elf
Finished building: default.size.stdout
 
20:15:10 **** Incremental Build of configuration Debug for project NTI_Layerd ****
make -j4 all 
arm-none-eabi-gcc "../COTS/01 MCAL/09 I2C/I2C_program.c" -mcpu=cortex-m3 -std=gnu11 -g3 -DDEBUG -DSTM32 -DSTM32F1 -DSTM32F103C8Tx -c -I"E:/NTI/STM32/NTI_Layerd/COTS/01 MCAL/01 GPIO" -I"E:/NTI/STM32/NTI_Layerd/COTS/00 LIB" -I"E:/NTI/STM32/NTI_Layerd/COTS/01 MCAL/00 RCC" -I"E:/NTI/STM32/NTI_Layerd/COTS/01 MCAL/02 NVIC" -I"E:/NTI/STM32/NTI_Layerd/COTS/02 ECU/LED" -I"E:/NTI/STM32/NTI_Layerd/COTS/02 ECU/Segment7" -I"E:/NTI/STM32/NTI_Layerd/COTS/01 MCAL/03 EXTI" -I"E:/NTI/STM32/NTI_Layerd/COTS/01 MCAL/05 DMA" -I"E:/NTI/STM32/NTI_Layerd/COTS/01 MCAL/04 STK" -I"E:/NTI/STM32/NTI_Layerd/COTS/01 MCAL/06 ADC" -I"E:/NTI/STM32/NTI_Layerd/Debug/COTS/02 ECU/LED" -I"E:/NTI/STM32/NTI_Layerd/COTS/02 ECU/BUZZER" -I"E:/NTI/STM32/NTI_Layerd/COTS/01 MCAL/07 USART" -I"E:/NTI/STM32/NTI_Layerd/COTS/01 MCAL/08 SPI" -I"E:/NTI/STM32/NTI_Layerd/COTS/01 MCAL/09 I2C" -O0 -ffunction-sections -fdata-sections -Wall -fstack-usage -fcyclomatic-complexity -MMD -MP -MF"COTS/01 MCAL/09 I2C/I2C_program.d" -MT"COTS/01 MCAL/09 I2C/I2C_program.o" --specs=nano.specs -mfloat-abi=soft -mthumb -o "COTS/01 MCAL/09 I2C/I2C_program.o"
arm-none-eabi-gcc -o "NTI_Layerd.elf" @"objects.list"   -mcpu=cortex-m3 -T"E:\NTI\STM32\NTI_Layerd\STM32F103C8TX_FLASH.ld" --specs=nosys.specs -Wl,-Map="NTI_Layerd.map" -Wl,--gc-sections -static --specs=nano.specs -mfloat-abi=soft -mthumb -Wl,--start-group -lc -lm -Wl,--end-group
Finished building target: NTI_Layerd.elf
 
arm-none-eabi-size   NTI_Layerd.elf 
arm-none-eabi-objdump -h -S  NTI_Layerd.elf  > "NTI_Layerd.list"
arm-none-eabi-objcopy  -O ihex  NTI_Layerd.elf  "NTI_Layerd.hex"
   text	   data	    bss	    dec	    hex	filename
   1968	      8	   1568	   3544	    dd8	NTI_Layerd.elf
Finished building: default.size.stdout
 
Finished building: NTI_Layerd.hex
Finished building: NTI_Layerd.list
 
 
20:17:31 **** Incremental Build of configuration Debug for project NTI_Layerd ****
make -j4 all 
arm-none-eabi-gcc "../COTS/01 MCAL/09 I2C/I2C_program.c" -mcpu=cortex-m3 -std=gnu11 -g3 -DDEBUG -DSTM32 -DSTM32F1 -DSTM32F103C8Tx -c -I"E:/NTI/STM32/NTI_Layerd/COTS/01 MCAL/01 GPIO" -I"E:/NTI/STM32/NTI_Layerd/COTS/00 LIB" -I"E:/NTI/STM32/NTI_Layerd/COTS/01 MCAL/00 RCC" -I"E:/NTI/STM32/NTI_Layerd/COTS/01 MCAL/02 NVIC" -I"E:/NTI/STM32/NTI_Layerd/COTS/02 ECU/LED" -I"E:/NTI/STM32/NTI_Layerd/COTS/02 ECU/Segment7" -I"E:/NTI/STM32/NTI_Layerd/COTS/01 MCAL/03 EXTI" -I"E:/NTI/STM32/NTI_Layerd/COTS/01 MCAL/05 DMA" -I"E:/NTI/STM32/NTI_Layerd/COTS/01 MCAL/04 STK" -I"E:/NTI/STM32/NTI_Layerd/COTS/01 MCAL/06 ADC" -I"E:/NTI/STM32/NTI_Layerd/Debug/COTS/02 ECU/LED" -I"E:/NTI/STM32/NTI_Layerd/COTS/02 ECU/BUZZER" -I"E:/NTI/STM32/NTI_Layerd/COTS/01 MCAL/07 USART" -I"E:/NTI/STM32/NTI_Layerd/COTS/01 MCAL/08 SPI" -I"E:/NTI/STM32/NTI_Layerd/COTS/01 MCAL/09 I2C" -O0 -ffunction-sections -fdata-sections -Wall -fstack-usage -fcyclomatic-complexity -MMD -MP -MF"COTS/01 MCAL/09 I2C/I2C_program.d" -MT"COTS/01 MCAL/09 I2C/I2C_program.o" --specs=nano.specs -mfloat-abi=soft -mthumb -o "COTS/01 MCAL/09 I2C/I2C_program.o"
arm-none-eabi-gcc -o "NTI_Layerd.elf" @"objects.list"   -mcpu=cortex-m3 -T"E:\NTI\STM32\NTI_Layerd\STM32F103C8TX_FLASH.ld" --specs=nosys.specs -Wl,-Map="NTI_Layerd.map" -Wl,--gc-sections -static --specs=nano.specs -mfloat-abi=soft -mthumb -Wl,--start-group -lc -lm -Wl,--end-group
Finished building target: NTI_Layerd.elf
 
arm-none-eabi-size   NTI_Layerd.elf 
arm-none-eabi-objdump -h -S  NTI_Layerd.elf  > "NTI_Layerd.list"
arm-none-eabi-objcopy  -O ihex  NTI_Layerd.elf  "NTI_Layerd.hex"
   text	   data	    bss	    dec	    hex	filename
   1968	      8	   1568	   3544	    dd8	NTI_Layerd.elf
Finished building: default.size.stdout
 
Finished building: NTI_Layerd.hex
 
Finished building: NTI_Layerd.list
 
20:18:17 **** Incremental Build of configuration Debug for project NTI_Layerd ****
make -j4 all 
arm-none-eabi-size   NTI_Layerd.elf 
   text	   data	    bss	    dec	    hex	filename
   1968	      8	   1568	   3544	    dd8	NTI_Layerd.elf
Finished building: default.size.stdout
 
20:20:14 **** Incremental Build of configuration Debug for project NTI_Layerd ****
make -j4 all 
arm-none-eabi-size   NTI_Layerd.elf 
   text	   data	    bss	    dec	    hex	filename
   1968	      8	   1568	   3544	    dd8	NTI_Layerd.elf
Finished building: default.size.stdout
 
20:26:21 **** Incremental Build of configuration Debug for project NTI_Layerd ****
make -j4 all 
arm-none-eabi-gcc "../COTS/01 MCAL/09 I2C/I2C_program.c" -mcpu=cortex-m3 -std=gnu11 -g3 -DDEBUG -DSTM32 -DSTM32F1 -DSTM32F103C8Tx -c -I"E:/NTI/STM32/NTI_Layerd/COTS/01 MCAL/01 GPIO" -I"E:/NTI/STM32/NTI_Layerd/COTS/00 LIB" -I"E:/NTI/STM32/NTI_Layerd/COTS/01 MCAL/00 RCC" -I"E:/NTI/STM32/NTI_Layerd/COTS/01 MCAL/02 NVIC" -I"E:/NTI/STM32/NTI_Layerd/COTS/02 ECU/LED" -I"E:/NTI/STM32/NTI_Layerd/COTS/02 ECU/Segment7" -I"E:/NTI/STM32/NTI_Layerd/COTS/01 MCAL/03 EXTI" -I"E:/NTI/STM32/NTI_Layerd/COTS/01 MCAL/05 DMA" -I"E:/NTI/STM32/NTI_Layerd/COTS/01 MCAL/04 STK" -I"E:/NTI/STM32/NTI_Layerd/COTS/01 MCAL/06 ADC" -I"E:/NTI/STM32/NTI_Layerd/Debug/COTS/02 ECU/LED" -I"E:/NTI/STM32/NTI_Layerd/COTS/02 ECU/BUZZER" -I"E:/NTI/STM32/NTI_Layerd/COTS/01 MCAL/07 USART" -I"E:/NTI/STM32/NTI_Layerd/COTS/01 MCAL/08 SPI" -I"E:/NTI/STM32/NTI_Layerd/COTS/01 MCAL/09 I2C" -O0 -ffunction-sections -fdata-sections -Wall -fstack-usage -fcyclomatic-complexity -MMD -MP -MF"COTS/01 MCAL/09 I2C/I2C_program.d" -MT"COTS/01 MCAL/09 I2C/I2C_program.o" --specs=nano.specs -mfloat-abi=soft -mthumb -o "COTS/01 MCAL/09 I2C/I2C_program.o"
arm-none-eabi-gcc -o "NTI_Layerd.elf" @"objects.list"   -mcpu=cortex-m3 -T"E:\NTI\STM32\NTI_Layerd\STM32F103C8TX_FLASH.ld" --specs=nosys.specs -Wl,-Map="NTI_Layerd.map" -Wl,--gc-sections -static --specs=nano.specs -mfloat-abi=soft -mthumb -Wl,--start-group -lc -lm -Wl,--end-group
Finished building target: NTI_Layerd.elf
 
arm-none-eabi-size   NTI_Layerd.elf 
arm-none-eabi-objdump -h -S  NTI_Layerd.elf  > "NTI_Layerd.list"
arm-none-eabi-objcopy  -O ihex  NTI_Layerd.elf  "NTI_Layerd.hex"
   text	   data	    bss	    dec	    hex	filename
   1968	      8	   1568	   3544	    dd8	NTI_Layerd.elf
Finished building: default.size.stdout
 
Finished building: NTI_Layerd.hex
Finished building: NTI_Layerd.list
 
 
20:29:52 **** Incremental Build of configuration Debug for project NTI_Layerd ****
make -j4 all 
arm-none-eabi-gcc "../COTS/01 MCAL/09 I2C/I2C_program.c" -mcpu=cortex-m3 -std=gnu11 -g3 -DDEBUG -DSTM32 -DSTM32F1 -DSTM32F103C8Tx -c -I"E:/NTI/STM32/NTI_Layerd/COTS/01 MCAL/01 GPIO" -I"E:/NTI/STM32/NTI_Layerd/COTS/00 LIB" -I"E:/NTI/STM32/NTI_Layerd/COTS/01 MCAL/00 RCC" -I"E:/NTI/STM32/NTI_Layerd/COTS/01 MCAL/02 NVIC" -I"E:/NTI/STM32/NTI_Layerd/COTS/02 ECU/LED" -I"E:/NTI/STM32/NTI_Layerd/COTS/02 ECU/Segment7" -I"E:/NTI/STM32/NTI_Layerd/COTS/01 MCAL/03 EXTI" -I"E:/NTI/STM32/NTI_Layerd/COTS/01 MCAL/05 DMA" -I"E:/NTI/STM32/NTI_Layerd/COTS/01 MCAL/04 STK" -I"E:/NTI/STM32/NTI_Layerd/COTS/01 MCAL/06 ADC" -I"E:/NTI/STM32/NTI_Layerd/Debug/COTS/02 ECU/LED" -I"E:/NTI/STM32/NTI_Layerd/COTS/02 ECU/BUZZER" -I"E:/NTI/STM32/NTI_Layerd/COTS/01 MCAL/07 USART" -I"E:/NTI/STM32/NTI_Layerd/COTS/01 MCAL/08 SPI" -I"E:/NTI/STM32/NTI_Layerd/COTS/01 MCAL/09 I2C" -O0 -ffunction-sections -fdata-sections -Wall -fstack-usage -fcyclomatic-complexity -MMD -MP -MF"COTS/01 MCAL/09 I2C/I2C_program.d" -MT"COTS/01 MCAL/09 I2C/I2C_program.o" --specs=nano.specs -mfloat-abi=soft -mthumb -o "COTS/01 MCAL/09 I2C/I2C_program.o"
arm-none-eabi-gcc -o "NTI_Layerd.elf" @"objects.list"   -mcpu=cortex-m3 -T"E:\NTI\STM32\NTI_Layerd\STM32F103C8TX_FLASH.ld" --specs=nosys.specs -Wl,-Map="NTI_Layerd.map" -Wl,--gc-sections -static --specs=nano.specs -mfloat-abi=soft -mthumb -Wl,--start-group -lc -lm -Wl,--end-group
Finished building target: NTI_Layerd.elf
 
arm-none-eabi-size   NTI_Layerd.elf 
arm-none-eabi-objdump -h -S  NTI_Layerd.elf  > "NTI_Layerd.list"
arm-none-eabi-objcopy  -O ihex  NTI_Layerd.elf  "NTI_Layerd.hex"
   text	   data	    bss	    dec	    hex	filename
   1956	      8	   1568	   3532	    dcc	NTI_Layerd.elf
Finished building: default.size.stdout
 
Finished building: NTI_Layerd.hex
Finished building: NTI_Layerd.list
 
 
20:30:32 **** Incremental Build of configuration Debug for project NTI_Layerd ****
make -j4 all 
arm-none-eabi-size   NTI_Layerd.elf 
   text	   data	    bss	    dec	    hex	filename
   1956	      8	   1568	   3532	    dcc	NTI_Layerd.elf
Finished building: default.size.stdout
 
