01:14:21 **** Incremental Build of configuration Debug for project MY_DRIVER ****
make -j4 all 
arm-none-eabi-gcc "../COTS/01MCAL/02NVIC/NVIC_program.c" -mcpu=cortex-m3 -std=gnu11 -g3 -DDEBUG -DSTM32 -DSTM32F1 -DSTM32F103C8Tx -c -I../Inc -I"E:/NTI/STM32/MY_DRIVER/COTS/00LIB" -I"E:/NTI/STM32/MY_DRIVER/COTS/01MCAL/00RCC" -I"E:/NTI/STM32/MY_DRIVER/COTS/01MCAL/01GPIO" -I"E:/NTI/STM32/MY_DRIVER/COTS/02ECU/BUZZER" -I"E:/NTI/STM32/MY_DRIVER/COTS/02ECU/LED" -I"E:/NTI/STM32/MY_DRIVER/COTS/02ECU/Segment7" -I"E:/NTI/STM32/MY_DRIVER/COTS/01MCAL/Delay" -I"E:/NTI/STM32/MY_DRIVER/COTS/02ECU/LCD" -I"E:/NTI/STM32/MY_DRIVER/COTS/02ECU/KEYPAD" -I"E:/NTI/STM32/MY_DRIVER/COTS/02ECU/PROXIMITY" -I"E:/NTI/STM32/MY_DRIVER/COTS/01MCAL/02NVIC" -O0 -ffunction-sections -fdata-sections -Wall -fstack-usage -fcyclomatic-complexity -MMD -MP -MF"COTS/01MCAL/02NVIC/NVIC_program.d" -MT"COTS/01MCAL/02NVIC/NVIC_program.o" --specs=nano.specs -mfloat-abi=soft -mthumb -o "COTS/01MCAL/02NVIC/NVIC_program.o"
arm-none-eabi-gcc -o "MY_DRIVER.elf" @"objects.list"   -mcpu=cortex-m3 -T"E:\NTI\STM32\MY_DRIVER\STM32F103C8TX_FLASH.ld" --specs=nosys.specs -Wl,-Map="MY_DRIVER.map" -Wl,--gc-sections -static --specs=nano.specs -mfloat-abi=soft -mthumb -Wl,--start-group -lc -lm -Wl,--end-group
Finished building target: MY_DRIVER.elf
 
arm-none-eabi-size   MY_DRIVER.elf 
arm-none-eabi-objdump -h -S  MY_DRIVER.elf  > "MY_DRIVER.list"
   text	   data	    bss	    dec	    hex	filename
   1904	      8	   1568	   3480	    d98	MY_DRIVER.elf
Finished building: default.size.stdout
 
Finished building: MY_DRIVER.list
 

01:14:22 Build Finished. 0 errors, 0 warnings. (took 1s.205ms)

