03:26:48 **** Incremental Build of configuration Debug for project MY_STM ****
make -j4 all 
arm-none-eabi-gcc "../03APP/main.c" -mcpu=cortex-m3 -std=gnu11 -g3 -DDEBUG -DSTM32 -DSTM32F1 -DSTM32F103C8Tx -c -I../Inc -I"E:/NTI/STM32/MY_STM" -O0 -ffunction-sections -fdata-sections -Wall -fstack-usage -fcyclomatic-complexity -MMD -MP -MF"03APP/main.d" -MT"03APP/main.o" --specs=nano.specs -mfloat-abi=soft -mthumb -o "03APP/main.o"
arm-none-eabi-gcc -o "MY_STM.elf" @"objects.list"   -mcpu=cortex-m3 -T"E:\NTI\STM32\MY_STM\STM32F103C8TX_FLASH.ld" --specs=nosys.specs -Wl,-Map="MY_STM.map" -Wl,--gc-sections -static -L"E:\NTI\STM32\MY_STM\00LIB" --specs=nano.specs -mfloat-abi=soft -mthumb -Wl,--start-group -lc -lm -Wl,--end-group
c:\st\stm32cubeide_1.12.1\stm32cubeide\plugins\com.st.stm32cube.ide.mcu.externaltools.gnu-tools-for-stm32.10.3-2021.10.win32_1.0.200.202301161003\tools\arm-none-eabi\bin\ld.exe: warning: cannot find entry symbol Reset_Handler; defaulting to 0000000008000000
Finished building target: MY_STM.elf
 
arm-none-eabi-size   MY_STM.elf 
arm-none-eabi-objdump -h -S  MY_STM.elf  > "MY_STM.list"
   text	   data	    bss	    dec	    hex	filename
     88	      8	   1568	   1664	    680	MY_STM.elf
Finished building: default.size.stdout
 
Finished building: MY_STM.list
 

03:26:49 Build Finished. 0 errors, 1 warnings. (took 720ms)

